******************************************************************************
                  TI ARM Linker Unix v15.12.1                  
******************************************************************************
>> Linked Wed Oct 26 16:35:38 2016

OUTPUT FILE NAME:   <out/ipu/release/ipu.xem4>
ENTRY POINT SYMBOL: "ti_sysbios_family_arm_ducati_smp_Power_reset"  address: 00000011


MEMORY CONFIGURATION

         name            origin    length      used     unused   attr    fill
----------------------  --------  ---------  --------  --------  ----  --------
  L2_ROM                00000000   00004000  00000630  000039d0  RWIX
  EXT_CODE              00004000   005fc000  00352258  002a9da8  RW X
  L2_RAM                20000000   00010000  00000000  00010000  RWIX
  OCMC_RAM1             40300000   00080000  00000000  00080000  RWIX
  OCMC_RAM2             40400000   00100000  00000000  00100000  RWIX
  OCMC_RAM3             40500000   00100000  00000000  00100000  RWIX
  EXT_DATA              80000000   00200000  00058a7c  001a7584  RW  
  EXT_HEAP              80200000   02900000  02800000  00100000  RW  
  TRACE_BUF             9f000000   00060000  00008000  00058000  RW  
  EXC_DATA              9f060000   00010000  00000200  0000fe00  RW  
  PM_DATA               9f070000   00020000  0001027c  0000fd84  RW X


SEGMENT ALLOCATION MAP

run origin  load origin   length   init length attrs members
----------  ----------- ---------- ----------- ----- -------
00000000    00000000    000000e0   000000e0    r-x
  00000000    00000000    000000e0   000000e0    r-x .ducatiPowerBoot
00000400    00000400    00000140   00000140    r--
  00000400    00000400    00000140   00000140    r-- .resetVecs
00003000    00003000    00000410   00000410    rw-
  00003000    00003000    00000410   00000410    rw- .resource_table
00004000    00004000    00352260   00352260    r-x
  00004000    00004000    002fcb3a   002fcb3a    r-- .const
  00300b3c    00300b3c    00000004   00000004    r-- .const:ti_sysbios_hal_ammu_AMMU_numLargePages__C
  00300b40    00300b40    0004acbc   0004acbc    r-x .text.1
  0034b7fc    0034b7fc    00000004   00000004    r-- .const:ti_sysbios_hal_ammu_AMMU_numLinePages__C
  0034b800    0034b800    0000002c   0000002c    r-x .text.2
  0034b82c    0034b82c    00000004   00000004    r-- .const:ti_sysbios_hal_ammu_AMMU_numMediumPages__C
  0034b830    0034b830    000002c4   000002c4    r-x .text.3
  0034baf4    0034baf4    00000004   00000004    r-- .const:ti_sysbios_hal_ammu_AMMU_numSmallPages__C
  0034baf8    0034baf8    00001f5a   00001f5a    r-x .text.4
  0034da54    0034da54    000004b8   000004b8    r-- .const:ti_sysbios_hal_ammu_AMMU_mmuInitConfig__C
  0034df10    0034df10    00008350   00008350    r-- .cinit
80000000    80000000    00058a7c   00000000    rw-
  80000000    80000000    0004f784   00000000    rw- .bss
  8004f784    8004f784    000082f8   00000000    rw- .data
  80057a7c    80057a7c    00001000   00000000    rw- .stack
80200000    80200000    02800000   00000000    rw-
  80200000    80200000    02800000   00000000    rw- .systemHeap
9f000000    9f000000    00008000   00000000    rw-
  9f000000    9f000000    00008000   00000000    rw- .tracebuf
9f060000    9f060000    00000200   00000000    rw-
  9f060000    9f060000    00000200   00000000    rw- .errorbuf
9f070000    9f070000    0001027c   00000000    rw-
  9f070000    9f070000    0001027c   00000000    rw- .ti_sysbios_family_arm_ducati_smp_Power


SECTION ALLOCATION MAP

 output                                  attributes/
section   page    origin      length       input sections
--------  ----  ----------  ----------   ----------------
.bss       0    80000000    0004f784     UNINITIALIZED
                  80000000    00040000     (.common:ti_sysbios_heaps_HeapBuf_Instance_State_0_buf__A)
                  80040000    0000c000     ipu_pem4.oem4 (.bss:taskStackSection)
                  8004c000    00001000     (.common:ti_sysbios_family_arm_ducati_Core_Module_State_0_core1HwiStack__A)
                  8004d000    00001000     (.common:ti_sysbios_family_arm_m3_Hwi_vnvic)
                  8004e000    00000800     (.common:Tuples)
                  8004e800    000007c0     (.common:serviceDefs)
                  8004efc0    00000210     ti.srvmgr_smp.aem4 : ServiceMgr.oem4 (.bss:serviceTasks)
                  8004f1d0    00000140     (.common:ti_sysbios_family_arm_m3_Hwi_dispatchTable)
                  8004f310    00000120     rtsv7M4_T_le_eabi.lib : trgmsg.obj (.bss:_CIOBUF_)
                  8004f430    000000a0     (.common:__TI_tmpnams)
                  8004f4d0    00000050     dskt2.aem4 : dskt2_lock.oem4 (.bss:_DSKT2_yieldingContext)
                  8004f520    00000050                : dskt2_lock.oem4 (.bss:_locks)
                  8004f570    0000002c     (.common:RMAN_TABLE)
                  8004f59c    00000024     ce.aem4 : Engine.oem4 (.bss)
                  8004f5c0    00000018     (.common:RMAN_FREE_ENTRIES)
                  8004f5d8    00000018     (.common:_RMAN_internalState$2)
                  8004f5f0    00000014     ti.pm_smp_vayu.aem4 : IpcPower.oem4 (.bss:PowerSuspArgs)
                  8004f604    00000014     ce.aem4 : Server.oem4 (.bss)
                  8004f618    00000014     (.common:IRESMAN_HDVICP2_DEFAULTPARAM)
                  8004f62c    0000000c     Algorithm_BIOS.aem4 : Algorithm_BIOS.oem4 (.bss)
                  8004f638    0000000c     XdmUtils.aem4 : XdmUtils.oem4 (.bss)
                  8004f644    0000000c     ce.aem4 : visa.oem4 (.bss)
                  8004f650    0000000c     cesettings.aem4 : CESettings.oem4 (.bss)
                  8004f65c    0000000c     ipc_bios_nomsg.aem4 : Processor_noOS.oem4 (.bss)
                  8004f668    0000000c     osal.aem4 : Global_BIOS.oem4 (.bss)
                  8004f674    0000000c               : Loader_noOS.oem4 (.bss)
                  8004f680    0000000c               : Memory_BIOS.oem4 (.bss)
                  8004f68c    0000000c     ti.pm_smp_vayu.aem4 : IpcPower.oem4 (.bss)
                  8004f698    0000000c     viddec3.aem4 : viddec3.oem4 (.bss)
                  8004f6a4    0000000c     videnc2.aem4 : videnc2.oem4 (.bss)
                  8004f6b0    0000000c     (.common:ti_grcm_RcmServer__Desc)
                  8004f6bc    0000000c     (.common:ti_sdo_fc_dskt2_desc)
                  8004f6c8    0000000c     (.common:ti_sdo_fc_ires_hdvicp2_desc)
                  8004f6d4    0000000c     (.common:ti_sdo_fc_ires_nullres_desc)
                  8004f6e0    0000000c     (.common:ti_sdo_fc_rman_desc)
                  8004f6ec    0000000c     (.common:ti_sdo_fc_settings_desc)
                  8004f6f8    00000008     ipu_pem4.oem4 (.bss:_entries$1)
                  8004f700    00000008     ipu_pem4.oem4 (.bss:_params$2)
                  8004f708    00000008     ipu.aem4 : iresman_tiledmemory.oem4 (.bss)
                  8004f710    00000008     rtsv7M4_T_le_eabi.lib : trgdrv.obj (.bss:parmbuf)
                  8004f718    00000008     ti.trace_smp.aem4 : SysMin.oem4 (.bss)
                  8004f720    00000008     ti.pm_smp_vayu.aem4 : IpcPower.oem4 (.bss:wugenEvtMask)
                  8004f728    00000008     (.common:_DSKT2_scratchDescTbl)
                  8004f730    00000008     (.common:_resmanInternalState)
                  8004f738    00000008     (.common:ti_sysbios_knl_Task_Instance_State_0_hookEnv__A)
                  8004f740    00000008     (.common:ti_sysbios_knl_Task_Instance_State_1_hookEnv__A)
                  8004f748    00000008     (.common:ti_sysbios_knl_Task_Instance_State_2_hookEnv__A)
                  8004f750    00000008     (.common:ti_sysbios_knl_Task_Instance_State_3_hookEnv__A)
                  8004f758    00000006     (.common:resTable)
                  8004f75e    00000002     --HOLE--
                  8004f760    00000004     (.common:DSKT2_allowExternalScratch)
                  8004f764    00000004     (.common:_FC_heap)
                  8004f768    00000004     (.common:_resmanInternalState)
                  8004f76c    00000004     (.common:allocFxn)
                  8004f770    00000004     (.common:freeFxn)
                  8004f774    00000004     (.common:ti_sdo_ce_osal_Memory_heapList)
                  8004f778    00000004     (.common:ti_sdo_fc_ires_hdvicp_HDVICP2_semArray)
                  8004f77c    00000004     (.common:ti_sysbios_knl_Swi_Instance_State_0_hookEnv__A)
                  8004f780    00000004     (.common:ti_sysbios_knl_Swi_Instance_State_1_hookEnv__A)

.neardata 
*          0    8004f784    00000000     UNINITIALIZED

.rodata    0    8004f784    00000000     UNINITIALIZED

.stack     0    80057a7c    00001000     UNINITIALIZED
                  80057a7c    00001000     --HOLE--

.cinit     0    0034df10    00008350     
                  0034df10    00008300     (.cinit..data.load) [load image]
                  00356210    00000008     (.cinit..bss.load) [load image, compression = zero_init]
                  00356218    00000008     (.cinit..errorbuf.load) [load image, compression = zero_init]
                  00356220    00000008     (.cinit..ti_sysbios_family_arm_ducati_smp_Power.load) [load image, compression = zero_init]
                  00356228    00000008     (.cinit..tracebuf.load) [load image, compression = zero_init]
                  00356230    00000008     (__TI_handler_table)
                  00356238    00000028     (__TI_cinit_table)

.init_array 
*          0    00004000    00000000     UNINITIALIZED

.bootVecs 
*          0    00000000    00000008     DSECT
                  00000000    00000008     boot.aem4 : boot.oem4 (.bootVecs)

.vecs      0    00000400    00000000     DSECT

.ducatiPowerBoot 
*          0    00000000    000000e0     
                  00000000    000000e0     sysbios.aem4 : smp_Power_resumeCpu.obj (.ducatiPowerBoot)

.resetVecs 
*          0    00000400    00000140     
                  00000400    00000140     ipu_pem4.oem4 (.resetVecs)

.resource_table 
*          0    00003000    00000410     
                  00003000    00000410     main.oem4 (.resource_table)

.const     0    00004000    002fcb3a     
                  00004000    00093b90     h264enc_ti_host.lib : h264enc_ti_const.obj (.const:H264ENC_TI_dSect1)
                  00097b90    0004d910     h264vdec_ti.lib : h264vdec_ti_constantmatrices.obj (.const:H264VDEC_TI_dSect1)
                  000e54a0    0003f268     jpegvdec_ti_host.lib : jpegvdec_ti_host.o (.const:load_data:init)
                  00124708    0003c888     mpeg2vdec_ti_host.lib : mpeg2vdec_ti_host.o (.const:load_data:init)
                  00160f90    0000aa30     mpeg4vdec_ti_host.lib : mpeg4vdec_ti_table.obj (.const:statictable)
                  0016b9c0    00007fcc     mpeg4venc_ti_host.lib : mpeg4enc_ti_process.obj (.const:MPEG4VENC_TI_ICONT1_DEBUGTRACE_LEVEL1_DataSect1)
                  0017398c    00007fb4                           : mpeg4enc_ti_process.obj (.const:MPEG4VENC_TI_ICONT2_DataSect1)
                  0017b940    00007f94     mpeg4vdec_ti_host.lib : mpeg4vdec_ti_datatransfer.obj (.const:MPEG4VDEC_TI_ICONT1_DEBUGTRACELEVEL1_DataSect3)
                  001838d4    00007f80     vc1vdec_ti_host_M3.lib : vc1vdec_ti_ialg.obj (.const:ILF3PStackMem)
                  0018b854    00007f58     mpeg4vdec_ti_host.lib : mpeg4vdec_ti_datatransfer.obj (.const:MPEG4VDEC_TI_ICONT1_DEBUGTRACELEVEL2_DataSect3)
                  001937ac    00007f4c                           : mpeg4vdec_ti_datatransfer.obj (.const:MPEG4VDEC_TI_ICONT1_DataSect3)
                  0019b6f8    00007f40     mpeg4venc_ti_host.lib : mpeg4enc_ti_process.obj (.const:MPEG4VENC_TI_ICONT1_DataSect1)
                  001a3638    00007f14     h264enc_ti_host.lib : h264enc_ti_process.obj (.const:H264ENC_TI_ICONT1_DataSect0)
                  001ab54c    00007efc     vc1vdec_ti_host_M3.lib : vc1vdec_ti_data_transfer.obj (.const:VC1VDEC_TI_LEVEL1_ICONT1DataSect1)
                  001b3448    00007ed8     mpeg4vdec_ti_host.lib : mpeg4vdec_ti_datatransfer.obj (.const:MPEG4VDEC_TI_ICONT1_DEBUGTRACELEVEL2_DataSect1)
                  001bb320    00007eb0     mpeg4venc_ti_host.lib : mpeg4enc_ti_process.obj (.const:MPEG4VENC_TI_ICONT2_DEBUGTRACE_LEVEL1_DataSect1)
                  001c31d0    00007e94     vc1vdec_ti_host_M3.lib : vc1vdec_ti_data_transfer.obj (.const:VC1VDEC_TI_LEVEL3_ICONT1DataSect1)
                  001cb064    00007e78     mpeg4vdec_ti_host.lib : mpeg4vdec_ti_datatransfer.obj (.const:MPEG4VDEC_TI_ICONT1_DEBUGTRACELEVEL1_DataSect1)
                  001d2edc    00007e70     vc1vdec_ti_host_M3.lib : vc1vdec_ti_data_transfer.obj (.const:VC1VDEC_TI_LEVEL3_ICONT2DataSect1)
                  001dad4c    00007e58                            : vc1vdec_ti_data_transfer.obj (.const:VC1VDEC_TI_LEVEL4_ICONT1DataSect1)
                  001e2ba4    00007e50                            : vc1vdec_ti_data_transfer.obj (.const:VC1VDEC_TI_LEVEL2_ICONT1DataSect1)
                  001ea9f4    00007e14                            : vc1vdec_ti_data_transfer.obj (.const:VC1VDEC_TI_ICONT1DataSect1)
                  001f2808    00007dd0     mpeg4vdec_ti_host.lib : mpeg4vdec_ti_datatransfer.obj (.const:MPEG4VDEC_TI_ICONT1_DataSect1)
                  001fa5d8    00007d88     h264vdec_ti.lib : h264vdec_ti_datatransfer.obj (.const:H264VDEC_TI_ICONT2_HIGHRES_DataSect0)
                  00202360    00007bf0                     : h264vdec_ti_datatransfer.obj (.const:H264VDEC_TI_ICONT1_HIGHRES_DataSect1)
                  00209f50    00007bec                     : h264vdec_ti_datatransfer.obj (.const:H264VDEC_TI_ICONT1_DataSect1)
                  00211b3c    00007bc0     vc1vdec_ti_host_M3.lib : vc1vdec_ti_data_transfer.obj (.const:VC1VDEC_TI_LEVEL4_ICONT2DataSect1)
                  002196fc    00007bac     h264enc_ti_host.lib : h264enc_ti_process.obj (.const:H264ENC_TI_ICONT1_4MVDataSect0)
                  002212a8    00007a54                         : h264enc_ti_process.obj (.const:H264ENC_TI_ICONT1_HiMP_DataSect0)
                  00228cfc    000079d0     vc1vdec_ti_host_M3.lib : vc1vdec_ti_data_transfer.obj (.const:VC1VDEC_TI_LEVEL2_ICONT2DataSect1)
                  002306cc    000079b0     h264vdec_ti.lib : h264vdec_ti_datatransfer.obj (.const:H264VDEC_TI_ICONT2_DataSect0)
                  0023807c    000078dc     vc1vdec_ti_host_M3.lib : vc1vdec_ti_data_transfer.obj (.const:VC1VDEC_TI_LEVEL1_ICONT2DataSect1)
                  0023f958    00007820     h264vdec_ti.lib : h264vdec_ti_datatransfer.obj (.const:H264VDEC_TI_ERRORCONCEAL_ICONT1_DataSect0)
                  00247178    00007808     vc1vdec_ti_host_M3.lib : vc1vdec_ti_data_transfer.obj (.const:VC1VDEC_TI_LEVEL2_ICONT1DataSect4)
                  0024e980    0000773c                            : vc1vdec_ti_data_transfer.obj (.const:VC1VDEC_TI_ICONT2DataSect1)
                  002560bc    00007578                            : vc1vdec_ti_data_transfer.obj (.const:VC1VDEC_TI_ICONT1DataSect4)
                  0025d634    00007578                            : vc1vdec_ti_data_transfer.obj (.const:VC1VDEC_TI_LEVEL1_ICONT1DataSect4)
                  00264bac    00007460     h264enc_ti_host.lib : h264enc_ti_process.obj (.const:H264ENC_TI_ICONT1_HIGHSPEED_DataSect0)
                  0026c00c    00006fcc                         : h264enc_ti_process.obj (.const:H264ENC_TI_ICONT1_HiMP_4MVDataSect0)
                  00272fd8    00006a88     mpeg4vdec_ti_host.lib : mpeg4vdec_ti_datatransfer.obj (.const:MPEG4VDEC_TI_ICONT2_DEBUGTRACELEVEL2_DataSect1)
                  00279a60    00006a3c     h264enc_ti_host.lib : h264enc_ti_process.obj (.const:H264ENC_TI_ICONT1_HiMP_HiSPEED_DataSect0)
                  0028049c    000069e4     mpeg4vdec_ti_host.lib : mpeg4vdec_ti_datatransfer.obj (.const:MPEG4VDEC_TI_ICONT2_DEBUGTRACELEVEL1_DataSect1)
                  00286e80    00006974                           : mpeg4vdec_ti_datatransfer.obj (.const:MPEG4VDEC_TI_ICONT2_DataSect1)
                  0028d7f4    00006780     vc1vdec_ti_host_M3.lib : vc1vdec_ti_data_transfer.obj (.const:VC1VDEC_TI_LEVEL3_ICONT1DataSect4)
                  00293f74    00006778                            : vc1vdec_ti_data_transfer.obj (.const:VC1VDEC_TI_LEVEL4_ICONT1DataSect4)
                  0029a6ec    000058f4     mpeg4vdec_ti_host.lib : mpeg4vdec_ti_errconceal.obj (.const:MPEG4VDEC_TI_EC_DataSect1)
                  0029ffe0    00005710     vc1vdec_ti_host_M3.lib : vc1vdec_ti_errconceal.obj (.const:VC1VDEC_TI_ERROR_CONCEAL_ICONT1DataSect1)
                  002a56f0    000052c8     mpeg2vdec_ti_host.lib : mpeg2vdec_ti_host.o (.const:ec_load_data)
                  002aa9b8    00004ad8     ipu_pem4.oem4 (.const:.string)
                  002af490    00004a00     mpeg2vdec_ti_host.lib : mpeg2vdec_ti_host.o (.const:tableLSEILFCmds)
                  002b3e90    000049a8                           : mpeg2vdec_ti_host.o (.const:.string:MPEG2VDEC_TI_ICONT2_LEVEL3_SECTION1)
                  002b8838    00004958                           : mpeg2vdec_ti_host.o (.const:.string:MPEG2VDEC_TI_ICONT2_LEVEL4_SECTION1)
                  002bd190    000047b0                           : mpeg2vdec_ti_host.o (.const:.string:MPEG2VDEC_TI_ICONT2_SECTION1)
                  002c1940    00004748                           : mpeg2vdec_ti_host.o (.const:.string:MPEG2VDEC_TI_ICONT2_LEVEL2_SECTION1)
                  002c6088    000046a0                           : mpeg2vdec_ti_host.o (.const:.string:MPEG2VDEC_TI_ICONT2_LEVEL1_SECTION1)
                  002ca728    00004018     h264vdec_ti.lib : h264vdec_ti_datatransfer.obj (.const:H264VDEC_TI_ICONT1_DataSect3)
                  002ce740    00003b74                     : h264vdec_ti_datatransfer.obj (.const:H264VDEC_TI_ICONT1_HIGHRES_DataSect4)
                  002d22b4    00002f0c     vc1vdec_ti_host_M3.lib : vc1vdec_ti_data_transfer.obj (.const:VC1VDEC_TI_LEVEL4_ICONT2DataSect5)
                  002d51c0    00002ef4                            : vc1vdec_ti_data_transfer.obj (.const:VC1VDEC_TI_LEVEL3_ICONT2DataSect5)
                  002d80b4    00002ed0                            : vc1vdec_ti_data_transfer.obj (.const:VC1VDEC_TI_ICONT2DataSect5)
                  002daf84    00002ed0                            : vc1vdec_ti_data_transfer.obj (.const:VC1VDEC_TI_LEVEL1_ICONT2DataSect5)
                  002dde54    00002ed0                            : vc1vdec_ti_data_transfer.obj (.const:VC1VDEC_TI_LEVEL2_ICONT2DataSect5)
                  002e0d24    00002a17     ipu_pem4.oem4 (.const:xdc_runtime_Text_charTab__A)
                  002e373b    00000001     ipu_pem4.oem4 (.const:ti_sysbios_family_arm_ducati_TimestampProvider_inpsel__C)
                  002e373c    00001e40     h264vdec_ti.lib : h264vdec_ti_datatransfer.obj (.const:H264VDEC_TI_ICONT1_DataSect5)
                  002e557c    00001e20                     : h264vdec_ti_datatransfer.obj (.const:H264VDEC_TI_ICONT1_HIGHRES_DataSect6)
                  002e739c    00001c5c                     : h264vdec_ti_datatransfer.obj (.const:H264VDEC_TI_ICONT1_HIGHRES_DataSect3)
                  002e8ff8    0000111c     vc1vdec_ti_host_M3.lib : vc1vdec_ti_data_transfer.obj (.const:VC1VDEC_TI_ICONT2DataSect2)
                  002ea114    0000111c                            : vc1vdec_ti_data_transfer.obj (.const:VC1VDEC_TI_LEVEL1_ICONT2DataSect2)
                  002eb230    0000111c                            : vc1vdec_ti_data_transfer.obj (.const:VC1VDEC_TI_LEVEL2_ICONT2DataSect2)
                  002ec34c    0000111c                            : vc1vdec_ti_data_transfer.obj (.const:VC1VDEC_TI_LEVEL3_ICONT2DataSect2)
                  002ed468    0000111c                            : vc1vdec_ti_data_transfer.obj (.const:VC1VDEC_TI_LEVEL4_ICONT2DataSect2)
                  002ee584    00000fcc     h264vdec_ti.lib : h264vdec_ti_datatransfer.obj (.const:H264VDEC_TI_ICONT1_HIGHRES_DataSect5)
                  002ef550    00000f78                     : h264vdec_ti_datatransfer.obj (.const:H264VDEC_TI_ICONT1_DataSect4)
                  002f04c8    00000dec     mpeg4venc_ti_host.lib : mpeg4enc_ti_process.obj (.const:MPEG4VENC_TI_ICONT2_DEBUGTRACE_LEVEL1_DataSect3)
                  002f12b4    00000cf0                           : mpeg4enc_ti_process.obj (.const:MPEG4VENC_TI_ICONT2_DataSect3)
                  002f1fa4    00000ad0     mpeg2vdec_ti_host.lib : mpeg2vdec_ti_host.o (.const:tableLSEMCCmds)
                  002f2a74    00000800     vc1vdec_ti_host_M3.lib : vc1vdec_ti_data_transfer.obj (.const:VC1VDEC_TI_ICONT2DataSect3)
                  002f3274    00000800                            : vc1vdec_ti_data_transfer.obj (.const:VC1VDEC_TI_LEVEL1_ICONT2DataSect3)
                  002f3a74    00000800                            : vc1vdec_ti_data_transfer.obj (.const:VC1VDEC_TI_LEVEL2_ICONT2DataSect3)
                  002f4274    00000800                            : vc1vdec_ti_data_transfer.obj (.const:VC1VDEC_TI_LEVEL3_ICONT2DataSect3)
                  002f4a74    00000800                            : vc1vdec_ti_data_transfer.obj (.const:VC1VDEC_TI_LEVEL4_ICONT2DataSect3)
                  002f5274    00000800     jpegvdec_ti_host.lib : jpegvdec_ti_host.o (.const:tableLSECALCCmds)
                  002f5a74    0000000a     ce.aem4 : Engine.oem4 (.const:.string)
                  002f5a7e    00000002     ipu_pem4.oem4 (.const:ti_sdo_ipc_family_vayu_InterruptIpu_Module__id__C)
                  002f5a80    00000700     mpeg4venc_ti_host.lib : mpeg4enc_ti_mbInfo_tables.obj (.const:MPEG4ENC_TI_StaticTableSection)
                  002f6180    000005a0                           : mpeg4enc_ti_lse_tables.obj (.const:MPEG4ENC_TI_StaticTableSection)
                  002f6720    00000548                           : mpeg4enc_ti_ime3_pgm.obj (.const:MPEG4ENC_TI_StaticTableSection)
                  002f6c68    00000008     ipu_pem4.oem4 (.const:ti_sysbios_family_arm_ducati_smp_Power_postSuspendHooks__C)
                  002f6c70    00000530     mpeg4venc_ti_host.lib : mpeg4enc_ti_ime3_pgm_1mv.obj (.const:MPEG4ENC_TI_StaticTableSection)
                  002f71a0    000004ec     h264enc_ti_host.lib : h264enc_ti_process.obj (.const:H264ENC_TI_ICONT2_4MVDataSect0)
                  002f768c    000004ec                         : h264enc_ti_process.obj (.const:H264ENC_TI_ICONT2_DataSect0)
                  002f7b78    000004ec                         : h264enc_ti_process.obj (.const:H264ENC_TI_ICONT2_HIGHSPEED_DataSect0)
                  002f8064    000004ec                         : h264enc_ti_process.obj (.const:H264ENC_TI_ICONT2_HiMP_4MVDataSect0)
                  002f8550    000004ec                         : h264enc_ti_process.obj (.const:H264ENC_TI_ICONT2_HiMP_DataSect0)
                  002f8a3c    000004ec                         : h264enc_ti_process.obj (.const:H264ENC_TI_ICONT2_HiMP_HiSPEED_DataSect0)
                  002f8f28    000004e4     ti.framework.dce.aem4 : dce.oem4 (.const:$O2$$)
                  002f940c    000004b4     vc1vdec_ti_host_M3.lib : vc1vdec_ti_data_transfer.obj (.const:VC1VDEC_TI_ICONT2DataSect4)
                  002f98c0    000004b4                            : vc1vdec_ti_data_transfer.obj (.const:VC1VDEC_TI_LEVEL1_ICONT2DataSect4)
                  002f9d74    000004b4                            : vc1vdec_ti_data_transfer.obj (.const:VC1VDEC_TI_LEVEL2_ICONT2DataSect4)
                  002fa228    000004b4                            : vc1vdec_ti_data_transfer.obj (.const:VC1VDEC_TI_LEVEL3_ICONT2DataSect4)
                  002fa6dc    000004b4                            : vc1vdec_ti_data_transfer.obj (.const:VC1VDEC_TI_LEVEL4_ICONT2DataSect4)
                  002fab90    0000045c     mpeg4vdec_ti_host.lib : mpeg4vdec_ti_datatransfer.obj (.const:MPEG4VDEC_TI_ICONT1_DataSect2)
                  002fafec    00000440     vc1vdec_ti_host_M3.lib : vc1vdec_ti_data_transfer.obj (.const:VC1VDEC_TI_ICONT1DataSect2)
                  002fb42c    00000440                            : vc1vdec_ti_data_transfer.obj (.const:VC1VDEC_TI_LEVEL1_ICONT1DataSect2)
                  002fb86c    00000440                            : vc1vdec_ti_data_transfer.obj (.const:VC1VDEC_TI_LEVEL2_ICONT1DataSect2)
                  002fbcac    00000440                            : vc1vdec_ti_data_transfer.obj (.const:VC1VDEC_TI_LEVEL3_ICONT1DataSect2)
                  002fc0ec    00000440                            : vc1vdec_ti_data_transfer.obj (.const:VC1VDEC_TI_LEVEL4_ICONT1DataSect2)
                  002fc52c    000003ac     h264vdec_ti.lib : h264vdec_ti_datatransfer.obj (.const:H264VDEC_TI_ICONT1_DataSect0)
                  002fc8d8    000003ac                     : h264vdec_ti_datatransfer.obj (.const:H264VDEC_TI_ICONT1_HIGHRES_DataSect0)
                  002fcc84    000003a4                     : h264vdec_ti_datatransfer.obj (.const:H264VDEC_TI_ICONT2_DataSect2)
                  002fd028    00000304                     : h264vdec_ti_datatransfer.obj (.const:H264VDEC_TI_ICONT1_HIGHRES_DataSect7)
                  002fd32c    000002fc                     : h264vdec_ti_datatransfer.obj (.const:H264VDEC_TI_ICONT1_DataSect6)
                  002fd628    00000240     mpeg2vdec_ti_host.lib : mpeg2vdec_ti_host.o (.const:tableLSECALCCmds)
                  002fd868    00000220     mpeg4venc_ti_host.lib : mpeg4enc_ti_process.obj (.const:MPEG4VENC_TI_ICONT1_DataSect2)
                  002fda88    00000200     jpegvdec_ti_host.lib : jpegvdec_ti_host.o (.const:tableLSEECDCmds)
                  002fdc88    000001e4     ipu_pem4.oem4 (.const:ti_sdo_ipc_family_vayu_InterruptIpu_mailboxTable__C)
                  002fde6c    000001e4     ipu_pem4.oem4 (.const:ti_sdo_ipc_family_vayu_NotifySetup_mailboxTable__C)
                  002fe050    000001d0     ipu_pem4.oem4 (.const:xdc_runtime_Text_nodeTab__A)
                  002fe220    000001a0     mpeg4venc_ti_host.lib : mpeg4enc_ti_process.obj (.const:MPEG4VENC_TI_ICONT2_DataSect2)
                  002fe3c0    00000188     vc1vdec_ti_host_M3.lib : vc1vdec_ti_data_transfer.obj (.const:VC1VDEC_TI_ICONT1DataSect3)
                  002fe548    00000188                            : vc1vdec_ti_data_transfer.obj (.const:VC1VDEC_TI_LEVEL1_ICONT1DataSect3)
                  002fe6d0    00000188                            : vc1vdec_ti_data_transfer.obj (.const:VC1VDEC_TI_LEVEL2_ICONT1DataSect3)
                  002fe858    00000188                            : vc1vdec_ti_data_transfer.obj (.const:VC1VDEC_TI_LEVEL3_ICONT1DataSect3)
                  002fe9e0    00000188                            : vc1vdec_ti_data_transfer.obj (.const:VC1VDEC_TI_LEVEL4_ICONT1DataSect3)
                  002feb68    0000013c     h264enc_ti_host.lib : ih264enc.obj (.const:H264ENC_TI_PARAMS)
                  002feca4    00000120     mpeg4venc_ti_host.lib : mpeg4enc_ti_ialg.obj (.const:ps32LevelLimitTab)
                  002fedc4    00000101     rtsv7M4_T_le_eabi.lib : ctype.obj (.const:.string:_ctypes_)
                  002feec5    00000001     ipu_pem4.oem4 (.const:xdc_runtime_Error_policy__C)
                  002feec6    00000002     ipu_pem4.oem4 (.const:ti_sdo_utils_MultiProc_Module__id__C)
                  002feec8    00000100     mpeg4venc_ti_host.lib : mpeg4enc_ti_reconvdmadescriptors.obj (.const:MPEG4ENC_TI_StaticTableSection)
                  002fefc8    00000100     mpeg4vdec_ti_host.lib : mpeg4vdec_ti_ialg.obj (.const)
                  002ff0c8    000000f0     h264enc_ti_host.lib : ih264enc.obj (.const:H264ENC_TI_DYNAMICPARAMS)
                  002ff1b8    000000a8     ti.framework.dce.aem4 : dce.oem4 (.const:.string)
                  002ff260    000000a4     jpegvdec_ti_host.lib : jpegvdec_ti_host.o (.const)
                  002ff304    00000098     mpeg2vdec_ti_host.lib : mpeg2vdec_ti_host.o (.const)
                  002ff39c    00000094     h264vdec_ti.lib : ih264vdec.obj (.const:IH264VDEC_PARAMS)
                  002ff430    00000080     mpeg2vdec_ti_host.lib : mpeg2vdec_ti_host.o (.const:tableLSEECDCmds)
                  002ff4b0    0000006e     vc1vdec_ti_host_M3.lib : vc1vdec_ti_version.obj (.const:VC1VDEC_TI_version)
                  002ff51e    00000002     ipu_pem4.oem4 (.const:ti_sdo_utils_MultiProc_numProcessors__C)
                  002ff520    0000006b     jpegvdec_ti_host.lib : jpegvdec_ti_host.o (.const:.string:$P$T0$1)
                  002ff58b    00000001     --HOLE-- [fill = 0]
                  002ff58c    00000060     mpeg2vdec_ti_host.lib : mpeg2vdec_ti_host.o (.const:.string:MPEG2VDEC_TI_version)
                  002ff5ec    00000058     vc1vdec_ti_host_M3.lib : vc1vdec_ti_ialg.obj (.const:VC1VDEC_TI_PARAMS)
                  002ff644    00000050     h264vdec_ti.lib : ih264vdec.obj (.const:IH264VDEC_TI_DYNAMICPARAMS)
                  002ff694    0000004c     ipu_pem4.oem4 (.const:xdc_runtime_Startup_sfxnTab__A)
                  002ff6e0    00000044     ti.framework.dce.aem4 : ivahd.oem4 (.const:$O2$$)
                  002ff724    00000040     h264vdec_ti.lib : h264vdec_ti_dpboutputframe.obj (.const:h264vdec_ti_maxDpbMbs)
                  002ff764    00000040     ipu_pem4.oem4 (.const:ti_sdo_ipc_family_vayu_InterruptIpu_mailboxBaseAddr__C)
                  002ff7a4    00000040     ipu_pem4.oem4 (.const:ti_sdo_ipc_family_vayu_NotifySetup_mailboxBaseAddr__C)
                  002ff7e4    0000003c     ipu_pem4.oem4 (.const:ti_sysbios_knl_Task_Object__PARAMS__C)
                  002ff820    00000035     mpeg4vdec_ti_host.lib : mpeg4vdec_ti_control.obj (.const:.string:$P$T0$1)
                  002ff855    00000001     --HOLE-- [fill = 0]
                  002ff856    00000002     ipu_pem4.oem4 (.const:ti_sdo_utils_MultiProc_numProcsInCluster__C)
                  002ff858    00000034     h264vdec_ti.lib : h264vdec_ti_control.obj (.const:.string:$P$T0$1)
                  002ff88c    00000034     ipu_pem4.oem4 (.const:xdc_runtime_LoggerSys_Module__FXNS__C)
                  002ff8c0    00000030     h264enc_ti_host.lib : h264enc_ti_ialgIvahd.obj (.const:.string:$P$T0$1)
                  002ff8f0    00000030                         : h264enc_ti_vt.obj (.const:H264ENC_TI_IH264ENC)
                  002ff920    00000030     vc1vdec_ti_host_M3.lib : vc1vdec_ti_ialg.obj (.const:VC1VDEC_TI_DYNAMICPARAMS)
                  002ff950    00000030     ipu_pem4.oem4 (.const:ti_sysbios_family_arm_m3_Hwi_Object__PARAMS__C)
                  002ff980    00000030     ipu_pem4.oem4 (.const:ti_sysbios_knl_Task_hooks__A)
                  002ff9b0    0000002c     h264enc_ti_host.lib : h264enc_ti_process.obj (.const)
                  002ff9dc    0000002c     ipu_pem4.oem4 (.const:ti_sdo_ipc_family_vayu_InterruptIpu_procIdTable__C)
                  002ffa08    0000002c     ipu_pem4.oem4 (.const:ti_sdo_ipc_family_vayu_NotifySetup_procIdTable__C)
                  002ffa34    0000002c     ipu_pem4.oem4 (.const:ti_sysbios_heaps_HeapBuf_Object__PARAMS__C)
                  002ffa60    0000002c     ipu_pem4.oem4 (.const:ti_sysbios_xdcruntime_ThreadSupport_Object__PARAMS__C)
                  002ffa8c    0000002c     ipu_pem4.oem4 (.const:xdc_runtime_knl_Thread_Object__PARAMS__C)
                  002ffab8    00000028     h264enc_ti_host.lib : H264BPEnc_ti_ires.obj (.const:H264ENC_TI_IRES)
                  002ffae0    00000028     h264vdec_ti.lib : h264vdec_ti_ires.obj (.const:H264VDEC_TI_IRES)
                  002ffb08    00000028     mpeg4venc_ti_host.lib : mpeg4enc_ti_ires.obj (.const:MPEG4ENC_TI_IRES)
                  002ffb30    00000028     ipu_pem4.oem4 (.const:ti_sysbios_heaps_HeapBuf_Module__FXNS__C)
                  002ffb58    00000028     ipu_pem4.oem4 (.const:ti_sysbios_heaps_HeapMem_Module__FXNS__C)
                  002ffb80    00000028     ipu_pem4.oem4 (.const:ti_sysbios_knl_Idle_coreList__A)
                  002ffba8    00000028     ipu_pem4.oem4 (.const:ti_sysbios_knl_Idle_funcList__A)
                  002ffbd0    00000028     ipu_pem4.oem4 (.const:ti_sysbios_knl_Swi_Object__PARAMS__C)
                  002ffbf8    00000026     ipu_pem4.oem4 (.const:xdc_runtime_Startup_sfxnRts__A)
                  002ffc1e    00000002     ipu_pem4.oem4 (.const:ti_sysbios_BIOS_smpEnabled__C)
                  002ffc20    00000024     h264enc_ti_host.lib : h264enc_ti_vt.obj (.const:H264ENC_TI_IALG)
                  002ffc44    00000024     ipu_pem4.oem4 (.const:ti_sysbios_family_arm_ducati_GateSmp_Module__FXNS__C)
                  002ffc68    00000024     ipu_pem4.oem4 (.const:ti_sysbios_gates_GateHwi_Module__FXNS__C)
                  002ffc8c    00000024     ipu_pem4.oem4 (.const:ti_sysbios_gates_GateMutexPri_Module__FXNS__C)
                  002ffcb0    00000024     ipu_pem4.oem4 (.const:ti_sysbios_gates_GateMutex_Module__FXNS__C)
                  002ffcd4    00000024     ipu_pem4.oem4 (.const:ti_sysbios_heaps_HeapMem_Object__PARAMS__C)
                  002ffcf8    00000024     ipu_pem4.oem4 (.const:ti_sysbios_knl_Semaphore_Object__PARAMS__C)
                  002ffd1c    00000024     ipu_pem4.oem4 (.const:xdc_runtime_knl_GateProcess_Module__FXNS__C)
                  002ffd40    00000024     ipu_pem4.oem4 (.const:xdc_runtime_knl_GateThread_Module__FXNS__C)
                  002ffd64    00000020     h264vdec_ti.lib : h264vdec_ti_decode.obj (.const:.string)
                  002ffd84    00000020     jpegvdec_ti_host.lib : jpegvdec_ti_host.o (.const:JPEGVDEC_TI_ICONT1_DataSect0)
                  002ffda4    00000020                          : jpegvdec_ti_host.o (.const:JPEGVDEC_TI_ICONT1_LEVEL1_DataSect0)
                  002ffdc4    00000020                          : jpegvdec_ti_host.o (.const:JPEGVDEC_TI_ICONT1_LEVEL2_DataSect0)
                  002ffde4    00000020                          : jpegvdec_ti_host.o (.const:JPEGVDEC_TI_ICONT1_LEVEL3_DataSect0)
                  002ffe04    00000020                          : jpegvdec_ti_host.o (.const:JPEGVDEC_TI_ICONT1_LEVEL4_DataSect0)
                  002ffe24    00000020                          : jpegvdec_ti_host.o (.const:JPEGVDEC_TI_ICONT2_DataSect0)
                  002ffe44    00000020                          : jpegvdec_ti_host.o (.const:JPEGVDEC_TI_ICONT2_LEVEL1_DataSect0)
                  002ffe64    00000020                          : jpegvdec_ti_host.o (.const:JPEGVDEC_TI_ICONT2_LEVEL2_DataSect0)
                  002ffe84    00000020                          : jpegvdec_ti_host.o (.const:JPEGVDEC_TI_ICONT2_LEVEL3_DataSect0)
                  002ffea4    00000020                          : jpegvdec_ti_host.o (.const:JPEGVDEC_TI_ICONT2_LEVEL4_DataSect0)
                  002ffec4    00000020     mpeg2vdec_ti_host.lib : mpeg2vdec_ti_host.o (.const:MPEG2VDEC_TI_EC_DataSect0)
                  002ffee4    00000020                           : mpeg2vdec_ti_host.o (.const:MPEG2VDEC_TI_ICONT1_DataSect0)
                  002fff04    00000020                           : mpeg2vdec_ti_host.o (.const:MPEG2VDEC_TI_ICONT1_LEVEL1_DataSect0)
                  002fff24    00000020                           : mpeg2vdec_ti_host.o (.const:MPEG2VDEC_TI_ICONT1_LEVEL2_DataSect0)
                  002fff44    00000020                           : mpeg2vdec_ti_host.o (.const:MPEG2VDEC_TI_ICONT1_LEVEL3_DataSect0)
                  002fff64    00000020                           : mpeg2vdec_ti_host.o (.const:MPEG2VDEC_TI_ICONT1_LEVEL4_DataSect0)
                  002fff84    00000020                           : mpeg2vdec_ti_host.o (.const:MPEG2VDEC_TI_ICONT2_DataSect0)
                  002fffa4    00000020                           : mpeg2vdec_ti_host.o (.const:MPEG2VDEC_TI_ICONT2_DataSect0)
                  002fffc4    00000020                           : mpeg2vdec_ti_host.o (.const:MPEG2VDEC_TI_ICONT2_LEVEL1_DataSect0)
                  002fffe4    00000020                           : mpeg2vdec_ti_host.o (.const:MPEG2VDEC_TI_ICONT2_LEVEL1_DataSect0)
                  00300004    00000020                           : mpeg2vdec_ti_host.o (.const:MPEG2VDEC_TI_ICONT2_LEVEL2_DataSect0)
                  00300024    00000020                           : mpeg2vdec_ti_host.o (.const:MPEG2VDEC_TI_ICONT2_LEVEL2_DataSect0)
                  00300044    00000020                           : mpeg2vdec_ti_host.o (.const:MPEG2VDEC_TI_ICONT2_LEVEL3_DataSect0)
                  00300064    00000020                           : mpeg2vdec_ti_host.o (.const:MPEG2VDEC_TI_ICONT2_LEVEL3_DataSect0)
                  00300084    00000020                           : mpeg2vdec_ti_host.o (.const:MPEG2VDEC_TI_ICONT2_LEVEL4_DataSect0)
                  003000a4    00000020                           : mpeg2vdec_ti_host.o (.const:MPEG2VDEC_TI_ICONT2_LEVEL4_DataSect0)
                  003000c4    00000020     mpeg4vdec_ti_host.lib : mpeg4vdec_ti_errconceal.obj (.const:MPEG4VDEC_TI_EC_DataSect0)
                  003000e4    00000020                           : mpeg4vdec_ti_datatransfer.obj (.const:MPEG4VDEC_TI_ICONT1_DEBUGTRACELEVEL1_DataSect0)
                  00300104    00000020                           : mpeg4vdec_ti_datatransfer.obj (.const:MPEG4VDEC_TI_ICONT1_DEBUGTRACELEVEL2_DataSect0)
                  00300124    00000020                           : mpeg4vdec_ti_datatransfer.obj (.const:MPEG4VDEC_TI_ICONT1_DataSect0)
                  00300144    00000020                           : mpeg4vdec_ti_datatransfer.obj (.const:MPEG4VDEC_TI_ICONT2_DEBUGTRACELEVEL1_DataSect0)
                  00300164    00000020                           : mpeg4vdec_ti_datatransfer.obj (.const:MPEG4VDEC_TI_ICONT2_DEBUGTRACELEVEL2_DataSect0)
                  00300184    00000020                           : mpeg4vdec_ti_datatransfer.obj (.const:MPEG4VDEC_TI_ICONT2_DataSect0)
                  003001a4    00000020     mpeg4venc_ti_host.lib : mpeg4enc_ti_process.obj (.const:MPEG4VENC_TI_ICONT1_DEBUGTRACE_LEVEL1_DataSect0)
                  003001c4    00000020                           : mpeg4enc_ti_process.obj (.const:MPEG4VENC_TI_ICONT1_DataSect0)
                  003001e4    00000020                           : mpeg4enc_ti_process.obj (.const:MPEG4VENC_TI_ICONT2_DEBUGTRACE_LEVEL1_DataSect0)
                  00300204    00000020                           : mpeg4enc_ti_process.obj (.const:MPEG4VENC_TI_ICONT2_DataSect0)
                  00300224    00000020     vc1vdec_ti_host_M3.lib : vc1vdec_ti_errconceal.obj (.const:VC1VDEC_TI_ERROR_CONCEAL_ICONT1DataSect0)
                  00300244    00000020                            : vc1vdec_ti_data_transfer.obj (.const:VC1VDEC_TI_ICONT1DataSect0)
                  00300264    00000020                            : vc1vdec_ti_data_transfer.obj (.const:VC1VDEC_TI_ICONT2DataSect0)
                  00300284    00000020                            : vc1vdec_ti_data_transfer.obj (.const:VC1VDEC_TI_LEVEL1_ICONT1DataSect0)
                  003002a4    00000020                            : vc1vdec_ti_data_transfer.obj (.const:VC1VDEC_TI_LEVEL1_ICONT2DataSect0)
                  003002c4    00000020                            : vc1vdec_ti_data_transfer.obj (.const:VC1VDEC_TI_LEVEL2_ICONT1DataSect0)
                  003002e4    00000020                            : vc1vdec_ti_data_transfer.obj (.const:VC1VDEC_TI_LEVEL2_ICONT2DataSect0)
                  00300304    00000020                            : vc1vdec_ti_data_transfer.obj (.const:VC1VDEC_TI_LEVEL3_ICONT1DataSect0)
                  00300324    00000020                            : vc1vdec_ti_data_transfer.obj (.const:VC1VDEC_TI_LEVEL3_ICONT2DataSect0)
                  00300344    00000020                            : vc1vdec_ti_data_transfer.obj (.const:VC1VDEC_TI_LEVEL4_ICONT1DataSect0)
                  00300364    00000020                            : vc1vdec_ti_data_transfer.obj (.const:VC1VDEC_TI_LEVEL4_ICONT2DataSect0)
                  00300384    00000020     ipu_pem4.oem4 (.const:ti_sdo_utils_List_Object__DESC__C)
                  003003a4    00000020     ipu_pem4.oem4 (.const:ti_sysbios_family_arm_ducati_GateSmp_Object__DESC__C)
                  003003c4    00000020     ipu_pem4.oem4 (.const:ti_sysbios_family_arm_m3_Hwi_Object__DESC__C)
                  003003e4    00000020     ipu_pem4.oem4 (.const:ti_sysbios_gates_GateHwi_Object__DESC__C)
                  00300404    00000020     ipu_pem4.oem4 (.const:ti_sysbios_gates_GateMutexPri_Object__DESC__C)
                  00300424    00000020     ipu_pem4.oem4 (.const:ti_sysbios_gates_GateMutex_Object__DESC__C)
                  00300444    00000020     ipu_pem4.oem4 (.const:ti_sysbios_heaps_HeapBuf_Object__DESC__C)
                  00300464    00000020     ipu_pem4.oem4 (.const:ti_sysbios_heaps_HeapMem_Object__DESC__C)
                  00300484    00000020     ipu_pem4.oem4 (.const:ti_sysbios_knl_Queue_Object__DESC__C)
                  003004a4    00000020     ipu_pem4.oem4 (.const:ti_sysbios_knl_Semaphore_Object__DESC__C)
                  003004c4    00000020     ipu_pem4.oem4 (.const:ti_sysbios_knl_Swi_Object__DESC__C)
                  003004e4    00000020     ipu_pem4.oem4 (.const:ti_sysbios_knl_Task_Object__DESC__C)
                  00300504    00000020     ipu_pem4.oem4 (.const:ti_sysbios_xdcruntime_GateProcessSupport_Object__DESC__C)
                  00300524    00000020     ipu_pem4.oem4 (.const:ti_sysbios_xdcruntime_GateThreadSupport_Object__DESC__C)
                  00300544    00000020     ipu_pem4.oem4 (.const:ti_sysbios_xdcruntime_SemThreadSupport_Object__DESC__C)
                  00300564    00000020     ipu_pem4.oem4 (.const:ti_sysbios_xdcruntime_ThreadSupport_Object__DESC__C)
                  00300584    00000020     ipu_pem4.oem4 (.const:xdc_runtime_LoggerSys_Object__DESC__C)
                  003005a4    00000020     ipu_pem4.oem4 (.const:xdc_runtime_knl_GateProcess_Object__DESC__C)
                  003005c4    00000020     ipu_pem4.oem4 (.const:xdc_runtime_knl_GateThread_Object__DESC__C)
                  003005e4    00000020     ipu_pem4.oem4 (.const:xdc_runtime_knl_SemThread_Module__FXNS__C)
                  00300604    00000020     ipu_pem4.oem4 (.const:xdc_runtime_knl_SemThread_Object__DESC__C)
                  00300624    00000020     ipu_pem4.oem4 (.const:xdc_runtime_knl_Thread_Object__DESC__C)
                  00300644    0000001c     ipu_pem4.oem4 (.const:ti_sysbios_xdcruntime_GateProcessSupport_Object__PARAMS__C)
                  00300660    0000001c     ipu_pem4.oem4 (.const:ti_sysbios_xdcruntime_SemThreadSupport_Object__PARAMS__C)
                  0030067c    0000001c     ipu_pem4.oem4 (.const:xdc_runtime_knl_GateProcess_Object__PARAMS__C)
                  00300698    0000001c     ipu_pem4.oem4 (.const:xdc_runtime_knl_SemThread_Object__PARAMS__C)
                  003006b4    00000018     ipu_pem4.oem4 (.const)
                  003006cc    00000018     ipu_pem4.oem4 (.const:ti_sdo_utils_List_Object__PARAMS__C)
                  003006e4    00000018     ipu_pem4.oem4 (.const:ti_sysbios_family_arm_ducati_GateSmp_Object__PARAMS__C)
                  003006fc    00000018     ipu_pem4.oem4 (.const:ti_sysbios_gates_GateHwi_Object__PARAMS__C)
                  00300714    00000018     ipu_pem4.oem4 (.const:ti_sysbios_gates_GateMutexPri_Object__PARAMS__C)
                  0030072c    00000018     ipu_pem4.oem4 (.const:ti_sysbios_gates_GateMutex_Object__PARAMS__C)
                  00300744    00000018     ipu_pem4.oem4 (.const:ti_sysbios_knl_Queue_Object__PARAMS__C)
                  0030075c    00000018     ipu_pem4.oem4 (.const:ti_sysbios_knl_Swi_hooks__A)
                  00300774    00000018     ipu_pem4.oem4 (.const:ti_sysbios_xdcruntime_GateThreadSupport_Object__PARAMS__C)
                  0030078c    00000018     ipu_pem4.oem4 (.const:xdc_runtime_LoggerSys_Object__PARAMS__C)
                  003007a4    00000018     ipu_pem4.oem4 (.const:xdc_runtime_knl_GateThread_Object__PARAMS__C)
                  003007bc    00000014     ipu_pem4.oem4 (.const:ti_sdo_utils_MultiProc_nameList__A)
                  003007d0    00000012     ti.trace_smp.aem4 : SysMin.oem4 (.const:.string:$P$T0$5)
                  003007e2    00000002     ipu_pem4.oem4 (.const:ti_sysbios_BIOS_swiEnabled__C)
                  003007e4    00000012     ti.grcm.aem4 : RcmServer.oem4 (.const:.string)
                  003007f6    00000011     ti.targets.arm.rtsarm.aem4 : System.oem4 (.const:.string)
                  00300807    00000001     --HOLE-- [fill = 0]
                  00300808    00000010     ipu.aem4 : iresman_tiledmemory.oem4 (.const:$P$T0$1)
                  00300818    00000010              : iresman_tiledmemory.oem4 (.const:$P$T1$2)
                  00300828    00000010     ipu_pem4.oem4 (.const:xdc_runtime_Startup_firstFxns__A)
                  00300838    0000000a     ipc_bios_nomsg.aem4 : Processor_noOS.oem4 (.const:.string)
                  00300842    00000002     ipu_pem4.oem4 (.const:ti_sysbios_BIOS_taskEnabled__C)
                  00300844    00000008     ipu_pem4.oem4 (.const:ti_sysbios_family_arm_ducati_smp_Power_preSuspendHooks__C)
                  0030084c    00000008     ipu_pem4.oem4 (.const:ti_sysbios_knl_Idle_coreList__C)
                  00300854    00000008     ipu_pem4.oem4 (.const:ti_sysbios_knl_Idle_funcList__C)
                  0030085c    00000008     ipu_pem4.oem4 (.const:ti_sysbios_knl_Swi_hooks__C)
                  00300864    00000008     ipu_pem4.oem4 (.const:ti_sysbios_knl_Task_hooks__C)
                  0030086c    00000008     ipu_pem4.oem4 (.const:xdc_runtime_Startup_firstFxns__C)
                  00300874    00000008     ipu_pem4.oem4 (.const:xdc_runtime_Startup_lastFxns__C)
                  0030087c    00000006     dskt2.aem4 : dskt2_scratch.oem4 (.const)
                  00300882    00000002     ipu_pem4.oem4 (.const:ti_sysbios_family_arm_ducati_Core_syncExits__C)
                  00300884    00000004     ipu_pem4.oem4 (.const:ti_sdo_ce_utils_syscbuf_SysCBuf_bufSize__C)
                  00300888    00000004     ipu_pem4.oem4 (.const:ti_sdo_ipc_family_vayu_InterruptIpu_Module__diagsEnabled__C)
                  0030088c    00000004     ipu_pem4.oem4 (.const:ti_sdo_ipc_family_vayu_InterruptIpu_Module__diagsIncluded__C)
                  00300890    00000004     ipu_pem4.oem4 (.const:ti_sdo_ipc_family_vayu_InterruptIpu_Module__diagsMask__C)
                  00300894    00000004     ipu_pem4.oem4 (.const:ti_sdo_ipc_family_vayu_InterruptIpu_ducatiCtrlBaseAddr__C)
                  00300898    00000004     ipu_pem4.oem4 (.const:ti_sdo_ipc_family_vayu_InterruptIpu_ipu1_0ProcId__C)
                  0030089c    00000004     ipu_pem4.oem4 (.const:ti_sdo_ipc_family_vayu_InterruptIpu_ipu1_1ProcId__C)
                  003008a0    00000004     ipu_pem4.oem4 (.const:ti_sdo_ipc_family_vayu_InterruptIpu_ipu2_0ProcId__C)
                  003008a4    00000004     ipu_pem4.oem4 (.const:ti_sdo_ipc_family_vayu_InterruptIpu_ipu2_1ProcId__C)
                  003008a8    00000004     ipu_pem4.oem4 (.const:ti_sdo_utils_MultiProc_A_invalidMultiProcId__C)
                  003008ac    00000004     ipu_pem4.oem4 (.const:ti_sdo_utils_MultiProc_A_invalidProcName__C)
                  003008b0    00000004     ipu_pem4.oem4 (.const:ti_sdo_utils_MultiProc_Module__diagsEnabled__C)
                  003008b4    00000004     ipu_pem4.oem4 (.const:ti_sdo_utils_MultiProc_Module__diagsIncluded__C)
                  003008b8    00000004     ipu_pem4.oem4 (.const:ti_sdo_utils_MultiProc_Module__diagsMask__C)
                  003008bc    00000004     ipu_pem4.oem4 (.const:ti_sdo_utils_MultiProc_nameList__C)
                  003008c0    00000004     ipu_pem4.oem4 (.const:ti_sysbios_family_arm_ducati_Core_core1HwiStackSize__C)
                  003008c4    00000004     ipu_pem4.oem4 (.const:ti_sysbios_family_arm_ducati_Core_gate__C)
                  003008c8    00000004     ipu_pem4.oem4 (.const:ti_sysbios_family_arm_ducati_Core_ipuId__C)
                  003008cc    00000004     ipu_pem4.oem4 (.const:ti_sysbios_family_arm_ducati_smp_Power_gate__C)
                  003008d0    00000004     ipu_pem4.oem4 (.const:ti_sysbios_family_arm_ducati_smp_Power_postSuspendHooks__A)
                  003008d4    00000004     ipu_pem4.oem4 (.const:ti_sysbios_family_arm_ducati_smp_Power_preSuspendHooks__A)
                  003008d8    00000004     ipu_pem4.oem4 (.const:ti_sysbios_family_arm_ducati_smp_Power_sdmaRegs__C)
                  003008dc    00000004     ipu_pem4.oem4 (.const:ti_sysbios_family_arm_ducati_smp_Power_semCore0__C)
                  003008e0    00000004     ipu_pem4.oem4 (.const:ti_sysbios_family_arm_ducati_smp_Power_semCore1__C)
                  003008e4    00000004     ipu_pem4.oem4 (.const:ti_sysbios_family_arm_m3_Hwi_E_NMI__C)
                  003008e8    00000004     ipu_pem4.oem4 (.const:ti_sysbios_family_arm_m3_Hwi_E_alreadyDefined__C)
                  003008ec    00000004     ipu_pem4.oem4 (.const:ti_sysbios_family_arm_m3_Hwi_E_busFault__C)
                  003008f0    00000004     ipu_pem4.oem4 (.const:ti_sysbios_family_arm_m3_Hwi_E_debugMon__C)
                  003008f4    00000004     ipu_pem4.oem4 (.const:ti_sysbios_family_arm_m3_Hwi_E_hardFault__C)
                  003008f8    00000004     ipu_pem4.oem4 (.const:ti_sysbios_family_arm_m3_Hwi_E_memFault__C)
                  003008fc    00000004     ipu_pem4.oem4 (.const:ti_sysbios_family_arm_m3_Hwi_E_noIsr__C)
                  00300900    00000004     ipu_pem4.oem4 (.const:ti_sysbios_family_arm_m3_Hwi_E_reserved__C)
                  00300904    00000004     ipu_pem4.oem4 (.const:ti_sysbios_family_arm_m3_Hwi_E_svCall__C)
                  00300908    00000004     ipu_pem4.oem4 (.const:ti_sysbios_family_arm_m3_Hwi_E_usageFault__C)
                  0030090c    00000004     ipu_pem4.oem4 (.const:ti_sysbios_family_arm_m3_Hwi_NUM_INTERRUPTS__C)
                  00300910    00000004     ipu_pem4.oem4 (.const:ti_sysbios_family_arm_m3_Hwi_Object__count__C)
                  00300914    00000004     ipu_pem4.oem4 (.const:ti_sysbios_family_arm_m3_Hwi_ccr__C)
                  00300918    00000004     ipu_pem4.oem4 (.const:ti_sysbios_family_arm_m3_Hwi_disablePriority__C)
                  0030091c    00000004     ipu_pem4.oem4 (.const:ti_sysbios_family_arm_m3_Hwi_excHandlerFunc__C)
                  00300920    00000004     ipu_pem4.oem4 (.const:ti_sysbios_family_arm_m3_Hwi_nullIsrFunc__C)
                  00300924    00000004     ipu_pem4.oem4 (.const:ti_sysbios_family_arm_m3_Hwi_priGroup__C)
                  00300928    00000004     ipu_pem4.oem4 (.const:ti_sysbios_family_arm_m3_TaskSupport_stackAlignment__C)
                  0030092c    00000004     ipu_pem4.oem4 (.const:ti_sysbios_family_shared_vayu_IntXbar_mmrBaseAddr__C)
                  00300930    00000004     ipu_pem4.oem4 (.const:ti_sysbios_gates_GateMutexPri_Instance_State_pendQ__O)
                  00300934    00000004     ipu_pem4.oem4 (.const:ti_sysbios_gates_GateMutex_Instance_State_sem__O)
                  00300938    00000004     ipu_pem4.oem4 (.const:ti_sysbios_hal_Hwi_E_stackOverflow__C)
                  0030093c    00000004     ipu_pem4.oem4 (.const:ti_sysbios_hal_SecondsClock_Module_State_clock__O)
                  00300940    00000004     ipu_pem4.oem4 (.const:ti_sysbios_hal_unicache_Cache_Module__gateObj__C)
                  00300944    00000004     ipu_pem4.oem4 (.const:ti_sysbios_hal_unicache_Cache_l1ocpConfig__C)
                  00300948    00000004     ipu_pem4.oem4 (.const:ti_sysbios_hal_unicache_Cache_l1secConfig__C)
                  0030094c    00000004     ipu_pem4.oem4 (.const:ti_sysbios_hal_unicache_Cache_l2ocpConfig__C)
                  00300950    00000004     ipu_pem4.oem4 (.const:ti_sysbios_hal_unicache_Cache_l2secConfig__C)
                  00300954    00000004     ipu_pem4.oem4 (.const:ti_sysbios_hal_unicache_Cache_maxLineModeBufSize__C)
                  00300958    00000004     ipu_pem4.oem4 (.const:ti_sysbios_heaps_HeapBuf_E_size__C)
                  0030095c    00000004     ipu_pem4.oem4 (.const:ti_sysbios_heaps_HeapBuf_Instance_State_freeList__O)
                  00300960    00000004     ipu_pem4.oem4 (.const:ti_sysbios_heaps_HeapBuf_Object__count__C)
                  00300964    00000004     ipu_pem4.oem4 (.const:ti_sysbios_heaps_HeapBuf_numConstructedHeaps__C)
                  00300968    00000004     ipu_pem4.oem4 (.const:ti_sysbios_heaps_HeapMem_E_memory__C)
                  0030096c    00000004     ipu_pem4.oem4 (.const:ti_sysbios_heaps_HeapMem_Module__gateObj__C)
                  00300970    00000004     ipu_pem4.oem4 (.const:ti_sysbios_heaps_HeapMem_Object__count__C)
                  00300974    00000004     ipu_pem4.oem4 (.const:ti_sysbios_heaps_HeapMem_reqAlign__C)
                  00300978    00000004     ipu_pem4.oem4 (.const:ti_sysbios_knl_Clock_Module_State_clockQ__O)
                  0030097c    00000004     ipu_pem4.oem4 (.const:ti_sysbios_knl_Clock_doTickFunc__C)
                  00300980    00000004     ipu_pem4.oem4 (.const:ti_sysbios_knl_Clock_tickPeriod__C)
                  00300984    00000004     ipu_pem4.oem4 (.const:ti_sysbios_knl_Semaphore_Instance_State_pendQ__O)
                  00300988    00000004     ipu_pem4.oem4 (.const:ti_sysbios_knl_Swi_Object__count__C)
                  0030098c    00000004     ipu_pem4.oem4 (.const:ti_sysbios_knl_Swi_Object__heap__C)
                  00300990    00000004     ipu_pem4.oem4 (.const:ti_sysbios_knl_Swi_numConstructedSwis__C)
                  00300994    00000004     ipu_pem4.oem4 (.const:ti_sysbios_knl_Swi_numPriorities__C)
                  00300998    00000004     ipu_pem4.oem4 (.const:ti_sysbios_knl_Task_E_spOutOfBounds__C)
                  0030099c    00000004     ipu_pem4.oem4 (.const:ti_sysbios_knl_Task_E_stackOverflow__C)
                  003009a0    00000004     ipu_pem4.oem4 (.const:ti_sysbios_knl_Task_Module_State_inactiveQ__O)
                  003009a4    00000004     ipu_pem4.oem4 (.const:ti_sysbios_knl_Task_Object__count__C)
                  003009a8    00000004     ipu_pem4.oem4 (.const:ti_sysbios_knl_Task_Object__heap__C)
                  003009ac    00000004     ipu_pem4.oem4 (.const:ti_sysbios_knl_Task_allBlockedFunc__C)
                  003009b0    00000004     ipu_pem4.oem4 (.const:ti_sysbios_knl_Task_defaultStackHeap__C)
                  003009b4    00000004     ipu_pem4.oem4 (.const:ti_sysbios_knl_Task_defaultStackSize__C)
                  003009b8    00000004     ipu_pem4.oem4 (.const:ti_sysbios_knl_Task_numConstructedTasks__C)
                  003009bc    00000004     ipu_pem4.oem4 (.const:ti_sysbios_knl_Task_startupHookFunc__C)
                  003009c0    00000004     ipu_pem4.oem4 (.const:ti_sysbios_timers_dmtimer_Timer_E_cannotSupport__C)
                  003009c4    00000004     ipu_pem4.oem4 (.const:ti_sysbios_timers_dmtimer_Timer_E_freqMismatch__C)
                  003009c8    00000004     ipu_pem4.oem4 (.const:ti_sysbios_timers_dmtimer_Timer_Object__count__C)
                  003009cc    00000004     ipu_pem4.oem4 (.const:ti_sysbios_timers_dmtimer_Timer_numTimerDevices__C)
                  003009d0    00000004     ipu_pem4.oem4 (.const:ti_sysbios_utils_Load_Module_State_taskList__O)
                  003009d4    00000004     ipu_pem4.oem4 (.const:ti_sysbios_utils_Load_Module__diagsEnabled__C)
                  003009d8    00000004     ipu_pem4.oem4 (.const:ti_sysbios_utils_Load_Module__diagsIncluded__C)
                  003009dc    00000004     ipu_pem4.oem4 (.const:ti_sysbios_utils_Load_Module__diagsMask__C)
                  003009e0    00000004     ipu_pem4.oem4 (.const:ti_sysbios_utils_Load_postUpdate__C)
                  003009e4    00000004     ipu_pem4.oem4 (.const:ti_sysbios_utils_Load_windowInMs__C)
                  003009e8    00000004     ipu_pem4.oem4 (.const:ti_sysbios_xdcruntime_GateProcessSupport_Instance_State_gate__O)
                  003009ec    00000004     ipu_pem4.oem4 (.const:ti_sysbios_xdcruntime_GateThreadSupport_Instance_State_gate__O)
                  003009f0    00000004     ipu_pem4.oem4 (.const:ti_sysbios_xdcruntime_SemThreadSupport_Instance_State_sem__O)
                  003009f4    00000004     ipu_pem4.oem4 (.const:ti_sysbios_xdcruntime_ThreadSupport_E_priority__C)
                  003009f8    00000004     ipu_pem4.oem4 (.const:ti_sysbios_xdcruntime_ThreadSupport_Instance_State_join_sem__O)
                  003009fc    00000004     ipu_pem4.oem4 (.const:ti_sysbios_xdcruntime_ThreadSupport_aboveNormalPriority__C)
                  00300a00    00000004     ipu_pem4.oem4 (.const:ti_sysbios_xdcruntime_ThreadSupport_belowNormalPriority__C)
                  00300a04    00000004     ipu_pem4.oem4 (.const:ti_sysbios_xdcruntime_ThreadSupport_highestPriority__C)
                  00300a08    00000004     ipu_pem4.oem4 (.const:ti_sysbios_xdcruntime_ThreadSupport_lowestPriority__C)
                  00300a0c    00000004     ipu_pem4.oem4 (.const:ti_sysbios_xdcruntime_ThreadSupport_normalPriority__C)
                  00300a10    00000004     ipu_pem4.oem4 (.const:ti_trace_SysMin_bufSize__C)
                  00300a14    00000004     ipu_pem4.oem4 (.const:xdc_runtime_Assert_E_assertFailed__C)
                  00300a18    00000004     ipu_pem4.oem4 (.const:xdc_runtime_Core_A_initializedParams__C)
                  00300a1c    00000004     ipu_pem4.oem4 (.const:xdc_runtime_Core_Module__diagsEnabled__C)
                  00300a20    00000004     ipu_pem4.oem4 (.const:xdc_runtime_Core_Module__diagsIncluded__C)
                  00300a24    00000004     ipu_pem4.oem4 (.const:xdc_runtime_Core_Module__diagsMask__C)
                  00300a28    00000004     ipu_pem4.oem4 (.const:xdc_runtime_Diags_dictBase__C)
                  00300a2c    00000004     ipu_pem4.oem4 (.const:xdc_runtime_Error_E_generic__C)
                  00300a30    00000004     ipu_pem4.oem4 (.const:xdc_runtime_Error_E_memory__C)
                  00300a34    00000004     ipu_pem4.oem4 (.const:xdc_runtime_Error_Module__diagsEnabled__C)
                  00300a38    00000004     ipu_pem4.oem4 (.const:xdc_runtime_Error_Module__diagsIncluded__C)
                  00300a3c    00000004     ipu_pem4.oem4 (.const:xdc_runtime_Error_Module__diagsMask__C)
                  00300a40    00000004     ipu_pem4.oem4 (.const:xdc_runtime_Error_Module__loggerFxn8__C)
                  00300a44    00000004     ipu_pem4.oem4 (.const:xdc_runtime_Error_Module__loggerObj__C)
                  00300a48    00000004     ipu_pem4.oem4 (.const:xdc_runtime_Error_policyFxn__C)
                  00300a4c    00000004     ipu_pem4.oem4 (.const:xdc_runtime_Error_raiseHook__C)
                  00300a50    00000004     ipu_pem4.oem4 (.const:xdc_runtime_IGateProvider_Interface__BASE__C)
                  00300a54    00000004     ipu_pem4.oem4 (.const:xdc_runtime_IHeap_Interface__BASE__C)
                  00300a58    00000004     ipu_pem4.oem4 (.const:xdc_runtime_ILogger_Interface__BASE__C)
                  00300a5c    00000004     ipu_pem4.oem4 (.const:xdc_runtime_IModule_Interface__BASE__C)
                  00300a60    00000004     ipu_pem4.oem4 (.const:xdc_runtime_Log_L_error__C)
                  00300a64    00000004     ipu_pem4.oem4 (.const:xdc_runtime_Log_L_warning__C)
                  00300a68    00000004     ipu_pem4.oem4 (.const:xdc_runtime_Main_Module__diagsEnabled__C)
                  00300a6c    00000004     ipu_pem4.oem4 (.const:xdc_runtime_Main_Module__diagsIncluded__C)
                  00300a70    00000004     ipu_pem4.oem4 (.const:xdc_runtime_Main_Module__diagsMask__C)
                  00300a74    00000004     ipu_pem4.oem4 (.const:xdc_runtime_Main_Module__loggerFxn1__C)
                  00300a78    00000004     ipu_pem4.oem4 (.const:xdc_runtime_Main_Module__loggerFxn2__C)
                  00300a7c    00000004     ipu_pem4.oem4 (.const:xdc_runtime_Main_Module__loggerObj__C)
                  00300a80    00000004     ipu_pem4.oem4 (.const:xdc_runtime_Memory_defaultHeapInstance__C)
                  00300a84    00000004     ipu_pem4.oem4 (.const:xdc_runtime_Registry_Module__diagsEnabled__C)
                  00300a88    00000004     ipu_pem4.oem4 (.const:xdc_runtime_Registry_Module__diagsIncluded__C)
                  00300a8c    00000004     ipu_pem4.oem4 (.const:xdc_runtime_Registry_Module__diagsMask__C)
                  00300a90    00000004     ipu_pem4.oem4 (.const:xdc_runtime_Registry_Module__loggerFxn1__C)
                  00300a94    00000004     ipu_pem4.oem4 (.const:xdc_runtime_Registry_Module__loggerFxn2__C)
                  00300a98    00000004     ipu_pem4.oem4 (.const:xdc_runtime_Registry_Module__loggerFxn4__C)
                  00300a9c    00000004     ipu_pem4.oem4 (.const:xdc_runtime_Registry_Module__loggerFxn8__C)
                  00300aa0    00000004     ipu_pem4.oem4 (.const:xdc_runtime_Registry_Module__loggerObj__C)
                  00300aa4    00000004     ipu_pem4.oem4 (.const:xdc_runtime_Startup_execImpl__C)
                  00300aa8    00000004     ipu_pem4.oem4 (.const:xdc_runtime_Startup_maxPasses__C)
                  00300aac    00000004     ipu_pem4.oem4 (.const:xdc_runtime_Startup_sfxnRts__C)
                  00300ab0    00000004     ipu_pem4.oem4 (.const:xdc_runtime_Startup_sfxnTab__C)
                  00300ab4    00000004     ipu_pem4.oem4 (.const:xdc_runtime_System_Module__gateObj__C)
                  00300ab8    00000004     ipu_pem4.oem4 (.const:xdc_runtime_System_abortFxn__C)
                  00300abc    00000004     ipu_pem4.oem4 (.const:xdc_runtime_System_exitFxn__C)
                  00300ac0    00000004     ipu_pem4.oem4 (.const:xdc_runtime_System_extendFxn__C)
                  00300ac4    00000004     ipu_pem4.oem4 (.const:xdc_runtime_System_maxAtexitHandlers__C)
                  00300ac8    00000004     ipu_pem4.oem4 (.const:xdc_runtime_Text_charTab__C)
                  00300acc    00000004     ipu_pem4.oem4 (.const:xdc_runtime_Text_nameEmpty__C)
                  00300ad0    00000004     ipu_pem4.oem4 (.const:xdc_runtime_Text_nameStatic__C)
                  00300ad4    00000004     ipu_pem4.oem4 (.const:xdc_runtime_Text_nameUnknown__C)
                  00300ad8    00000004     ipu_pem4.oem4 (.const:xdc_runtime_Text_nodeTab__C)
                  00300adc    00000004     ipu_pem4.oem4 (.const:xdc_runtime_Text_visitRopeFxn__C)
                  00300ae0    00000004     ipu_pem4.oem4 (.const:xdc_runtime_knl_GateProcess_A_invalidKey__C)
                  00300ae4    00000004     ipu_pem4.oem4 (.const:xdc_runtime_knl_GateProcess_Module__diagsEnabled__C)
                  00300ae8    00000004     ipu_pem4.oem4 (.const:xdc_runtime_knl_GateProcess_Module__diagsIncluded__C)
                  00300aec    00000004     ipu_pem4.oem4 (.const:xdc_runtime_knl_GateProcess_Module__diagsMask__C)
                  00300af0    00000004     ipu_pem4.oem4 (.const:xdc_runtime_knl_ISemaphore_Interface__BASE__C)
                  00300af4    00000004     ipu_pem4.oem4 (.const:xdc_runtime_knl_Thread_defaultStackSize__C)
                  00300af8    00000002     ipu_pem4.oem4 (.const:ti_sysbios_family_arm_ducati_smp_Power_enable__C)
                  00300afa    00000002     ipu_pem4.oem4 (.const:ti_sysbios_family_arm_m3_Hwi_Module__id__C)
                  00300afc    00000002     ipu_pem4.oem4 (.const:ti_sysbios_hal_Hwi_Module__id__C)
                  00300afe    00000002     ipu_pem4.oem4 (.const:ti_sysbios_hal_ammu_AMMU_configureAmmu__C)
                  00300b00    00000002     ipu_pem4.oem4 (.const:ti_sysbios_hal_unicache_Cache_configureCache__C)
                  00300b02    00000002     ipu_pem4.oem4 (.const:ti_sysbios_hal_unicache_Cache_enableCache__C)
                  00300b04    00000002     ipu_pem4.oem4 (.const:ti_sysbios_hal_unicache_Cache_l2CacheSupported__C)
                  00300b06    00000002     ipu_pem4.oem4 (.const:ti_sysbios_heaps_HeapBuf_Module__id__C)
                  00300b08    00000002     ipu_pem4.oem4 (.const:ti_sysbios_heaps_HeapBuf_trackMaxAllocs__C)
                  00300b0a    00000002     ipu_pem4.oem4 (.const:ti_sysbios_heaps_HeapMem_Module__id__C)
                  00300b0c    00000002     ipu_pem4.oem4 (.const:ti_sysbios_knl_Task_Module__id__C)
                  00300b0e    00000002     ipu_pem4.oem4 (.const:ti_sysbios_timers_dmtimer_Timer_Module__id__C)
                  00300b10    00000002     ipu_pem4.oem4 (.const:ti_sysbios_timers_dmtimer_Timer_checkFrequency__C)
                  00300b12    00000002     ipu_pem4.oem4 (.const:ti_sysbios_timers_dmtimer_Timer_startupNeeded__C)
                  00300b14    00000002     ipu_pem4.oem4 (.const:ti_sysbios_utils_Load_autoAddTasks__C)
                  00300b16    00000002     ipu_pem4.oem4 (.const:ti_sysbios_utils_Load_hwiEnabled__C)
                  00300b18    00000002     ipu_pem4.oem4 (.const:ti_sysbios_utils_Load_swiEnabled__C)
                  00300b1a    00000002     ipu_pem4.oem4 (.const:ti_sysbios_utils_Load_taskEnabled__C)
                  00300b1c    00000002     ipu_pem4.oem4 (.const:ti_sysbios_utils_Load_updateInIdle__C)
                  00300b1e    00000002     ipu_pem4.oem4 (.const:ti_sysbios_xdcruntime_ThreadSupport_Module__id__C)
                  00300b20    00000002     ipu_pem4.oem4 (.const:xdc_runtime_Core_Module__id__C)
                  00300b22    00000002     ipu_pem4.oem4 (.const:xdc_runtime_Diags_setMaskEnabled__C)
                  00300b24    00000002     ipu_pem4.oem4 (.const:xdc_runtime_Error_Module__loggerDefined__C)
                  00300b26    00000002     ipu_pem4.oem4 (.const:xdc_runtime_Error_maxDepth__C)
                  00300b28    00000002     ipu_pem4.oem4 (.const:xdc_runtime_Main_Module__id__C)
                  00300b2a    00000002     ipu_pem4.oem4 (.const:xdc_runtime_Main_Module__loggerDefined__C)
                  00300b2c    00000002     ipu_pem4.oem4 (.const:xdc_runtime_Memory_Module__id__C)
                  00300b2e    00000002     ipu_pem4.oem4 (.const:xdc_runtime_Registry_Module__loggerDefined__C)
                  00300b30    00000002     ipu_pem4.oem4 (.const:xdc_runtime_Text_charCnt__C)
                  00300b32    00000002     ipu_pem4.oem4 (.const:xdc_runtime_Text_isLoaded__C)
                  00300b34    00000002     ipu_pem4.oem4 (.const:xdc_runtime_Text_registryModsLastId__C)
                  00300b36    00000002     ipu_pem4.oem4 (.const:xdc_runtime_Text_unnamedModsLastId__C)
                  00300b38    00000002     ipu_pem4.oem4 (.const:xdc_runtime_knl_GateProcess_Module__id__C)

.const:ti_sysbios_hal_ammu_AMMU_numLargePages__C 
*          0    00300b3c    00000004     
                  00300b3c    00000004     ipu_pem4.oem4 (.const:ti_sysbios_hal_ammu_AMMU_numLargePages__C)

.const:ti_sysbios_hal_ammu_AMMU_numLinePages__C 
*          0    0034b7fc    00000004     
                  0034b7fc    00000004     ipu_pem4.oem4 (.const:ti_sysbios_hal_ammu_AMMU_numLinePages__C)

.const:ti_sysbios_hal_ammu_AMMU_numMediumPages__C 
*          0    0034b82c    00000004     
                  0034b82c    00000004     ipu_pem4.oem4 (.const:ti_sysbios_hal_ammu_AMMU_numMediumPages__C)

.const:ti_sysbios_hal_ammu_AMMU_numSmallPages__C 
*          0    0034baf4    00000004     
                  0034baf4    00000004     ipu_pem4.oem4 (.const:ti_sysbios_hal_ammu_AMMU_numSmallPages__C)

.const:ti_sysbios_hal_ammu_AMMU_mmuInitConfig__C 
*          0    0034da54    000004b8     
                  0034da54    000004b8     ipu_pem4.oem4 (.const:ti_sysbios_hal_ammu_AMMU_mmuInitConfig__C)

.tracebuf 
*          0    9f000000    00008000     UNINITIALIZED
                  9f000000    00008000     ipu_pem4.oem4 (.tracebuf)

.errorbuf 
*          0    9f060000    00000200     UNINITIALIZED
                  9f060000    00000200     ipu_pem4.oem4 (.errorbuf)

.ipummversion 
*          0    00000000    00000080     COPY SECTION
                  00000000    00000080     main.oem4 (.ipummversion)

.systemHeap 
*          0    80200000    02800000     UNINITIALIZED
                  80200000    02800000     ipu_pem4.oem4 (.systemHeap)

.ti_sysbios_family_arm_ducati_smp_Power 
*          0    9f070000    0001027c     UNINITIALIZED
                  9f070000    0001027c     sysbios.aem4 : BIOS.obj (.ti_sysbios_family_arm_ducati_smp_Power)

xdc.meta   0    00004000    0000015a     COPY SECTION
                  00004000    0000015a     ipu_pem4.oem4 (xdc.meta)

.text.1    0    00300b40    0004acbc     
                  00300b40    000030e4     mpeg2vdec_ti_host.lib : mpeg2vdec_ti_host.o (.text)
                  00303c24    00003080     jpegvdec_ti_host.lib : jpegvdec_ti_host.o (.text)
                  00306ca4    000011ca     h264enc_ti_host.lib : h264enc_ti_process.obj (.text:H264ENC_TI_encodemulti)
                  00307e6e    00000002     fcsettings.aem4 : FCSettings.oem4 (.text:FCSettings_exit)
                  00307e70    00001198     vc1vdec_ti_host_M3.lib : vc1vdec_ti_data_transfer.obj (.text:VC1VDEC_TI_Boot)
                  00309008    00001130     hdvicp2.aem4 : iresman_hdvicp2.oem4 (.text:IRESMAN_HDVICP2_getHandles)
                  0030a138    000010fc     rtsv7M4_T_le_eabi.lib : _printfi.obj (.text)
                  0030b234    000010a0     dskt2.aem4 : dskt2_scratch.oem4 (.text:_DSKT2_assignInstanceMemory)
                  0030c2d4    00001078     ce.aem4 : Engine.oem4 (.text:Engine_initFromServer)
                  0030d34c    00000eec     dskt2.aem4 : dskt2crea.oem4 (.text:DSKT2_createAlg3)
                  0030e238    00000d1c     mpeg4venc_ti_host.lib : mpeg4enc_ti_process.obj (.text:MPEG4ENC_TI_encode)
                  0030ef54    00000cb0     vc1vdec_ti_host_M3.lib : vc1vdec_ti_ialg.obj (.text:VC1VDEC_TI_decode)
                  0030fc04    00000c2e     mpeg4vdec_ti_host.lib : mpeg4vdec_ti_decode.obj (.text:MPEG4VDEC_TI_Decode)
                  00310832    00000002     fcutils.aem4 : fcutils.oem4 (.text:FC_resume)
                  00310834    00000bc0     ti.grcm.aem4 : RcmServer.oem4 (.text:RcmServer_Instance_init_P)
                  003113f4    00000b4c     rman.aem4 : rman.oem4 (.text:RMAN_assignResources)
                  00311f40    00000a48     h264vdec_ti.lib : h264vdec_ti_decode.obj (.text:H264VDEC_TI_decodeStart)
                  00312988    000009f4     h264enc_ti_host.lib : h264enc_ti_ialg_support.obj (.text:H264ENC_TI_ValidateCreateParams)
                  0031337c    000009c0     ce.aem4 : visa.oem4 (.text:VISA_create2)
                  00313d3c    00000960     hdvicp2.aem4 : iresman_hdvicp2.oem4 (.text:_acquireAny)
                  0031469c    00000946     h264vdec_ti.lib : h264vdec_ti_decode.obj (.text:H264VDEC_TI_multiChannelDecode)
                  00314fe2    000008e4     mpeg4vdec_ti_host.lib : mpeg4vdec_ti_decsupport.obj (.text:MPEG4VDEC_TI_DisplayPic)
                  003158c6    00000002     h264vdec_ti.lib : h264vdec_ti_ialg.obj (.text:H264VDEC_TI_Activate)
                  003158c8    00000830     hdvicp2.aem4 : iresman_hdvicp2.oem4 (.text:IRESMAN_HDVICP2_JITacquire)
                  003160f8    000007f0     ce.aem4 : Engine.oem4 (.text:Engine_createNode2)
                  003168e8    0000079c     ti.grcm.aem4 : RcmServer.oem4 (.text:RcmServer_Instance_finalize_P)
                  00317084    0000079c     hdvicp2.aem4 : iresman_hdvicp2.oem4 (.text:_acquireAnyPlugin)
                  00317820    0000077c     rman.aem4 : rman.oem4 (.text:RMAN_register)
                  00317f9c    00000744               : rman.oem4 (.text:RMAN_freeResources)
                  003186e0    00000732     h264enc_ti_host.lib : h264enc_ti_ialgIvahd.obj (.text:H264ENC_TI_control)
                  00318e12    00000006                         : h264enc_ti_dataSynch.obj (.text:H264ENC_TI_getDataSyncSizeRequirement)
                  00318e18    00000724     sysbios.aem4 : BIOS.obj (.text:ti_sysbios_family_arm_ducati_smp_Power_doSuspend__I)
                  0031953c    000006f8     dskt2.aem4 : dskt2_scratch.oem4 (.text:_DSKT2_initializeAndUseSharedScratch)
                  00319c34    000006b0     hdvicp2.aem4 : iresman_hdvicp2.oem4 (.text:_acquireSpecificPlugin)
                  0031a2e4    00000696     h264vdec_ti.lib : h264vdec_ti_control.obj (.text:H264VDEC_TI_control)
                  0031a97a    00000002                     : h264vdec_ti_ialg.obj (.text:H264VDEC_TI_Deactivate)
                  0031a97c    0000067c     rman.aem4 : rman.oem4 (.text:RMAN_init)
                  0031aff8    00000640     ipc.aem4 : Ipc.obj (.text:RPMessage_send)
                  0031b638    00000640     ti.grcm.aem4 : RcmServer.oem4 (.text:RcmServer_process_P)
                  0031bc78    0000063c     ti.deh_vayu_smp.aem4 : Deh.oem4 (.text:ti_deh_Deh_excHandler__F)
                  0031c2b4    0000062e     h264vdec_ti.lib : h264vdec_ti_datatransfer.obj (.text:H264VDEC_TI_BootLoadIVAHD)
                  0031c8e2    00000002     mpeg4venc_ti_host.lib : mpeg4enc_ti_ialg.obj (.text:MPEG4ENC_TI_Activate)
                  0031c8e4    000005ec     hdvicp2.aem4 : iresman_hdvicp2.oem4 (.text:IRESMAN_HDVICP2_init)
                  0031ced0    000005e0                  : iresman_hdvicp2.oem4 (.text:_acquireSpecific)
                  0031d4b0    000005d8     h264enc_ti_host.lib : h264enc_ti_ialg_support.obj (.text:H264ENC_TI_CpyDynamicParamstoHandle)
                  0031da88    000005d8     ce.aem4 : Engine.oem4 (.text:rmsInit)
                  0031e060    000005b8     mpeg4venc_ti_host.lib : mpeg4enc_ti_ialg.obj (.text:MPEG4ENC_TI_control)
                  0031e618    000005a8     rman.aem4 : rman.oem4 (.text:RMAN_unregister)
                  0031ebc0    0000059a     vc1vdec_ti_host_M3.lib : vc1vdec_ti_ialg.obj (.text:VC1VDEC_TI_control)
                  0031f15a    00000002     mpeg4venc_ti_host.lib : mpeg4enc_ti_ialg.obj (.text:MPEG4ENC_TI_Deactivate)
                  0031f15c    00000580     ti.grcm.aem4 : RcmServer.oem4 (.text:RcmServer_serverThrFxn_P)
                  0031f6dc    0000057c                  : RcmServer.oem4 (.text:RcmServer_workerThrFxn_P)
                  0031fc58    00000574     h264enc_ti_host.lib : h264enc_ti_ialgIvahd.obj (.text:H264ENC_TI_init)
                  003201cc    0000054c                         : h264enc_ti_ialg_support.obj (.text:H264ENC_TI_ValidateEncodeParams)
                  00320718    00000548     hdvicp2.aem4 : iresman_hdvicp2.oem4 (.text:IRESMAN_HDVICP2_freeHandles)
                  00320c60    00000546     h264vdec_ti.lib : h264vdec_ti_ialg.obj (.text:H264VDEC_TI_initObj)
                  003211a6    00000544     mpeg4vdec_ti_host.lib : mpeg4vdec_ti_control.obj (.text:MPEG4VDEC_TI_Control)
                  003216ea    00000002                           : mpeg4vdec_ti_ialg.obj (.text:MPEG4VDEC_TI_Activate)
                  003216ec    00000528     ce.aem4 : Engine.oem4 (.text:Engine_init)
                  00321c14    0000051d     rman.aem4 : rman.oem4 (.text:RMAN_getResman)
                  00322131    00000001     --HOLE-- [fill = 0]
                  00322132    0000050c     vc1vdec_ti_host_M3.lib : vc1vdec_ti_ialg.obj (.text:VC1VDEC_TI_Update_OutAgs)
                  0032263e    000004fe     h264vdec_ti.lib : h264vdec_ti_decsupport.obj (.text:H264VDEC_TI_displayPic)
                  00322b3c    000004f8     ce.aem4 : Engine.oem4 (.text:Engine_removeAlg)
                  00323034    000004f2     ti.srvmgr.omaprpc_smp.aem4 : OmapRpc.oem4 (.text:omapRpcTask)
                  00323526    00000002     mpeg4vdec_ti_host.lib : mpeg4vdec_ti_ialg.obj (.text:MPEG4VDEC_TI_Deactivate)
                  00323528    000004ec     h264enc_ti_host.lib : h264enc_ti_process.obj (.text:H264ENC_TI_UpdateCodecParams)
                  00323a14    000004cc     ce.aem4 : Engine.oem4 (.text:Engine_fwriteTrace)
                  00323ee0    000004bc     mpeg4vdec_ti_host.lib : mpeg4vdec_ti_decode.obj (.text:MPEG4VDEC_TI_DecodePreProcess)
                  0032439c    00000488     mpeg4venc_ti_host.lib : mpeg4enc_ti_ialg_support.obj (.text:MPEG4ENC_TI_ValidateCreateParams)
                  00324824    00000480     mpeg4vdec_ti_host.lib : mpeg4vdec_ti_ialg.obj (.text:MPEG4VDEC_TI_Init)
                  00324ca4    0000047c     hdvicp2.aem4 : ires_hdvicp2.oem4 (.text:IRES_HDVICP2_constructHandle)
                  00325120    0000046c     mpeg4vdec_ti_host.lib : mpeg4vdec_ti_decode.obj (.text:MPEG4VDEC_TI_AcquireAndConfigureHDVICP2)
                  0032558c    0000046c     vc1vdec_ti_host_M3.lib : vc1vdec_ti_ialg.obj (.text:VC1VDEC_TI_init)
                  003259f8    00000468     Algorithm_BIOS.aem4 : Algorithm_BIOS.oem4 (.text:Algorithm_create)
                  00325e60    00000434     ce.aem4 : Engine.oem4 (.text:addEngineToList)
                  00326294    00000428     dskt2.aem4 : dskt2free.oem4 (.text:DSKT2_freeAlg)
                  003266bc    000003d8                : dskt2actv.oem4 (.text:DSKT2_activateAlg)
                  00326a94    000003d6     mpeg4venc_ti_host.lib : mpeg4enc_ti_ialg_support.obj (.text:MPEG4ENC_TI_ValidateEncodeParams)
                  00326e6a    00000002     vc1vdec_ti_host_M3.lib : vc1vdec_ti_ialg.obj (.text:VC1VDEC_TI_activate)
                  00326e6c    000003b4     dskt2.aem4 : dskt2_yield.oem4 (.text:DSKT2_contextAcquire)
                  00327220    000003a8     viddec3.aem4 : viddec3.oem4 (.text:VIDDEC3_control)
                  003275c8    000003a0     videnc2.aem4 : videnc2.oem4 (.text:VIDENC2_control)
                  00327968    000003a0     dskt2.aem4 : dskt2_scratch.oem4 (.text:_DSKT2_init)
                  00327d08    0000039c     ipc.aem4 : Ipc.obj (.text:VirtQueue_create)
                  003280a4    00000398     viddec3.aem4 : viddec3.oem4 (.text:VIDDEC3_process)
                  0032843c    00000384     ipu_pem4.oem4 (.text:CERuntime_init)
                  003287c0    00000380     rman.aem4 : rman.oem4 (.text:RMAN_exit)
                  00328b40    00000372     mpeg4vdec_ti_host.lib : mpeg4vdec_ti_decsupport.obj (.text:MPEG4VDEC_TI_FillDecodedBuf)
                  00328eb2    00000368     h264vdec_ti.lib : h264vdec_ti_decsupport.obj (.text:H264VDEC_TI_FillDecodedBuf)
                  0032921a    00000002     vc1vdec_ti_host_M3.lib : vc1vdec_ti_ialg.obj (.text:VC1VDEC_TI_deactivate)
                  0032921c    00000364     mpeg4venc_ti_host.lib : mpeg4enc_ti_ialg.obj (.text:MPEG4ENC_TI_init)
                  00329580    00000360     ce.aem4 : Engine.oem4 (.text:Engine_open)
                  003298e0    00000354     dskt2.aem4 : dskt2_yield.oem4 (.text:DSKT2_contextRelease)
                  00329c34    00000004     ipc_bios_nomsg.aem4 : Comm_BIOS.oem4 (.text:Comm_init)
                  00329c38    00000354     sysbios.aem4 : BIOS.obj (.text:ti_sysbios_knl_Task_schedule__I)
                  00329f8c    00000004     h264enc_ti_host.lib : h264enc_ti_inbuf_control.obj (.text:H264ENC_TI_GetCaptureBufferCount)
                  00329f90    00000350     ipc.aem4 : Ipc.obj (.text:RPMessage_swiFxn$9)
                  0032a2e0    0000034f     mpeg4vdec_ti_host.lib : mpeg4vdec_ti_ires.obj (.text:MPEG4VDEC_TI_getResourceDescriptors)
                  0032a62f    00000001     --HOLE-- [fill = 0]
                  0032a630    0000034c     ti.grcm.aem4 : RcmServer.oem4 (.text:RcmServer_create)
                  0032a97c    0000034c     ti.targets.arm.rtsarm.aem4 : System.oem4 (.text:xdc_runtime_System_doPrint__I)
                  0032acc8    00000340     ti.grcm.aem4 : RcmServer.oem4 (.text:RcmServer_dispatch_P)
                  0032b008    00000338                  : RcmServer.oem4 (.text:RcmServer_relJobId_P)
                  0032b340    00000334     videnc2.aem4 : videnc2.oem4 (.text:VIDENC2_process)
                  0032b674    0000032c     mpeg4venc_ti_host.lib : mpeg4enc_ti_process.obj (.text:MPEG4ENC_TI_ActivateHDVICP2)
                  0032b9a0    00000324     rtsv7M4_T_le_eabi.lib : trgdrv.obj (.text)
[...]
80056240  _ftable                                                                 
80056400  MPEG4ENC_TI_DYNAMICPARAMS                                               
800564c0  ti_sdo_ce_osal_Memory_skipVirtualAddressTranslation                     
800564c2  ti_sdo_ce_Engine_initFromServer                                         
800564c4  Global_useLinkArbiter                                                   
800564cc  VISA_checked                                                            
800564ce  ti_sdo_ce_alg_Algorithm_useHeap                                         
800564d0  ti_sdo_ce_alg_Algorithm_useCache                                        
800564d4  ti_sdo_ce_alg_Algorithm_MAXGROUPID                                      
800564d8  ti_sdo_ce_alg_Algorithm_ipcKey                                          
800564dc  ti_sdo_fc_multiProcess                                                  
800564de  ti_sdo_fc_useDNUM                                                       
800564e0  ti_sdo_fc_useL3MemoryMap                                                
800564e2  RMAN_numRegistryEntries                                                 
800564e4  RMAN_registryEntries                                                    
800564e8  RMAN_registryResmanArgs                                                 
800564ec  ti_sdo_fc_rman_RMAN_MAXALGS                                             
800564f0  ti_sdo_fc_rman_RMAN_ipcKey                                              
800564f4  ti_sdo_fc_rman_RMAN_setYieldArgs                                        
800564f8  ti_sdo_fc_ires_hdvicp_HDVICP2_maxResetDelay                             
800564fc  HDVICP2_MAXRESOURCES                                                    
80056500  ti_sdo_fc_ires_hdvicp_HDVICP2_timeoutVal                                
80056504  _HDVICP2_NUMRESOURCES                                                   
80056508  _HDVICP2_ipcKeyBase                                                     
8005650c  ti_sdo_fc_ires_hdvicp_HDVICP2_clearPRCMRegister                         
80056510  ti_sdo_fc_ires_hdvicp_HDVICP2_getYieldArgs                              
80056514  ti_sdo_fc_ires_hdvicp_HDVICP2_yieldRelease                              
80056518  ti_sdo_fc_ires_hdvicp_HDVICP2_yieldAcquire                              
8005651c  ti_sdo_fc_ires_hdvicp_HDVICP2_getHdvicp2Fxn                             
80056520  ti_sdo_fc_ires_hdvicp_HDVICP2_freeHdvicp2Fxn                            
80056524  ti_sdo_ce_ipc_bios_manageIpc                                            
80056528  Comm_MSGSIZE                                                            
8005652c  Comm_NUMMSGS                                                            
80056530  ti_sdo_ce_ipc_bios__Processor_defaultSharedRegionId                     
80056532  ti_sdo_ce_ipc_bios__Processor_defaultHeapId                             
80056534  ti_sdo_ce_ipc_bios__Processor_defaultNumMsgs                            
80056538  ti_sdo_ce_ipc_bios__Processor_defaultMsgSize                            
8005653c  ti_sdo_ce_ipc_bios__Processor_numCommDescs                              
80056540  DSKT2_cacheWBInvFxn                                                     
80056544  _DSKT2_ALLOW_EXTERNAL_SCRATCH                                           
80056548  DSKT2_daram0Heap                                                        
8005654c  DSKT2_daram1Heap                                                        
80056550  DSKT2_daram2Heap                                                        
80056554  DSKT2_saram0Heap                                                        
80056558  DSKT2_saram1Heap                                                        
8005655c  DSKT2_saram2Heap                                                        
80056560  DSKT2_iprogHeap                                                         
80056564  DSKT2_eprogHeap                                                         
80056568  DSKT2_esdataHeap                                                        
8005656c  _DSKT2_heap                                                             
80056570  ti_sdo_fc_dskt2_DSKT2_disableLazyDeactivate                             
80056574  Global_traceBufferSize                                                  
80056578  ti_sdo_ce_osal_Memory_numHeaps                                          
8005657c  __xdc__init__addr                                                       
80056580  ti_sysbios_timers_dmtimer_Timer_Module_State_0_device__A                
800566e8  ti_sysbios_utils_Load_Module__state__V                                  
80056780  HDVICP2_PARAMS                                                          
80056808  ti_sysbios_knl_Swi_Module_State_0_readyQ__A                             
80056888  ti_sysbios_timers_dmtimer_Timer_Module_State_0_intFreqs__A              
80056908  ti_sysbios_family_shared_vayu_IntXbar_Module_State_0_intXbar__A         
8005697c  ti_sysbios_utils_Load_Module_State_0_taskEnv__A                         
800569ec  IMPEG4VDEC_PARAMS                                                       
80056a58  ti_sysbios_family_arm_m3_Hwi_Object__table__V                           
80056ab8  ti_sysbios_knl_Swi_Object__table__V                                     
80056b18  ti_sysbios_timers_dmtimer_Timer_Object__table__V                        
80056b74  ti_sdo_ipc_family_vayu_InterruptIpu_Module__state__V                    
80056c20  _DSKT2_DARAM_SCRATCH_SIZES                                              
80056c70  _DSKT2_SARAM_SCRATCH_SIZES                                              
80056cc0  ti_sdo_ipc_family_vayu_NotifySetup_Module__state__V                     
80056d10  ti_sysbios_family_arm_m3_Hwi_Module_State_0_intAffinity__A              
80056d60  ti_sysbios_knl_Task_Module__state__V                                    
80056da4  ti_sysbios_family_arm_m3_Hwi_vnvicInitialized                           
80056de4  ti_sdo_codecs_h264vdec_ce_H264VDEC_codecClassConfig                     
80056e24  ti_sdo_codecs_jpegvdec_ce_JPEGVDEC_codecClassConfig                     
80056e64  ti_sdo_codecs_mpeg2vdec_ce_MPEG2VDEC_codecClassConfig                   
80056ea4  ti_sdo_codecs_mpeg4vdec_ce_MPEG4VDEC_codecClassConfig                   
80056ee4  ti_sdo_codecs_vc1vdec_ce_VC1VDEC_codecClassConfig                       
80056f24  ti_sysbios_timers_dmtimer_Timer_Module_State_0_handles__A               
80056f64  IMPEG4VDEC_TI_DYNAMICPARAMS                                             
80056fbc  IRESMAN_HDVICP                                                          
80056fdc  ti_sysbios_hal_SecondsClock_Module__state__V                            
8005701c  ti_sdo_ce__versionString                                                
80057020  Engine_ALGCREATEATTRS                                                   
80057028  Engine_ATTRS                                                            
80057034  Engine_alwaysCollectDspTrace                                            
80057038  Engine_ceDebugDspTraceMask                                              
80057050  ti_sysbios_family_arm_ducati_GateSmp_Object__table__V                   
8005709c  IRESMAN_NULLRES                                                         
800570bc  ti_sysbios_family_arm_m3_Hwi_Module__state__V                           
80057120  H264VDEC_TI_IH264VDEC                                                   
8005714c  JPEGVDEC_TI_IJPEGVDEC                                                   
80057178  MPEG2VDEC_TI_IMPEG2VDEC                                                 
800571a4  MPEG4ENC_TI_IMPEG4ENC                                                   
800571d0  MPEG4VDEC_TI_IMPEG4VDEC                                                 
800571fc  VC1VDEC_TI_IVC1VDEC                                                     
80057228  _DSKT2_memTabList                                                       
8005722c  _DSKT2_activeAlg                                                        
80057230  _DSKT2_lastActiveAlg                                                    
80057234  _DSKT2_scratchShareRefCount                                             
80057238  _DSKT2_createCallbackFxn                                                
8005723c  _DSKT2_NumYielded                                                       
80057240  _DSKT2_yielded                                                          
80057244  _DSKT2_initialized                                                      
8005724c  _DSKT2_gate                                                             
80057254  ti_sdo_codecs_h264enc_ce_H264ENC_codecClassConfig                       
80057280  ti_sdo_codecs_mpeg4enc_ce_MPEG4ENC_codecClassConfig                     
800572ac  ti_sysbios_knl_Clock_Module__state__V                                   
800572d8  JPEGVDEC_TI_IRES                                                        
80057300  MPEG2VDEC_TI_IRES                                                       
80057328  MPEG4VDEC_TI_IRES                                                       
80057350  VC1VDEC_TI_IRES                                                         
80057378  ti_sysbios_heaps_HeapBuf_Object__table__V                               
800573a0  ti_sysbios_knl_Semaphore_Object__table__V                               
800573c8  H264VDEC_TI_IALG                                                        
800573ec  JPEGVDEC_TI_IALG                                                        
80057410  MPEG2VDEC_TI_IALG                                                       
80057434  MPEG4ENC_TI_IALG                                                        
80057458  MPEG4VDEC_TI_IALG                                                       
8005747c  VC1VDEC_TI_IALG                                                         
800574ac  IRESMAN_HDVICP2_CONSTRUCTFXNS                                           
800574c4  ti_sysbios_BIOS_Module__state__V                                        
800574e8  xdc_runtime_System_Module_State_0_atexitHandlers__A                     
8005750c  IRESMAN_TILEDMEMORY                                                     
8005752c  ti_deh_Watchdog_Module_State_0_device__A                                
8005754c  ti_sdo_ipc_family_vayu_NotifySetup_Module_State_0_numPlugged__A         
8005756c  ti_sysbios_knl_Task_Module_StateSmp_smpRunQ__A                          
80057594  Processor_ATTRS                                                         
800575a8  ti_sysbios_gates_GateMutex_Object__table__V                             
800575c4  ti_sysbios_knl_Swi_Module__state__V                                     
800575e0  ti_sdo_ce_osal_Memory_DEFAULTPARAMS                                     
800575fc  IpcPower_suspendCount                                                   
80057600  IpcPower_resumeCount                                                    
80057604  IpcPower_clockFxn                                                       
80057616  ti_deh_Watchdog_Module_State_0_status__A                                
800576a8  ti_sysbios_family_arm_ducati_smp_Power_Module__state__V                 
800576c0  ti_sysbios_heaps_HeapMem_Object__table__V                               
800576d8  ti_sysbios_xdcruntime_SemThreadSupport_Object__table__V                 
800576f0  ti_trace_SysMin_Module__state__V                                        
80057735  ti_sdo_ce_osal_bios_Global_CE_CHECK                                     
80057738  RMAN_PARAMS                                                             
80057760  ti_sysbios_family_arm_ducati_Core_Module__state__V                      
80057774  ti_sysbios_timers_dmtimer_Timer_Module__state__V                        
800577a8  __TI_ft_end                                                             
800577ac  __aeabi_stdin                                                           
800577b0  __aeabi_stdout                                                          
800577b4  __aeabi_stderr                                                          
800577b8  ti_sdo_ce_utils_syscbuf_SysCBuf_Module__state__V                        
800577c8  ti_sysbios_hal_Hwi_Object__table__V                                     
800577d8  xdc_runtime_Diags_dictElems                                             
800577e8  __TI_cleanup_ptr                                                        
800577ec  __TI_dtors_ptr                                                          
800577f0  __TI_enable_exit_profile_output                                         
800577f4  Server_holdingTraceToken                                                
80057800  _DSKT2_algReferenceCount                                                
80057804  DSKT2_ALGATTRS                                                          
8005780c  Comm_ATTRS                                                              
80057824  ti_deh_Deh_Module__state__V                                             
80057830  ti_deh_Watchdog_Module__state__V                                        
8005783c  ti_sysbios_gates_GateHwi_Object__table__V                               
80057848  ti_sysbios_knl_Task_Module_State_0_smpCurSet__A                         
80057854  ti_sysbios_knl_Task_Module_State_0_smpReadyQ__A                         
8005786a  ti_sdo_utils_MultiProc_Module_State_0_clusterProcList__A                
80057874  _lock                                                                   
80057878  _unlock                                                                 
80057884  Engine_config                                                           
8005788c  IpcPower_idleCount                                                      
800578ac  ti_deh_StackDbg_Module__state__V                                        
800578b4  ti_sdo_utils_List_Module__root__V                                       
800578bc  ti_sdo_utils_MultiProc_Module__state__V                                 
800578c4  ti_sysbios_family_arm_ducati_GateSmp_Module__root__V                    
800578cc  ti_sysbios_family_arm_m3_Hwi_Module_State_0_excContext__A               
800578d4  ti_sysbios_family_arm_m3_Hwi_Module_State_0_excStack__A                 
800578dc  ti_sysbios_family_arm_m3_Hwi_Module_State_0_intAffinityMasks_0__A       
800578e4  ti_sysbios_family_arm_m3_Hwi_Module_State_0_intAffinityMasks_1__A       
800578ec  ti_sysbios_family_arm_m3_Hwi_Module_State_0_intAffinityMasks__A         
800578f4  ti_sysbios_family_arm_m3_Hwi_Module__root__V                            
800578fc  ti_sysbios_gates_GateHwi_Module__root__V                                
80057904  ti_sysbios_gates_GateMutexPri_Module__root__V                           
8005790c  ti_sysbios_gates_GateMutex_Module__root__V                              
80057914  ti_sysbios_heaps_HeapBuf_Module__root__V                                
8005791c  ti_sysbios_heaps_HeapMem_Module__root__V                                
80057924  ti_sysbios_knl_Queue_Module__root__V                                    
8005792c  ti_sysbios_knl_Semaphore_Module__root__V                                
80057934  ti_sysbios_knl_Swi_Module__root__V                                      
8005793c  ti_sysbios_knl_Task_Module_StateSmp_sortedRunQ                          
80057944  ti_sysbios_knl_Task_Module_State_0_idleTask__A                          
8005794c  ti_sysbios_knl_Task_Module_State_0_smpCurMask__A                        
80057954  ti_sysbios_knl_Task_Module_State_0_smpCurTask__A                        
8005795c  ti_sysbios_knl_Task_Module__root__V                                     
80057964  ti_sysbios_knl_Task_Module__stateSmp__V                                 
8005796c  ti_sysbios_utils_Load_Module_State_0_runningTask__A                     
80057974  ti_sysbios_utils_Load_Module_State_0_taskStartTime__A                   
8005797c  ti_sysbios_xdcruntime_GateProcessSupport_Module__root__V                
80057984  ti_sysbios_xdcruntime_GateThreadSupport_Module__root__V                 
8005798c  ti_sysbios_xdcruntime_SemThreadSupport_Module__root__V                  
80057994  ti_sysbios_xdcruntime_ThreadSupport_Module__root__V                     
800579d4  xdc_runtime_LoggerSys_Module__root__V                                   
800579dc  xdc_runtime_LoggerSys_Object__table__V                                  
800579e4  xdc_runtime_Registry_Module__state__V                                   
800579ec  xdc_runtime_Startup_Module__state__V                                    
800579f4  xdc_runtime_System_Module__state__V                                     
800579fc  xdc_runtime_knl_GateProcess_Module__root__V                             
80057a04  xdc_runtime_knl_GateThread_Module__root__V                              
80057a0c  xdc_runtime_knl_SemThread_Module__root__V                               
80057a14  xdc_runtime_knl_SemThread_Object__table__V                              
80057a1c  xdc_runtime_knl_Thread_Module__root__V                                  
80057a30  errno                                                                   
80057a38  main_func_sp                                                            
80057a44  ti_ipc_remoteproc_Resource_Module__state__V                             
80057a48  ti_sdo_ce_osal_Memory_heapNames                                         
80057a4c  ti_sdo_fc_ires_hdvicp_HDVICP2_CallBackAlg                               
80057a50  ti_sdo_fc_ires_hdvicp_HDVICP2_CallBackArgs                              
80057a54  ti_sdo_fc_ires_hdvicp_HDVICP2_CallBackFxn                               
80057a58  ti_sdo_fc_ires_hdvicp_HDVICP2_interrupts                                
80057a5c  ti_sysbios_family_arm_m3_Hwi_Module_State_0_excActive__A                
80057a60  ti_sysbios_family_shared_vayu_IntXbar_Module__state__V                  
80057a64  ti_sysbios_heaps_HeapBuf_Module__state__V                               
80057a70  xdc_runtime_Memory_Module__state__V                                     
80057a74  ti_sdo_ce_osal_bios_Global_CE_DEBUG                                     
80057a76  ti_sysbios_BIOS_Module_State_0_smpThreadType__A                         
80057a78  xdc_runtime_Error_Module__state__V                                      
80057a7a  xdc_runtime_Registry_Module__root__V                                    
80057a7c  __stack                                                                 
80058a7c  __STACK_END                                                             
80200000  ti_sysbios_heaps_HeapMem_Instance_State_0_buf__A                        
9f000000  ti_trace_SysMin_Module_State_0_outbuf__A                                
9f007ff8  ti_trace_SysMin_Module_State_0_writeidx__A                              
9f007ffc  ti_trace_SysMin_Module_State_0_readidx__A                               
9f060000  ti_deh_Deh_Module_State_0_outbuf__A                                     
9f070000  ti_sysbios_family_arm_ducati_smp_Power_savedContext                     
9f07027c  ti_sysbios_family_arm_ducati_smp_Power_savedRAM                         
e000e000  ti_sysbios_family_arm_m3_Hwi_nvic                                       
ffffffff  __TI_pprof_out_hndl                                                     
ffffffff  __TI_prof_data_size                                                     
ffffffff  __TI_prof_data_start                                                    
ffffffff  __binit__                                                               
ffffffff  __c_args__                                                              
ffffffff  binit                                                                   
UNDEFED   SHT$$INIT_ARRAY$$Base                                                   
UNDEFED   SHT$$INIT_ARRAY$$Limit                                                  

[1853 symbols]
