******************************************************************************
                  TI ARM Linker Unix v15.12.1                  
******************************************************************************
>> Linked Thu Feb 16 16:25:06 2017

OUTPUT FILE NAME:   <out/ipu/release/ipu.xem4>
ENTRY POINT SYMBOL: "ti_sysbios_family_arm_ducati_smp_Power_reset"  address: 00000011


MEMORY CONFIGURATION

         name            origin    length      used     unused   attr    fill
----------------------  --------  ---------  --------  --------  ----  --------
  L2_ROM                00000000   00004000  00000630  000039d0  RWIX
  EXT_CODE              00004000   005fc000  0038ec62  0026d39e  RW X
  L2_RAM                20000000   00010000  00000000  00010000  RWIX
  OCMC_RAM1             40300000   00080000  00000000  00080000  RWIX
  OCMC_RAM2             40400000   00100000  00000000  00100000  RWIX
  OCMC_RAM3             40500000   00100000  00000000  00100000  RWIX
  EXT_DATA              80000000   00200000  00058b7c  001a7484  RW  
  EXT_HEAP              80200000   02900000  02800000  00100000  RW  
  TRACE_BUF             9f000000   00060000  00008000  00058000  RW  
  EXC_DATA              9f060000   00010000  00000200  0000fe00  RW  
  PM_DATA               9f070000   00020000  0001027c  0000fd84  RW X


SEGMENT ALLOCATION MAP

run origin  load origin   length   init length attrs members
----------  ----------- ---------- ----------- ----- -------
00000000    00000000    000000e0   000000e0    r-x
  00000000    00000000    000000e0   000000e0    r-x .ducatiPowerBoot
00000400    00000400    00000140   00000140    r--
  00000400    00000400    00000140   00000140    r-- .resetVecs
00003000    00003000    00000410   00000410    rw-
  00003000    00003000    00000410   00000410    rw- .resource_table
00004000    00004000    0038ec68   0038ec68    r-x
  00004000    00004000    003368a4   003368a4    r-- .const
  0033a8a4    0033a8a4    00000004   00000004    r-- .const:ti_sysbios_hal_ammu_AMMU_numLargePages__C
  0033a8a8    0033a8a8    0004cea4   0004cea4    r-x .text.1
  0038774c    0038774c    00000004   00000004    r-- .const:ti_sysbios_hal_ammu_AMMU_numLinePages__C
  00387750    00387750    000002ec   000002ec    r-x .text.2
  00387a3c    00387a3c    00000004   00000004    r-- .const:ti_sysbios_hal_ammu_AMMU_numMediumPages__C
  00387a40    00387a40    0000058c   0000058c    r-x .text.3
  00387fcc    00387fcc    00000004   00000004    r-- .const:ti_sysbios_hal_ammu_AMMU_numSmallPages__C
  00387fd0    00387fd0    0000238a   0000238a    r-x .text.4
  0038a35c    0038a35c    000004b8   000004b8    r-- .const:ti_sysbios_hal_ammu_AMMU_mmuInitConfig__C
  0038a818    0038a818    00008450   00008450    r-- .cinit
80000000    80000000    00058b7c   00000000    rw-
  80000000    80000000    0004f784   00000000    rw- .bss
  8004f784    8004f784    000083f8   00000000    rw- .data
  80057b7c    80057b7c    00001000   00000000    rw- .stack
80200000    80200000    02800000   00000000    rw-
  80200000    80200000    02800000   00000000    rw- .systemHeap
9f000000    9f000000    00008000   00000000    rw-
  9f000000    9f000000    00008000   00000000    rw- .tracebuf
9f060000    9f060000    00000200   00000000    rw-
  9f060000    9f060000    00000200   00000000    rw- .errorbuf
9f070000    9f070000    0001027c   00000000    rw-
  9f070000    9f070000    0001027c   00000000    rw- .ti_sysbios_family_arm_ducati_smp_Power


SECTION ALLOCATION MAP

 output                                  attributes/
section   page    origin      length       input sections
--------  ----  ----------  ----------   ----------------
.bss       0    80000000    0004f784     UNINITIALIZED
                  80000000    00040000     (.common:ti_sysbios_heaps_HeapBuf_Instance_State_0_buf__A)
                  80040000    0000c000     ipu_pem4.oem4 (.bss:taskStackSection)
                  8004c000    00001000     (.common:ti_sysbios_family_arm_ducati_Core_Module_State_0_core1HwiStack__A)
                  8004d000    00001000     (.common:ti_sysbios_family_arm_m3_Hwi_vnvic)
                  8004e000    00000800     (.common:Tuples)
                  8004e800    000007c0     (.common:serviceDefs)
                  8004efc0    00000210     ti.srvmgr_smp.aem4 : ServiceMgr.oem4 (.bss:serviceTasks)
                  8004f1d0    00000140     (.common:ti_sysbios_family_arm_m3_Hwi_dispatchTable)
                  8004f310    00000120     rtsv7M4_T_le_eabi.lib : trgmsg.obj (.bss:_CIOBUF_)
                  8004f430    000000a0     (.common:__TI_tmpnams)
                  8004f4d0    00000050     dskt2.aem4 : dskt2_lock.oem4 (.bss:_DSKT2_yieldingContext)
                  8004f520    00000050                : dskt2_lock.oem4 (.bss:_locks)
                  8004f570    0000002c     (.common:RMAN_TABLE)
                  8004f59c    00000024     ce.aem4 : Engine.oem4 (.bss)
                  8004f5c0    00000018     (.common:RMAN_FREE_ENTRIES)
                  8004f5d8    00000018     (.common:_RMAN_internalState$2)
                  8004f5f0    00000014     ti.pm_smp_vayu.aem4 : IpcPower.oem4 (.bss:PowerSuspArgs)
                  8004f604    00000014     ce.aem4 : Server.oem4 (.bss)
                  8004f618    00000014     (.common:IRESMAN_HDVICP2_DEFAULTPARAM)
                  8004f62c    0000000c     Algorithm_BIOS.aem4 : Algorithm_BIOS.oem4 (.bss)
                  8004f638    0000000c     XdmUtils.aem4 : XdmUtils.oem4 (.bss)
                  8004f644    0000000c     ce.aem4 : visa.oem4 (.bss)
                  8004f650    0000000c     cesettings.aem4 : CESettings.oem4 (.bss)
                  8004f65c    0000000c     ipc_bios_nomsg.aem4 : Processor_noOS.oem4 (.bss)
                  8004f668    0000000c     osal.aem4 : Global_BIOS.oem4 (.bss)
                  8004f674    0000000c               : Loader_noOS.oem4 (.bss)
                  8004f680    0000000c               : Memory_BIOS.oem4 (.bss)
                  8004f68c    0000000c     ti.pm_smp_vayu.aem4 : IpcPower.oem4 (.bss)
                  8004f698    0000000c     viddec3.aem4 : viddec3.oem4 (.bss)
                  8004f6a4    0000000c     videnc2.aem4 : videnc2.oem4 (.bss)
                  8004f6b0    0000000c     (.common:ti_grcm_RcmServer__Desc)
                  8004f6bc    0000000c     (.common:ti_sdo_fc_dskt2_desc)
                  8004f6c8    0000000c     (.common:ti_sdo_fc_ires_hdvicp2_desc)
                  8004f6d4    0000000c     (.common:ti_sdo_fc_ires_nullres_desc)
                  8004f6e0    0000000c     (.common:ti_sdo_fc_rman_desc)
                  8004f6ec    0000000c     (.common:ti_sdo_fc_settings_desc)
                  8004f6f8    00000008     ipu_pem4.oem4 (.bss:_entries$1)
                  8004f700    00000008     ipu_pem4.oem4 (.bss:_params$2)
                  8004f708    00000008     ipu.aem4 : iresman_tiledmemory.oem4 (.bss)
                  8004f710    00000008     rtsv7M4_T_le_eabi.lib : trgdrv.obj (.bss:parmbuf)
                  8004f718    00000008     ti.trace_smp.aem4 : SysMin.oem4 (.bss)
                  8004f720    00000008     ti.pm_smp_vayu.aem4 : IpcPower.oem4 (.bss:wugenEvtMask)
                  8004f728    00000008     (.common:_DSKT2_scratchDescTbl)
                  8004f730    00000008     (.common:_resmanInternalState)
                  8004f738    00000008     (.common:ti_sysbios_knl_Task_Instance_State_0_hookEnv__A)
                  8004f740    00000008     (.common:ti_sysbios_knl_Task_Instance_State_1_hookEnv__A)
                  8004f748    00000008     (.common:ti_sysbios_knl_Task_Instance_State_2_hookEnv__A)
                  8004f750    00000008     (.common:ti_sysbios_knl_Task_Instance_State_3_hookEnv__A)
                  8004f758    00000006     (.common:resTable)
                  8004f75e    00000002     --HOLE--
                  8004f760    00000004     (.common:DSKT2_allowExternalScratch)
                  8004f764    00000004     (.common:_FC_heap)
                  8004f768    00000004     (.common:_resmanInternalState)
                  8004f76c    00000004     (.common:allocFxn)
                  8004f770    00000004     (.common:freeFxn)
                  8004f774    00000004     (.common:ti_sdo_ce_osal_Memory_heapList)
                  8004f778    00000004     (.common:ti_sdo_fc_ires_hdvicp_HDVICP2_semArray)
                  8004f77c    00000004     (.common:ti_sysbios_knl_Swi_Instance_State_0_hookEnv__A)
                  8004f780    00000004     (.common:ti_sysbios_knl_Swi_Instance_State_1_hookEnv__A)

.neardata 
*          0    8004f784    00000000     UNINITIALIZED

.rodata    0    8004f784    00000000     UNINITIALIZED

.stack     0    80057b7c    00001000     UNINITIALIZED
                  80057b7c    00001000     --HOLE--

.cinit     0    0038a818    00008450     
                  0038a818    00008400     (.cinit..data.load) [load image]
                  00392c18    00000008     (.cinit..bss.load) [load image, compression = zero_init]
                  00392c20    00000008     (.cinit..errorbuf.load) [load image, compression = zero_init]
                  00392c28    00000008     (.cinit..ti_sysbios_family_arm_ducati_smp_Power.load) [load image, compression = zero_init]
                  00392c30    00000008     (.cinit..tracebuf.load) [load image, compression = zero_init]
                  00392c38    00000008     (__TI_handler_table)
                  00392c40    00000028     (__TI_cinit_table)

.init_array 
*          0    00004000    00000000     UNINITIALIZED

.bootVecs 
*          0    00000000    00000008     DSECT
                  00000000    00000008     boot.aem4 : boot.oem4 (.bootVecs)

.ducatiPowerBoot 
*          0    00000000    000000e0     
                  00000000    000000e0     sysbios.aem4 : smp_Power_resumeCpu.obj (.ducatiPowerBoot)

.resetVecs 
*          0    00000400    00000140     
                  00000400    00000140     ipu_pem4.oem4 (.resetVecs)

.vecs      0    00000400    00000000     DSECT

.resource_table 
*          0    00003000    00000410     
                  00003000    00000410     main.oem4 (.resource_table)

.const     0    00004000    003368a4     
                  00004000    00093b90     h264enc_ti_host.lib : h264enc_ti_const.obj (.const:H264ENC_TI_dSect1)
                  00097b90    0004d910     h264vdec_ti.lib : h264vdec_ti_constantmatrices.obj (.const:H264VDEC_TI_dSect1)
                  000e54a0    0003f268     jpegvdec_ti_host.lib : jpegvdec_ti_host.o (.const:load_data:init)
                  00124708    0003c888     mpeg2vdec_ti_host.lib : mpeg2vdec_ti_host.o (.const:load_data:init)
                  00160f90    0003998c     jpegenc_ti_host.lib : jpegenc_ti_host.o (.const)
                  0019a91c    0000aa30     mpeg4vdec_ti_host.lib : mpeg4vdec_ti_table.obj (.const:statictable)
                  001a534c    00007fcc     mpeg4venc_ti_host.lib : mpeg4enc_ti_process.obj (.const:MPEG4VENC_TI_ICONT1_DEBUGTRACE_LEVEL1_DataSect1)
                  001ad318    00007fb4                           : mpeg4enc_ti_process.obj (.const:MPEG4VENC_TI_ICONT2_DataSect1)
                  001b52cc    00007f94     mpeg4vdec_ti_host.lib : mpeg4vdec_ti_datatransfer.obj (.const:MPEG4VDEC_TI_ICONT1_DEBUGTRACELEVEL1_DataSect3)
                  001bd260    00007f80     vc1vdec_ti_host_M3.lib : vc1vdec_ti_ialg.obj (.const:ILF3PStackMem)
                  001c51e0    00007f58     mpeg4vdec_ti_host.lib : mpeg4vdec_ti_datatransfer.obj (.const:MPEG4VDEC_TI_ICONT1_DEBUGTRACELEVEL2_DataSect3)
                  001cd138    00007f4c                           : mpeg4vdec_ti_datatransfer.obj (.const:MPEG4VDEC_TI_ICONT1_DataSect3)
                  001d5084    00007f40     mpeg4venc_ti_host.lib : mpeg4enc_ti_process.obj (.const:MPEG4VENC_TI_ICONT1_DataSect1)
                  001dcfc4    00007f14     h264enc_ti_host.lib : h264enc_ti_process.obj (.const:H264ENC_TI_ICONT1_DataSect0)
                  001e4ed8    00007efc     vc1vdec_ti_host_M3.lib : vc1vdec_ti_data_transfer.obj (.const:VC1VDEC_TI_LEVEL1_ICONT1DataSect1)
                  001ecdd4    00007ed8     mpeg4vdec_ti_host.lib : mpeg4vdec_ti_datatransfer.obj (.const:MPEG4VDEC_TI_ICONT1_DEBUGTRACELEVEL2_DataSect1)
                  001f4cac    00007eb0     mpeg4venc_ti_host.lib : mpeg4enc_ti_process.obj (.const:MPEG4VENC_TI_ICONT2_DEBUGTRACE_LEVEL1_DataSect1)
                  001fcb5c    00007e94     vc1vdec_ti_host_M3.lib : vc1vdec_ti_data_transfer.obj (.const:VC1VDEC_TI_LEVEL3_ICONT1DataSect1)
                  002049f0    00007e78     mpeg4vdec_ti_host.lib : mpeg4vdec_ti_datatransfer.obj (.const:MPEG4VDEC_TI_ICONT1_DEBUGTRACELEVEL1_DataSect1)
                  0020c868    00007e70     vc1vdec_ti_host_M3.lib : vc1vdec_ti_data_transfer.obj (.const:VC1VDEC_TI_LEVEL3_ICONT2DataSect1)
                  002146d8    00007e58                            : vc1vdec_ti_data_transfer.obj (.const:VC1VDEC_TI_LEVEL4_ICONT1DataSect1)
                  0021c530    00007e50                            : vc1vdec_ti_data_transfer.obj (.const:VC1VDEC_TI_LEVEL2_ICONT1DataSect1)
                  00224380    00007e14                            : vc1vdec_ti_data_transfer.obj (.const:VC1VDEC_TI_ICONT1DataSect1)
                  0022c194    00007dd0     mpeg4vdec_ti_host.lib : mpeg4vdec_ti_datatransfer.obj (.const:MPEG4VDEC_TI_ICONT1_DataSect1)
                  00233f64    00007d88     h264vdec_ti.lib : h264vdec_ti_datatransfer.obj (.const:H264VDEC_TI_ICONT2_HIGHRES_DataSect0)
                  0023bcec    00007bf0                     : h264vdec_ti_datatransfer.obj (.const:H264VDEC_TI_ICONT1_HIGHRES_DataSect1)
                  002438dc    00007bec                     : h264vdec_ti_datatransfer.obj (.const:H264VDEC_TI_ICONT1_DataSect1)
                  0024b4c8    00007bc0     vc1vdec_ti_host_M3.lib : vc1vdec_ti_data_transfer.obj (.const:VC1VDEC_TI_LEVEL4_ICONT2DataSect1)
                  00253088    00007bac     h264enc_ti_host.lib : h264enc_ti_process.obj (.const:H264ENC_TI_ICONT1_4MVDataSect0)
                  0025ac34    00007a54                         : h264enc_ti_process.obj (.const:H264ENC_TI_ICONT1_HiMP_DataSect0)
                  00262688    000079d0     vc1vdec_ti_host_M3.lib : vc1vdec_ti_data_transfer.obj (.const:VC1VDEC_TI_LEVEL2_ICONT2DataSect1)
                  0026a058    000079b0     h264vdec_ti.lib : h264vdec_ti_datatransfer.obj (.const:H264VDEC_TI_ICONT2_DataSect0)
                  00271a08    000078dc     vc1vdec_ti_host_M3.lib : vc1vdec_ti_data_transfer.obj (.const:VC1VDEC_TI_LEVEL1_ICONT2DataSect1)
                  002792e4    00007820     h264vdec_ti.lib : h264vdec_ti_datatransfer.obj (.const:H264VDEC_TI_ERRORCONCEAL_ICONT1_DataSect0)
                  00280b04    00007808     vc1vdec_ti_host_M3.lib : vc1vdec_ti_data_transfer.obj (.const:VC1VDEC_TI_LEVEL2_ICONT1DataSect4)
                  0028830c    0000773c                            : vc1vdec_ti_data_transfer.obj (.const:VC1VDEC_TI_ICONT2DataSect1)
                  0028fa48    00007578                            : vc1vdec_ti_data_transfer.obj (.const:VC1VDEC_TI_ICONT1DataSect4)
                  00296fc0    00007578                            : vc1vdec_ti_data_transfer.obj (.const:VC1VDEC_TI_LEVEL1_ICONT1DataSect4)
                  0029e538    00007460     h264enc_ti_host.lib : h264enc_ti_process.obj (.const:H264ENC_TI_ICONT1_HIGHSPEED_DataSect0)
                  002a5998    00006fcc                         : h264enc_ti_process.obj (.const:H264ENC_TI_ICONT1_HiMP_4MVDataSect0)
                  002ac964    00006a88     mpeg4vdec_ti_host.lib : mpeg4vdec_ti_datatransfer.obj (.const:MPEG4VDEC_TI_ICONT2_DEBUGTRACELEVEL2_DataSect1)
                  002b33ec    00006a3c     h264enc_ti_host.lib : h264enc_ti_process.obj (.const:H264ENC_TI_ICONT1_HiMP_HiSPEED_DataSect0)
                  002b9e28    000069e4     mpeg4vdec_ti_host.lib : mpeg4vdec_ti_datatransfer.obj (.const:MPEG4VDEC_TI_ICONT2_DEBUGTRACELEVEL1_DataSect1)
                  002c080c    00006974                           : mpeg4vdec_ti_datatransfer.obj (.const:MPEG4VDEC_TI_ICONT2_DataSect1)
                  002c7180    00006780     vc1vdec_ti_host_M3.lib : vc1vdec_ti_data_transfer.obj (.const:VC1VDEC_TI_LEVEL3_ICONT1DataSect4)
                  002cd900    00006778                            : vc1vdec_ti_data_transfer.obj (.const:VC1VDEC_TI_LEVEL4_ICONT1DataSect4)
                  002d4078    000058f4     mpeg4vdec_ti_host.lib : mpeg4vdec_ti_errconceal.obj (.const:MPEG4VDEC_TI_EC_DataSect1)
                  002d996c    00005710     vc1vdec_ti_host_M3.lib : vc1vdec_ti_errconceal.obj (.const:VC1VDEC_TI_ERROR_CONCEAL_ICONT1DataSect1)
                  002df07c    000052c8     mpeg2vdec_ti_host.lib : mpeg2vdec_ti_host.o (.const:ec_load_data)
                  002e4344    00004d74     ipu_pem4.oem4 (.const:.string)
                  002e90b8    00004a00     mpeg2vdec_ti_host.lib : mpeg2vdec_ti_host.o (.const:tableLSEILFCmds)
                  002edab8    000049a8                           : mpeg2vdec_ti_host.o (.const:.string:MPEG2VDEC_TI_ICONT2_LEVEL3_SECTION1)
                  002f2460    00004958                           : mpeg2vdec_ti_host.o (.const:.string:MPEG2VDEC_TI_ICONT2_LEVEL4_SECTION1)
                  002f6db8    000047b0                           : mpeg2vdec_ti_host.o (.const:.string:MPEG2VDEC_TI_ICONT2_SECTION1)
                  002fb568    00004748                           : mpeg2vdec_ti_host.o (.const:.string:MPEG2VDEC_TI_ICONT2_LEVEL2_SECTION1)
                  002ffcb0    000046a0                           : mpeg2vdec_ti_host.o (.const:.string:MPEG2VDEC_TI_ICONT2_LEVEL1_SECTION1)
                  00304350    00004018     h264vdec_ti.lib : h264vdec_ti_datatransfer.obj (.const:H264VDEC_TI_ICONT1_DataSect3)
                  00308368    00003b74                     : h264vdec_ti_datatransfer.obj (.const:H264VDEC_TI_ICONT1_HIGHRES_DataSect4)
                  0030bedc    00002f0c     vc1vdec_ti_host_M3.lib : vc1vdec_ti_data_transfer.obj (.const:VC1VDEC_TI_LEVEL4_ICONT2DataSect5)
                  0030ede8    00002ef4                            : vc1vdec_ti_data_transfer.obj (.const:VC1VDEC_TI_LEVEL3_ICONT2DataSect5)
                  00311cdc    00002ed0                            : vc1vdec_ti_data_transfer.obj (.const:VC1VDEC_TI_ICONT2DataSect5)
                  00314bac    00002ed0                            : vc1vdec_ti_data_transfer.obj (.const:VC1VDEC_TI_LEVEL1_ICONT2DataSect5)
                  00317a7c    00002ed0                            : vc1vdec_ti_data_transfer.obj (.const:VC1VDEC_TI_LEVEL2_ICONT2DataSect5)
                  0031a94c    00002b38     ipu_pem4.oem4 (.const:xdc_runtime_Text_charTab__A)
                  0031d484    00001e44     h264vdec_ti.lib : h264vdec_ti_datatransfer.obj (.const:H264VDEC_TI_ICONT1_DataSect5)
                  0031f2c8    00001e20                     : h264vdec_ti_datatransfer.obj (.const:H264VDEC_TI_ICONT1_HIGHRES_DataSect6)
                  003210e8    00001c60                     : h264vdec_ti_datatransfer.obj (.const:H264VDEC_TI_ICONT1_HIGHRES_DataSect3)
                  00322d48    0000111c     vc1vdec_ti_host_M3.lib : vc1vdec_ti_data_transfer.obj (.const:VC1VDEC_TI_ICONT2DataSect2)
                  00323e64    0000111c                            : vc1vdec_ti_data_transfer.obj (.const:VC1VDEC_TI_LEVEL1_ICONT2DataSect2)
                  00324f80    0000111c                            : vc1vdec_ti_data_transfer.obj (.const:VC1VDEC_TI_LEVEL2_ICONT2DataSect2)
                  0032609c    0000111c                            : vc1vdec_ti_data_transfer.obj (.const:VC1VDEC_TI_LEVEL3_ICONT2DataSect2)
                  003271b8    0000111c                            : vc1vdec_ti_data_transfer.obj (.const:VC1VDEC_TI_LEVEL4_ICONT2DataSect2)
                  003282d4    00000fcc     h264vdec_ti.lib : h264vdec_ti_datatransfer.obj (.const:H264VDEC_TI_ICONT1_HIGHRES_DataSect5)
                  003292a0    00000f78                     : h264vdec_ti_datatransfer.obj (.const:H264VDEC_TI_ICONT1_DataSect4)
                  0032a218    00000dec     mpeg4venc_ti_host.lib : mpeg4enc_ti_process.obj (.const:MPEG4VENC_TI_ICONT2_DEBUGTRACE_LEVEL1_DataSect3)
                  0032b004    00000cf0                           : mpeg4enc_ti_process.obj (.const:MPEG4VENC_TI_ICONT2_DataSect3)
                  0032bcf4    00000ad0     mpeg2vdec_ti_host.lib : mpeg2vdec_ti_host.o (.const:tableLSEMCCmds)
                  0032c7c4    00000800     vc1vdec_ti_host_M3.lib : vc1vdec_ti_data_transfer.obj (.const:VC1VDEC_TI_ICONT2DataSect3)
                  0032cfc4    00000800                            : vc1vdec_ti_data_transfer.obj (.const:VC1VDEC_TI_LEVEL1_ICONT2DataSect3)
                  0032d7c4    00000800                            : vc1vdec_ti_data_transfer.obj (.const:VC1VDEC_TI_LEVEL2_ICONT2DataSect3)
                  0032dfc4    00000800                            : vc1vdec_ti_data_transfer.obj (.const:VC1VDEC_TI_LEVEL3_ICONT2DataSect3)
                  0032e7c4    00000800                            : vc1vdec_ti_data_transfer.obj (.const:VC1VDEC_TI_LEVEL4_ICONT2DataSect3)
                  0032efc4    00000800     jpegvdec_ti_host.lib : jpegvdec_ti_host.o (.const:tableLSECALCCmds)
                  0032f7c4    0000000a     ce.aem4 : Engine.oem4 (.const:.string)
                  0032f7ce    00000002     ipu_pem4.oem4 (.const:ti_sdo_ipc_family_vayu_InterruptIpu_Module__id__C)
                  0032f7d0    00000700     mpeg4venc_ti_host.lib : mpeg4enc_ti_mbInfo_tables.obj (.const:MPEG4ENC_TI_StaticTableSection)
                  0032fed0    000005a0                           : mpeg4enc_ti_lse_tables.obj (.const:MPEG4ENC_TI_StaticTableSection)
                  00330470    00000548                           : mpeg4enc_ti_ime3_pgm.obj (.const:MPEG4ENC_TI_StaticTableSection)
                  003309b8    00000008     ipu_pem4.oem4 (.const:ti_sysbios_family_arm_ducati_smp_Power_postSuspendHooks__C)
                  003309c0    00000530     mpeg4venc_ti_host.lib : mpeg4enc_ti_ime3_pgm_1mv.obj (.const:MPEG4ENC_TI_StaticTableSection)
                  00330ef0    000004ec     h264enc_ti_host.lib : h264enc_ti_process.obj (.const:H264ENC_TI_ICONT2_4MVDataSect0)
                  003313dc    000004ec                         : h264enc_ti_process.obj (.const:H264ENC_TI_ICONT2_DataSect0)
                  003318c8    000004ec                         : h264enc_ti_process.obj (.const:H264ENC_TI_ICONT2_HIGHSPEED_DataSect0)
                  00331db4    000004ec                         : h264enc_ti_process.obj (.const:H264ENC_TI_ICONT2_HiMP_4MVDataSect0)
                  003322a0    000004ec                         : h264enc_ti_process.obj (.const:H264ENC_TI_ICONT2_HiMP_DataSect0)
                  0033278c    000004ec                         : h264enc_ti_process.obj (.const:H264ENC_TI_ICONT2_HiMP_HiSPEED_DataSect0)
                  00332c78    000004e4     ti.framework.dce.aem4 : dce.oem4 (.const:$O2$$)
                  0033315c    000004b4     vc1vdec_ti_host_M3.lib : vc1vdec_ti_data_transfer.obj (.const:VC1VDEC_TI_ICONT2DataSect4)
                  00333610    000004b4                            : vc1vdec_ti_data_transfer.obj (.const:VC1VDEC_TI_LEVEL1_ICONT2DataSect4)
                  00333ac4    000004b4                            : vc1vdec_ti_data_transfer.obj (.const:VC1VDEC_TI_LEVEL2_ICONT2DataSect4)
                  00333f78    000004b4                            : vc1vdec_ti_data_transfer.obj (.const:VC1VDEC_TI_LEVEL3_ICONT2DataSect4)
                  0033442c    000004b4                            : vc1vdec_ti_data_transfer.obj (.const:VC1VDEC_TI_LEVEL4_ICONT2DataSect4)
                  003348e0    0000045c     mpeg4vdec_ti_host.lib : mpeg4vdec_ti_datatransfer.obj (.const:MPEG4VDEC_TI_ICONT1_DataSect2)
                  00334d3c    00000440     vc1vdec_ti_host_M3.lib : vc1vdec_ti_data_transfer.obj (.const:VC1VDEC_TI_ICONT1DataSect2)
                  0033517c    00000440                            : vc1vdec_ti_data_transfer.obj (.const:VC1VDEC_TI_LEVEL1_ICONT1DataSect2)
                  003355bc    00000440                            : vc1vdec_ti_data_transfer.obj (.const:VC1VDEC_TI_LEVEL2_ICONT1DataSect2)
                  003359fc    00000440                            : vc1vdec_ti_data_transfer.obj (.const:VC1VDEC_TI_LEVEL3_ICONT1DataSect2)
                  00335e3c    00000440                            : vc1vdec_ti_data_transfer.obj (.const:VC1VDEC_TI_LEVEL4_ICONT1DataSect2)
                  0033627c    000003ac     h264vdec_ti.lib : h264vdec_ti_datatransfer.obj (.const:H264VDEC_TI_ICONT1_DataSect0)
                  00336628    000003ac                     : h264vdec_ti_datatransfer.obj (.const:H264VDEC_TI_ICONT1_HIGHRES_DataSect0)
                  003369d4    000003a4                     : h264vdec_ti_datatransfer.obj (.const:H264VDEC_TI_ICONT2_DataSect2)
                  00336d78    00000304                     : h264vdec_ti_datatransfer.obj (.const:H264VDEC_TI_ICONT1_HIGHRES_DataSect7)
                  0033707c    000002fc                     : h264vdec_ti_datatransfer.obj (.const:H264VDEC_TI_ICONT1_DataSect6)
                  00337378    00000240     mpeg2vdec_ti_host.lib : mpeg2vdec_ti_host.o (.const:tableLSECALCCmds)
                  003375b8    00000220     mpeg4venc_ti_host.lib : mpeg4enc_ti_process.obj (.const:MPEG4VENC_TI_ICONT1_DataSect2)
                  003377d8    00000200     jpegvdec_ti_host.lib : jpegvdec_ti_host.o (.const:tableLSEECDCmds)
                  003379d8    000001e4     ipu_pem4.oem4 (.const:ti_sdo_ipc_family_vayu_InterruptIpu_mailboxTable__C)
                  00337bbc    000001e4     ipu_pem4.oem4 (.const:ti_sdo_ipc_family_vayu_NotifySetup_mailboxTable__C)
                  00337da0    000001d8     ipu_pem4.oem4 (.const:xdc_runtime_Text_nodeTab__A)
                  00337f78    000001a0     mpeg4venc_ti_host.lib : mpeg4enc_ti_process.obj (.const:MPEG4VENC_TI_ICONT2_DataSect2)
                  00338118    00000188     vc1vdec_ti_host_M3.lib : vc1vdec_ti_data_transfer.obj (.const:VC1VDEC_TI_ICONT1DataSect3)
                  003382a0    00000188                            : vc1vdec_ti_data_transfer.obj (.const:VC1VDEC_TI_LEVEL1_ICONT1DataSect3)
                  00338428    00000188                            : vc1vdec_ti_data_transfer.obj (.const:VC1VDEC_TI_LEVEL2_ICONT1DataSect3)
                  003385b0    00000188                            : vc1vdec_ti_data_transfer.obj (.const:VC1VDEC_TI_LEVEL3_ICONT1DataSect3)
                  00338738    00000188                            : vc1vdec_ti_data_transfer.obj (.const:VC1VDEC_TI_LEVEL4_ICONT1DataSect3)
                  003388c0    0000013c     h264enc_ti_host.lib : ih264enc.obj (.const:H264ENC_TI_PARAMS)
                  003389fc    00000120     mpeg4venc_ti_host.lib : mpeg4enc_ti_ialg.obj (.const:ps32LevelLimitTab)
                  00338b1c    00000101     rtsv7M4_T_le_eabi.lib : ctype.obj (.const:.string:_ctypes_)
                  00338c1d    00000001     ipu_pem4.oem4 (.const:ti_sysbios_family_arm_ducati_TimestampProvider_inpsel__C)
                  00338c1e    00000002     ipu_pem4.oem4 (.const:ti_sdo_utils_MultiProc_Module__id__C)
                  00338c20    00000100     mpeg4venc_ti_host.lib : mpeg4enc_ti_reconvdmadescriptors.obj (.const:MPEG4ENC_TI_StaticTableSection)
                  00338d20    00000100     mpeg4vdec_ti_host.lib : mpeg4vdec_ti_ialg.obj (.const)
                  00338e20    000000f0     h264enc_ti_host.lib : ih264enc.obj (.const:H264ENC_TI_DYNAMICPARAMS)
                  00338f10    000000a8     ti.framework.dce.aem4 : dce.oem4 (.const:.string)
                  00338fb8    000000a4     jpegvdec_ti_host.lib : jpegvdec_ti_host.o (.const)
                  0033905c    00000098     mpeg2vdec_ti_host.lib : mpeg2vdec_ti_host.o (.const)
                  003390f4    00000094     h264vdec_ti.lib : ih264vdec.obj (.const:IH264VDEC_PARAMS)
                  00339188    00000080     mpeg2vdec_ti_host.lib : mpeg2vdec_ti_host.o (.const:tableLSEECDCmds)
                  00339208    0000006e     vc1vdec_ti_host_M3.lib : vc1vdec_ti_version.obj (.const:VC1VDEC_TI_version)
                  00339276    00000002     ipu_pem4.oem4 (.const:ti_sdo_utils_MultiProc_numProcessors__C)
                  00339278    0000006b     jpegvdec_ti_host.lib : jpegvdec_ti_host.o (.const:.string:$P$T0$1)
                  003392e3    00000001     ipu_pem4.oem4 (.const:xdc_runtime_Error_policy__C)
                  003392e4    00000060     mpeg2vdec_ti_host.lib : mpeg2vdec_ti_host.o (.const:.string:MPEG2VDEC_TI_version)
                  00339344    00000058     vc1vdec_ti_host_M3.lib : vc1vdec_ti_ialg.obj (.const:VC1VDEC_TI_PARAMS)
                  0033939c    00000050     h264vdec_ti.lib : ih264vdec.obj (.const:IH264VDEC_TI_DYNAMICPARAMS)
                  003393ec    00000050     ipu_pem4.oem4 (.const:xdc_runtime_Startup_sfxnTab__A)
                  0033943c    00000044     ti.framework.dce.aem4 : ivahd.oem4 (.const:$O2$$)
                  00339480    00000040     h264vdec_ti.lib : h264vdec_ti_dpboutputframe.obj (.const:h264vdec_ti_maxDpbMbs)
                  003394c0    00000040     ipu_pem4.oem4 (.const:ti_sdo_ipc_family_vayu_InterruptIpu_mailboxBaseAddr__C)
                  00339500    00000040     ipu_pem4.oem4 (.const:ti_sdo_ipc_family_vayu_NotifySetup_mailboxBaseAddr__C)
                  00339540    0000003c     ipu_pem4.oem4 (.const:ti_sysbios_knl_Task_Object__PARAMS__C)
                  0033957c    00000035     mpeg4vdec_ti_host.lib : mpeg4vdec_ti_control.obj (.const:.string:$P$T0$1)
                  003395b1    00000001     --HOLE-- [fill = 0]
                  003395b2    00000002     ipu_pem4.oem4 (.const:ti_sdo_utils_MultiProc_numProcsInCluster__C)
                  003395b4    00000034     h264vdec_ti.lib : h264vdec_ti_control.obj (.const:.string:$P$T0$1)
                  003395e8    00000034     ipu_pem4.oem4 (.const:xdc_runtime_LoggerSys_Module__FXNS__C)
                  0033961c    00000030     h264enc_ti_host.lib : h264enc_ti_ialgIvahd.obj (.const:.string:$P$T0$1)
                  0033964c    00000030                         : h264enc_ti_vt.obj (.const:H264ENC_TI_IH264ENC)
                  0033967c    00000030     vc1vdec_ti_host_M3.lib : vc1vdec_ti_ialg.obj (.const:VC1VDEC_TI_DYNAMICPARAMS)
                  003396ac    00000030     ipu_pem4.oem4 (.const:ti_sysbios_family_arm_m3_Hwi_Object__PARAMS__C)
                  003396dc    00000030     ipu_pem4.oem4 (.const:ti_sysbios_knl_Task_hooks__A)
                  0033970c    0000002c     h264enc_ti_host.lib : h264enc_ti_process.obj (.const)
                  00339738    0000002c     ipu_pem4.oem4 (.const:ti_sdo_ipc_family_vayu_InterruptIpu_procIdTable__C)
                  00339764    0000002c     ipu_pem4.oem4 (.const:ti_sdo_ipc_family_vayu_NotifySetup_procIdTable__C)
                  00339790    0000002c     ipu_pem4.oem4 (.const:ti_sysbios_heaps_HeapBuf_Object__PARAMS__C)
                  003397bc    0000002c     ipu_pem4.oem4 (.const:ti_sysbios_xdcruntime_ThreadSupport_Object__PARAMS__C)
                  003397e8    0000002c     ipu_pem4.oem4 (.const:xdc_runtime_knl_Thread_Object__PARAMS__C)
                  00339814    00000028     h264enc_ti_host.lib : H264BPEnc_ti_ires.obj (.const:H264ENC_TI_IRES)
                  0033983c    00000028     h264vdec_ti.lib : h264vdec_ti_ires.obj (.const:H264VDEC_TI_IRES)
                  00339864    00000028     mpeg4venc_ti_host.lib : mpeg4enc_ti_ires.obj (.const:MPEG4ENC_TI_IRES)
                  0033988c    00000028     ipu_pem4.oem4 (.const:ti_sysbios_heaps_HeapBuf_Module__FXNS__C)
                  003398b4    00000028     ipu_pem4.oem4 (.const:ti_sysbios_heaps_HeapMem_Module__FXNS__C)
                  003398dc    00000028     ipu_pem4.oem4 (.const:ti_sysbios_knl_Idle_coreList__A)
                  00339904    00000028     ipu_pem4.oem4 (.const:ti_sysbios_knl_Idle_funcList__A)
                  0033992c    00000028     ipu_pem4.oem4 (.const:ti_sysbios_knl_Swi_Object__PARAMS__C)
                  00339954    00000028     ipu_pem4.oem4 (.const:xdc_runtime_Startup_sfxnRts__A)
                  0033997c    00000024     h264enc_ti_host.lib : h264enc_ti_vt.obj (.const:H264ENC_TI_IALG)
                  003399a0    00000024     ipu_pem4.oem4 (.const:ti_sysbios_family_arm_ducati_GateSmp_Module__FXNS__C)
                  003399c4    00000024     ipu_pem4.oem4 (.const:ti_sysbios_gates_GateHwi_Module__FXNS__C)
                  003399e8    00000024     ipu_pem4.oem4 (.const:ti_sysbios_gates_GateMutexPri_Module__FXNS__C)
                  00339a0c    00000024     ipu_pem4.oem4 (.const:ti_sysbios_gates_GateMutex_Module__FXNS__C)
                  00339a30    00000024     ipu_pem4.oem4 (.const:ti_sysbios_heaps_HeapMem_Object__PARAMS__C)
                  00339a54    00000024     ipu_pem4.oem4 (.const:ti_sysbios_knl_Semaphore_Object__PARAMS__C)
                  00339a78    00000024     ipu_pem4.oem4 (.const:xdc_runtime_knl_GateProcess_Module__FXNS__C)
                  00339a9c    00000024     ipu_pem4.oem4 (.const:xdc_runtime_knl_GateThread_Module__FXNS__C)
                  00339ac0    00000020     h264vdec_ti.lib : h264vdec_ti_decode.obj (.const:.string)
                  00339ae0    00000020     jpegvdec_ti_host.lib : jpegvdec_ti_host.o (.const:JPEGVDEC_TI_ICONT1_DataSect0)
                  00339b00    00000020                          : jpegvdec_ti_host.o (.const:JPEGVDEC_TI_ICONT1_LEVEL1_DataSect0)
                  00339b20    00000020                          : jpegvdec_ti_host.o (.const:JPEGVDEC_TI_ICONT1_LEVEL2_DataSect0)
                  00339b40    00000020                          : jpegvdec_ti_host.o (.const:JPEGVDEC_TI_ICONT1_LEVEL3_DataSect0)
                  00339b60    00000020                          : jpegvdec_ti_host.o (.const:JPEGVDEC_TI_ICONT1_LEVEL4_DataSect0)
                  00339b80    00000020                          : jpegvdec_ti_host.o (.const:JPEGVDEC_TI_ICONT2_DataSect0)
                  00339ba0    00000020                          : jpegvdec_ti_host.o (.const:JPEGVDEC_TI_ICONT2_LEVEL1_DataSect0)
                  00339bc0    00000020                          : jpegvdec_ti_host.o (.const:JPEGVDEC_TI_ICONT2_LEVEL2_DataSect0)
                  00339be0    00000020                          : jpegvdec_ti_host.o (.const:JPEGVDEC_TI_ICONT2_LEVEL3_DataSect0)
                  00339c00    00000020                          : jpegvdec_ti_host.o (.const:JPEGVDEC_TI_ICONT2_LEVEL4_DataSect0)
                  00339c20    00000020     mpeg2vdec_ti_host.lib : mpeg2vdec_ti_host.o (.const:MPEG2VDEC_TI_EC_DataSect0)
                  00339c40    00000020                           : mpeg2vdec_ti_host.o (.const:MPEG2VDEC_TI_ICONT1_DataSect0)
                  00339c60    00000020                           : mpeg2vdec_ti_host.o (.const:MPEG2VDEC_TI_ICONT1_LEVEL1_DataSect0)
                  00339c80    00000020                           : mpeg2vdec_ti_host.o (.const:MPEG2VDEC_TI_ICONT1_LEVEL2_DataSect0)
                  00339ca0    00000020                           : mpeg2vdec_ti_host.o (.const:MPEG2VDEC_TI_ICONT1_LEVEL3_DataSect0)
                  00339cc0    00000020                           : mpeg2vdec_ti_host.o (.const:MPEG2VDEC_TI_ICONT1_LEVEL4_DataSect0)
                  00339ce0    00000020                           : mpeg2vdec_ti_host.o (.const:MPEG2VDEC_TI_ICONT2_DataSect0)
                  00339d00    00000020                           : mpeg2vdec_ti_host.o (.const:MPEG2VDEC_TI_ICONT2_DataSect0)
                  00339d20    00000020                           : mpeg2vdec_ti_host.o (.const:MPEG2VDEC_TI_ICONT2_LEVEL1_DataSect0)
                  00339d40    00000020                           : mpeg2vdec_ti_host.o (.const:MPEG2VDEC_TI_ICONT2_LEVEL1_DataSect0)
                  00339d60    00000020                           : mpeg2vdec_ti_host.o (.const:MPEG2VDEC_TI_ICONT2_LEVEL2_DataSect0)
                  00339d80    00000020                           : mpeg2vdec_ti_host.o (.const:MPEG2VDEC_TI_ICONT2_LEVEL2_DataSect0)
                  00339da0    00000020                           : mpeg2vdec_ti_host.o (.const:MPEG2VDEC_TI_ICONT2_LEVEL3_DataSect0)
                  00339dc0    00000020                           : mpeg2vdec_ti_host.o (.const:MPEG2VDEC_TI_ICONT2_LEVEL3_DataSect0)
                  00339de0    00000020                           : mpeg2vdec_ti_host.o (.const:MPEG2VDEC_TI_ICONT2_LEVEL4_DataSect0)
                  00339e00    00000020                           : mpeg2vdec_ti_host.o (.const:MPEG2VDEC_TI_ICONT2_LEVEL4_DataSect0)
                  00339e20    00000020     mpeg4vdec_ti_host.lib : mpeg4vdec_ti_errconceal.obj (.const:MPEG4VDEC_TI_EC_DataSect0)
                  00339e40    00000020                           : mpeg4vdec_ti_datatransfer.obj (.const:MPEG4VDEC_TI_ICONT1_DEBUGTRACELEVEL1_DataSect0)
                  00339e60    00000020                           : mpeg4vdec_ti_datatransfer.obj (.const:MPEG4VDEC_TI_ICONT1_DEBUGTRACELEVEL2_DataSect0)
                  00339e80    00000020                           : mpeg4vdec_ti_datatransfer.obj (.const:MPEG4VDEC_TI_ICONT1_DataSect0)
                  00339ea0    00000020                           : mpeg4vdec_ti_datatransfer.obj (.const:MPEG4VDEC_TI_ICONT2_DEBUGTRACELEVEL1_DataSect0)
                  00339ec0    00000020                           : mpeg4vdec_ti_datatransfer.obj (.const:MPEG4VDEC_TI_ICONT2_DEBUGTRACELEVEL2_DataSect0)
                  00339ee0    00000020                           : mpeg4vdec_ti_datatransfer.obj (.const:MPEG4VDEC_TI_ICONT2_DataSect0)
                  00339f00    00000020     mpeg4venc_ti_host.lib : mpeg4enc_ti_process.obj (.const:MPEG4VENC_TI_ICONT1_DEBUGTRACE_LEVEL1_DataSect0)
                  00339f20    00000020                           : mpeg4enc_ti_process.obj (.const:MPEG4VENC_TI_ICONT1_DataSect0)
                  00339f40    00000020                           : mpeg4enc_ti_process.obj (.const:MPEG4VENC_TI_ICONT2_DEBUGTRACE_LEVEL1_DataSect0)
                  00339f60    00000020                           : mpeg4enc_ti_process.obj (.const:MPEG4VENC_TI_ICONT2_DataSect0)
                  00339f80    00000020     vc1vdec_ti_host_M3.lib : vc1vdec_ti_errconceal.obj (.const:VC1VDEC_TI_ERROR_CONCEAL_ICONT1DataSect0)
                  00339fa0    00000020                            : vc1vdec_ti_data_transfer.obj (.const:VC1VDEC_TI_ICONT1DataSect0)
                  00339fc0    00000020                            : vc1vdec_ti_data_transfer.obj (.const:VC1VDEC_TI_ICONT2DataSect0)
                  00339fe0    00000020                            : vc1vdec_ti_data_transfer.obj (.const:VC1VDEC_TI_LEVEL1_ICONT1DataSect0)
                  0033a000    00000020                            : vc1vdec_ti_data_transfer.obj (.const:VC1VDEC_TI_LEVEL1_ICONT2DataSect0)
                  0033a020    00000020                            : vc1vdec_ti_data_transfer.obj (.const:VC1VDEC_TI_LEVEL2_ICONT1DataSect0)
                  0033a040    00000020                            : vc1vdec_ti_data_transfer.obj (.const:VC1VDEC_TI_LEVEL2_ICONT2DataSect0)
                  0033a060    00000020                            : vc1vdec_ti_data_transfer.obj (.const:VC1VDEC_TI_LEVEL3_ICONT1DataSect0)
                  0033a080    00000020                            : vc1vdec_ti_data_transfer.obj (.const:VC1VDEC_TI_LEVEL3_ICONT2DataSect0)
                  0033a0a0    00000020                            : vc1vdec_ti_data_transfer.obj (.const:VC1VDEC_TI_LEVEL4_ICONT1DataSect0)
                  0033a0c0    00000020                            : vc1vdec_ti_data_transfer.obj (.const:VC1VDEC_TI_LEVEL4_ICONT2DataSect0)
                  0033a0e0    00000020     ipu_pem4.oem4 (.const:ti_sdo_utils_List_Object__DESC__C)
                  0033a100    00000020     ipu_pem4.oem4 (.const:ti_sysbios_family_arm_ducati_GateSmp_Object__DESC__C)
                  0033a120    00000020     ipu_pem4.oem4 (.const:ti_sysbios_family_arm_m3_Hwi_Object__DESC__C)
                  0033a140    00000020     ipu_pem4.oem4 (.const:ti_sysbios_gates_GateHwi_Object__DESC__C)
                  0033a160    00000020     ipu_pem4.oem4 (.const:ti_sysbios_gates_GateMutexPri_Object__DESC__C)
                  0033a180    00000020     ipu_pem4.oem4 (.const:ti_sysbios_gates_GateMutex_Object__DESC__C)
                  0033a1a0    00000020     ipu_pem4.oem4 (.const:ti_sysbios_heaps_HeapBuf_Object__DESC__C)
                  0033a1c0    00000020     ipu_pem4.oem4 (.const:ti_sysbios_heaps_HeapMem_Object__DESC__C)
                  0033a1e0    00000020     ipu_pem4.oem4 (.const:ti_sysbios_knl_Queue_Object__DESC__C)
                  0033a200    00000020     ipu_pem4.oem4 (.const:ti_sysbios_knl_Semaphore_Object__DESC__C)
                  0033a220    00000020     ipu_pem4.oem4 (.const:ti_sysbios_knl_Swi_Object__DESC__C)
                  0033a240    00000020     ipu_pem4.oem4 (.const:ti_sysbios_knl_Task_Object__DESC__C)
                  0033a260    00000020     ipu_pem4.oem4 (.const:ti_sysbios_xdcruntime_GateProcessSupport_Object__DESC__C)
                  0033a280    00000020     ipu_pem4.oem4 (.const:ti_sysbios_xdcruntime_GateThreadSupport_Object__DESC__C)
                  0033a2a0    00000020     ipu_pem4.oem4 (.const:ti_sysbios_xdcruntime_SemThreadSupport_Object__DESC__C)
                  0033a2c0    00000020     ipu_pem4.oem4 (.const:ti_sysbios_xdcruntime_ThreadSupport_Object__DESC__C)
                  0033a2e0    00000020     ipu_pem4.oem4 (.const:xdc_runtime_LoggerSys_Object__DESC__C)
                  0033a300    00000020     ipu_pem4.oem4 (.const:xdc_runtime_knl_GateProcess_Object__DESC__C)
                  0033a320    00000020     ipu_pem4.oem4 (.const:xdc_runtime_knl_GateThread_Object__DESC__C)
                  0033a340    00000020     ipu_pem4.oem4 (.const:xdc_runtime_knl_SemThread_Module__FXNS__C)
                  0033a360    00000020     ipu_pem4.oem4 (.const:xdc_runtime_knl_SemThread_Object__DESC__C)
                  0033a380    00000020     ipu_pem4.oem4 (.const:xdc_runtime_knl_Thread_Object__DESC__C)
                  0033a3a0    0000001c     ipu_pem4.oem4 (.const:ti_sysbios_xdcruntime_GateProcessSupport_Object__PARAMS__C)
                  0033a3bc    0000001c     ipu_pem4.oem4 (.const:ti_sysbios_xdcruntime_SemThreadSupport_Object__PARAMS__C)
                  0033a3d8    0000001c     ipu_pem4.oem4 (.const:xdc_runtime_knl_GateProcess_Object__PARAMS__C)
                  0033a3f4    0000001c     ipu_pem4.oem4 (.const:xdc_runtime_knl_SemThread_Object__PARAMS__C)
                  0033a410    00000018     ipu_pem4.oem4 (.const)
                  0033a428    00000018     ipu_pem4.oem4 (.const:ti_sdo_utils_List_Object__PARAMS__C)
                  0033a440    00000018     ipu_pem4.oem4 (.const:ti_sysbios_family_arm_ducati_GateSmp_Object__PARAMS__C)
                  0033a458    00000018     ipu_pem4.oem4 (.const:ti_sysbios_gates_GateHwi_Object__PARAMS__C)
                  0033a470    00000018     ipu_pem4.oem4 (.const:ti_sysbios_gates_GateMutexPri_Object__PARAMS__C)
                  0033a488    00000018     ipu_pem4.oem4 (.const:ti_sysbios_gates_GateMutex_Object__PARAMS__C)
                  0033a4a0    00000018     ipu_pem4.oem4 (.const:ti_sysbios_knl_Queue_Object__PARAMS__C)
                  0033a4b8    00000018     ipu_pem4.oem4 (.const:ti_sysbios_knl_Swi_hooks__A)
                  0033a4d0    00000018     ipu_pem4.oem4 (.const:ti_sysbios_xdcruntime_GateThreadSupport_Object__PARAMS__C)
                  0033a4e8    00000018     ipu_pem4.oem4 (.const:xdc_runtime_LoggerSys_Object__PARAMS__C)
                  0033a500    00000018     ipu_pem4.oem4 (.const:xdc_runtime_knl_GateThread_Object__PARAMS__C)
                  0033a518    00000014     ipu_pem4.oem4 (.const:ti_sdo_utils_MultiProc_nameList__A)
                  0033a52c    00000012     ti.trace_smp.aem4 : SysMin.oem4 (.const:.string:$P$T0$5)
                  0033a53e    00000002     ipu_pem4.oem4 (.const:ti_sysbios_BIOS_smpEnabled__C)
                  0033a540    00000012     ti.grcm.aem4 : RcmServer.oem4 (.const:.string)
                  0033a552    00000011     ti.targets.arm.rtsarm.aem4 : System.oem4 (.const:.string)
                  0033a563    00000001     --HOLE-- [fill = 0]
                  0033a564    00000010     ipu.aem4 : iresman_tiledmemory.oem4 (.const:$P$T0$1)
                  0033a574    00000010              : iresman_tiledmemory.oem4 (.const:$P$T1$2)
                  0033a584    00000010     ipu_pem4.oem4 (.const:xdc_runtime_Startup_firstFxns__A)
                  0033a594    0000000a     ipc_bios_nomsg.aem4 : Processor_noOS.oem4 (.const:.string)
                  0033a59e    00000002     ipu_pem4.oem4 (.const:ti_sysbios_BIOS_swiEnabled__C)
                  0033a5a0    00000008     ipu_pem4.oem4 (.const:ti_sysbios_family_arm_ducati_smp_Power_preSuspendHooks__C)
                  0033a5a8    00000008     ipu_pem4.oem4 (.const:ti_sysbios_knl_Idle_coreList__C)
                  0033a5b0    00000008     ipu_pem4.oem4 (.const:ti_sysbios_knl_Idle_funcList__C)
                  0033a5b8    00000008     ipu_pem4.oem4 (.const:ti_sysbios_knl_Swi_hooks__C)
                  0033a5c0    00000008     ipu_pem4.oem4 (.const:ti_sysbios_knl_Task_hooks__C)
                  0033a5c8    00000008     ipu_pem4.oem4 (.const:xdc_runtime_Startup_firstFxns__C)
                  0033a5d0    00000008     ipu_pem4.oem4 (.const:xdc_runtime_Startup_lastFxns__C)
                  0033a5d8    00000006     dskt2.aem4 : dskt2_scratch.oem4 (.const)
                  0033a5de    00000002     ipu_pem4.oem4 (.const:ti_sysbios_BIOS_taskEnabled__C)
                  0033a5e0    00000004     ipu_pem4.oem4 (.const:ti_sdo_ce_utils_syscbuf_SysCBuf_bufSize__C)
                  0033a5e4    00000004     ipu_pem4.oem4 (.const:ti_sdo_ipc_family_vayu_InterruptIpu_Module__diagsEnabled__C)
                  0033a5e8    00000004     ipu_pem4.oem4 (.const:ti_sdo_ipc_family_vayu_InterruptIpu_Module__diagsIncluded__C)
                  0033a5ec    00000004     ipu_pem4.oem4 (.const:ti_sdo_ipc_family_vayu_InterruptIpu_Module__diagsMask__C)
                  0033a5f0    00000004     ipu_pem4.oem4 (.const:ti_sdo_ipc_family_vayu_InterruptIpu_ducatiCtrlBaseAddr__C)
                  0033a5f4    00000004     ipu_pem4.oem4 (.const:ti_sdo_ipc_family_vayu_InterruptIpu_ipu1_0ProcId__C)
                  0033a5f8    00000004     ipu_pem4.oem4 (.const:ti_sdo_ipc_family_vayu_InterruptIpu_ipu1_1ProcId__C)
                  0033a5fc    00000004     ipu_pem4.oem4 (.const:ti_sdo_ipc_family_vayu_InterruptIpu_ipu2_0ProcId__C)
                  0033a600    00000004     ipu_pem4.oem4 (.const:ti_sdo_ipc_family_vayu_InterruptIpu_ipu2_1ProcId__C)
                  0033a604    00000004     ipu_pem4.oem4 (.const:ti_sdo_utils_MultiProc_A_invalidMultiProcId__C)
                  0033a608    00000004     ipu_pem4.oem4 (.const:ti_sdo_utils_MultiProc_A_invalidProcName__C)
                  0033a60c    00000004     ipu_pem4.oem4 (.const:ti_sdo_utils_MultiProc_Module__diagsEnabled__C)
                  0033a610    00000004     ipu_pem4.oem4 (.const:ti_sdo_utils_MultiProc_Module__diagsIncluded__C)
                  0033a614    00000004     ipu_pem4.oem4 (.const:ti_sdo_utils_MultiProc_Module__diagsMask__C)
                  0033a618    00000004     ipu_pem4.oem4 (.const:ti_sdo_utils_MultiProc_nameList__C)
                  0033a61c    00000004     ipu_pem4.oem4 (.const:ti_sysbios_family_arm_ducati_Core_core1HwiStackSize__C)
                  0033a620    00000004     ipu_pem4.oem4 (.const:ti_sysbios_family_arm_ducati_Core_gate__C)
                  0033a624    00000004     ipu_pem4.oem4 (.const:ti_sysbios_family_arm_ducati_Core_ipuId__C)
                  0033a628    00000004     ipu_pem4.oem4 (.const:ti_sysbios_family_arm_ducati_smp_Power_gate__C)
                  0033a62c    00000004     ipu_pem4.oem4 (.const:ti_sysbios_family_arm_ducati_smp_Power_postSuspendHooks__A)
                  0033a630    00000004     ipu_pem4.oem4 (.const:ti_sysbios_family_arm_ducati_smp_Power_preSuspendHooks__A)
                  0033a634    00000004     ipu_pem4.oem4 (.const:ti_sysbios_family_arm_ducati_smp_Power_sdmaRegs__C)
                  0033a638    00000004     ipu_pem4.oem4 (.const:ti_sysbios_family_arm_ducati_smp_Power_semCore0__C)
                  0033a63c    00000004     ipu_pem4.oem4 (.const:ti_sysbios_family_arm_ducati_smp_Power_semCore1__C)
                  0033a640    00000004     ipu_pem4.oem4 (.const:ti_sysbios_family_arm_m3_Hwi_E_NMI__C)
                  0033a644    00000004     ipu_pem4.oem4 (.const:ti_sysbios_family_arm_m3_Hwi_E_alreadyDefined__C)
                  0033a648    00000004     ipu_pem4.oem4 (.const:ti_sysbios_family_arm_m3_Hwi_E_busFault__C)
                  0033a64c    00000004     ipu_pem4.oem4 (.const:ti_sysbios_family_arm_m3_Hwi_E_debugMon__C)
                  0033a650    00000004     ipu_pem4.oem4 (.const:ti_sysbios_family_arm_m3_Hwi_E_hardFault__C)
                  0033a654    00000004     ipu_pem4.oem4 (.const:ti_sysbios_family_arm_m3_Hwi_E_memFault__C)
                  0033a658    00000004     ipu_pem4.oem4 (.const:ti_sysbios_family_arm_m3_Hwi_E_noIsr__C)
                  0033a65c    00000004     ipu_pem4.oem4 (.const:ti_sysbios_family_arm_m3_Hwi_E_reserved__C)
                  0033a660    00000004     ipu_pem4.oem4 (.const:ti_sysbios_family_arm_m3_Hwi_E_svCall__C)
                  0033a664    00000004     ipu_pem4.oem4 (.const:ti_sysbios_family_arm_m3_Hwi_E_usageFault__C)
                  0033a668    00000004     ipu_pem4.oem4 (.const:ti_sysbios_family_arm_m3_Hwi_NUM_INTERRUPTS__C)
                  0033a66c    00000004     ipu_pem4.oem4 (.const:ti_sysbios_family_arm_m3_Hwi_Object__count__C)
                  0033a670    00000004     ipu_pem4.oem4 (.const:ti_sysbios_family_arm_m3_Hwi_ccr__C)
                  0033a674    00000004     ipu_pem4.oem4 (.const:ti_sysbios_family_arm_m3_Hwi_disablePriority__C)
                  0033a678    00000004     ipu_pem4.oem4 (.const:ti_sysbios_family_arm_m3_Hwi_excHandlerFunc__C)
                  0033a67c    00000004     ipu_pem4.oem4 (.const:ti_sysbios_family_arm_m3_Hwi_nullIsrFunc__C)
                  0033a680    00000004     ipu_pem4.oem4 (.const:ti_sysbios_family_arm_m3_Hwi_priGroup__C)
                  0033a684    00000004     ipu_pem4.oem4 (.const:ti_sysbios_family_arm_m3_TaskSupport_stackAlignment__C)
                  0033a688    00000004     ipu_pem4.oem4 (.const:ti_sysbios_family_shared_vayu_IntXbar_mmrBaseAddr__C)
                  0033a68c    00000004     ipu_pem4.oem4 (.const:ti_sysbios_gates_GateMutexPri_Instance_State_pendQ__O)
                  0033a690    00000004     ipu_pem4.oem4 (.const:ti_sysbios_gates_GateMutex_Instance_State_sem__O)
                  0033a694    00000004     ipu_pem4.oem4 (.const:ti_sysbios_hal_Hwi_E_stackOverflow__C)
                  0033a698    00000004     ipu_pem4.oem4 (.const:ti_sysbios_hal_SecondsClock_Module_State_clock__O)
                  0033a69c    00000004     ipu_pem4.oem4 (.const:ti_sysbios_hal_unicache_Cache_Module__gateObj__C)
                  0033a6a0    00000004     ipu_pem4.oem4 (.const:ti_sysbios_hal_unicache_Cache_l1ocpConfig__C)
                  0033a6a4    00000004     ipu_pem4.oem4 (.const:ti_sysbios_hal_unicache_Cache_l1secConfig__C)
                  0033a6a8    00000004     ipu_pem4.oem4 (.const:ti_sysbios_hal_unicache_Cache_l2ocpConfig__C)
                  0033a6ac    00000004     ipu_pem4.oem4 (.const:ti_sysbios_hal_unicache_Cache_l2secConfig__C)
                  0033a6b0    00000004     ipu_pem4.oem4 (.const:ti_sysbios_hal_unicache_Cache_maxLineModeBufSize__C)
                  0033a6b4    00000004     ipu_pem4.oem4 (.const:ti_sysbios_heaps_HeapBuf_E_size__C)
                  0033a6b8    00000004     ipu_pem4.oem4 (.const:ti_sysbios_heaps_HeapBuf_Instance_State_freeList__O)
                  0033a6bc    00000004     ipu_pem4.oem4 (.const:ti_sysbios_heaps_HeapBuf_Object__count__C)
                  0033a6c0    00000004     ipu_pem4.oem4 (.const:ti_sysbios_heaps_HeapBuf_numConstructedHeaps__C)
                  0033a6c4    00000004     ipu_pem4.oem4 (.const:ti_sysbios_heaps_HeapMem_E_memory__C)
                  0033a6c8    00000004     ipu_pem4.oem4 (.const:ti_sysbios_heaps_HeapMem_Module__gateObj__C)
                  0033a6cc    00000004     ipu_pem4.oem4 (.const:ti_sysbios_heaps_HeapMem_Object__count__C)
                  0033a6d0    00000004     ipu_pem4.oem4 (.const:ti_sysbios_heaps_HeapMem_reqAlign__C)
                  0033a6d4    00000004     ipu_pem4.oem4 (.const:ti_sysbios_knl_Clock_Module_State_clockQ__O)
                  0033a6d8    00000004     ipu_pem4.oem4 (.const:ti_sysbios_knl_Clock_doTickFunc__C)
                  0033a6dc    00000004     ipu_pem4.oem4 (.const:ti_sysbios_knl_Clock_tickPeriod__C)
                  0033a6e0    00000004     ipu_pem4.oem4 (.const:ti_sysbios_knl_Mailbox_Instance_State_freeQue__O)
                  0033a6e4    00000004     ipu_pem4.oem4 (.const:ti_sysbios_knl_Mailbox_Object__count__C)
                  0033a6e8    00000004     ipu_pem4.oem4 (.const:ti_sysbios_knl_Mailbox_maxTypeAlign__C)
                  0033a6ec    00000004     ipu_pem4.oem4 (.const:ti_sysbios_knl_Semaphore_Instance_State_pendQ__O)
                  0033a6f0    00000004     ipu_pem4.oem4 (.const:ti_sysbios_knl_Swi_Object__count__C)
                  0033a6f4    00000004     ipu_pem4.oem4 (.const:ti_sysbios_knl_Swi_Object__heap__C)
                  0033a6f8    00000004     ipu_pem4.oem4 (.const:ti_sysbios_knl_Swi_numConstructedSwis__C)
                  0033a6fc    00000004     ipu_pem4.oem4 (.const:ti_sysbios_knl_Swi_numPriorities__C)
                  0033a700    00000004     ipu_pem4.oem4 (.const:ti_sysbios_knl_Task_E_spOutOfBounds__C)
                  0033a704    00000004     ipu_pem4.oem4 (.const:ti_sysbios_knl_Task_E_stackOverflow__C)
                  0033a708    00000004     ipu_pem4.oem4 (.const:ti_sysbios_knl_Task_Module_State_inactiveQ__O)
                  0033a70c    00000004     ipu_pem4.oem4 (.const:ti_sysbios_knl_Task_Object__count__C)
                  0033a710    00000004     ipu_pem4.oem4 (.const:ti_sysbios_knl_Task_Object__heap__C)
                  0033a714    00000004     ipu_pem4.oem4 (.const:ti_sysbios_knl_Task_allBlockedFunc__C)
                  0033a718    00000004     ipu_pem4.oem4 (.const:ti_sysbios_knl_Task_defaultStackHeap__C)
                  0033a71c    00000004     ipu_pem4.oem4 (.const:ti_sysbios_knl_Task_defaultStackSize__C)
                  0033a720    00000004     ipu_pem4.oem4 (.const:ti_sysbios_knl_Task_numConstructedTasks__C)
                  0033a724    00000004     ipu_pem4.oem4 (.const:ti_sysbios_knl_Task_startupHookFunc__C)
                  0033a728    00000004     ipu_pem4.oem4 (.const:ti_sysbios_timers_dmtimer_Timer_E_cannotSupport__C)
                  0033a72c    00000004     ipu_pem4.oem4 (.const:ti_sysbios_timers_dmtimer_Timer_E_freqMismatch__C)
                  0033a730    00000004     ipu_pem4.oem4 (.const:ti_sysbios_timers_dmtimer_Timer_Object__count__C)
                  0033a734    00000004     ipu_pem4.oem4 (.const:ti_sysbios_timers_dmtimer_Timer_numTimerDevices__C)
                  0033a738    00000004     ipu_pem4.oem4 (.const:ti_sysbios_utils_Load_Module_State_taskList__O)
                  0033a73c    00000004     ipu_pem4.oem4 (.const:ti_sysbios_utils_Load_Module__diagsEnabled__C)
                  0033a740    00000004     ipu_pem4.oem4 (.const:ti_sysbios_utils_Load_Module__diagsIncluded__C)
                  0033a744    00000004     ipu_pem4.oem4 (.const:ti_sysbios_utils_Load_Module__diagsMask__C)
                  0033a748    00000004     ipu_pem4.oem4 (.const:ti_sysbios_utils_Load_postUpdate__C)
                  0033a74c    00000004     ipu_pem4.oem4 (.const:ti_sysbios_utils_Load_windowInMs__C)
                  0033a750    00000004     ipu_pem4.oem4 (.const:ti_sysbios_xdcruntime_GateProcessSupport_Instance_State_gate__O)
                  0033a754    00000004     ipu_pem4.oem4 (.const:ti_sysbios_xdcruntime_GateThreadSupport_Instance_State_gate__O)
                  0033a758    00000004     ipu_pem4.oem4 (.const:ti_sysbios_xdcruntime_SemThreadSupport_Instance_State_sem__O)
                  0033a75c    00000004     ipu_pem4.oem4 (.const:ti_sysbios_xdcruntime_ThreadSupport_E_priority__C)
                  0033a760    00000004     ipu_pem4.oem4 (.const:ti_sysbios_xdcruntime_ThreadSupport_Instance_State_join_sem__O)
                  0033a764    00000004     ipu_pem4.oem4 (.const:ti_sysbios_xdcruntime_ThreadSupport_aboveNormalPriority__C)
                  0033a768    00000004     ipu_pem4.oem4 (.const:ti_sysbios_xdcruntime_ThreadSupport_belowNormalPriority__C)
                  0033a76c    00000004     ipu_pem4.oem4 (.const:ti_sysbios_xdcruntime_ThreadSupport_highestPriority__C)
                  0033a770    00000004     ipu_pem4.oem4 (.const:ti_sysbios_xdcruntime_ThreadSupport_lowestPriority__C)
                  0033a774    00000004     ipu_pem4.oem4 (.const:ti_sysbios_xdcruntime_ThreadSupport_normalPriority__C)
                  0033a778    00000004     ipu_pem4.oem4 (.const:ti_trace_SysMin_bufSize__C)
                  0033a77c    00000004     ipu_pem4.oem4 (.const:xdc_runtime_Assert_E_assertFailed__C)
                  0033a780    00000004     ipu_pem4.oem4 (.const:xdc_runtime_Core_A_initializedParams__C)
                  0033a784    00000004     ipu_pem4.oem4 (.const:xdc_runtime_Core_Module__diagsEnabled__C)
                  0033a788    00000004     ipu_pem4.oem4 (.const:xdc_runtime_Core_Module__diagsIncluded__C)
                  0033a78c    00000004     ipu_pem4.oem4 (.const:xdc_runtime_Core_Module__diagsMask__C)
                  0033a790    00000004     ipu_pem4.oem4 (.const:xdc_runtime_Diags_dictBase__C)
                  0033a794    00000004     ipu_pem4.oem4 (.const:xdc_runtime_Error_E_generic__C)
                  0033a798    00000004     ipu_pem4.oem4 (.const:xdc_runtime_Error_E_memory__C)
                  0033a79c    00000004     ipu_pem4.oem4 (.const:xdc_runtime_Error_Module__diagsEnabled__C)
                  0033a7a0    00000004     ipu_pem4.oem4 (.const:xdc_runtime_Error_Module__diagsIncluded__C)
                  0033a7a4    00000004     ipu_pem4.oem4 (.const:xdc_runtime_Error_Module__diagsMask__C)
                  0033a7a8    00000004     ipu_pem4.oem4 (.const:xdc_runtime_Error_Module__loggerFxn8__C)
                  0033a7ac    00000004     ipu_pem4.oem4 (.const:xdc_runtime_Error_Module__loggerObj__C)
                  0033a7b0    00000004     ipu_pem4.oem4 (.const:xdc_runtime_Error_policyFxn__C)
                  0033a7b4    00000004     ipu_pem4.oem4 (.const:xdc_runtime_Error_raiseHook__C)
                  0033a7b8    00000004     ipu_pem4.oem4 (.const:xdc_runtime_IGateProvider_Interface__BASE__C)
                  0033a7bc    00000004     ipu_pem4.oem4 (.const:xdc_runtime_IHeap_Interface__BASE__C)
                  0033a7c0    00000004     ipu_pem4.oem4 (.const:xdc_runtime_ILogger_Interface__BASE__C)
                  0033a7c4    00000004     ipu_pem4.oem4 (.const:xdc_runtime_IModule_Interface__BASE__C)
                  0033a7c8    00000004     ipu_pem4.oem4 (.const:xdc_runtime_Log_L_error__C)
                  0033a7cc    00000004     ipu_pem4.oem4 (.const:xdc_runtime_Log_L_warning__C)
                  0033a7d0    00000004     ipu_pem4.oem4 (.const:xdc_runtime_Main_Module__diagsEnabled__C)
                  0033a7d4    00000004     ipu_pem4.oem4 (.const:xdc_runtime_Main_Module__diagsIncluded__C)
                  0033a7d8    00000004     ipu_pem4.oem4 (.const:xdc_runtime_Main_Module__diagsMask__C)
                  0033a7dc    00000004     ipu_pem4.oem4 (.const:xdc_runtime_Main_Module__loggerFxn1__C)
                  0033a7e0    00000004     ipu_pem4.oem4 (.const:xdc_runtime_Main_Module__loggerFxn2__C)
                  0033a7e4    00000004     ipu_pem4.oem4 (.const:xdc_runtime_Main_Module__loggerObj__C)
                  0033a7e8    00000004     ipu_pem4.oem4 (.const:xdc_runtime_Memory_defaultHeapInstance__C)
                  0033a7ec    00000004     ipu_pem4.oem4 (.const:xdc_runtime_Registry_Module__diagsEnabled__C)
                  0033a7f0    00000004     ipu_pem4.oem4 (.const:xdc_runtime_Registry_Module__diagsIncluded__C)
                  0033a7f4    00000004     ipu_pem4.oem4 (.const:xdc_runtime_Registry_Module__diagsMask__C)
                  0033a7f8    00000004     ipu_pem4.oem4 (.const:xdc_runtime_Registry_Module__loggerFxn1__C)
                  0033a7fc    00000004     ipu_pem4.oem4 (.const:xdc_runtime_Registry_Module__loggerFxn2__C)
                  0033a800    00000004     ipu_pem4.oem4 (.const:xdc_runtime_Registry_Module__loggerFxn4__C)
                  0033a804    00000004     ipu_pem4.oem4 (.const:xdc_runtime_Registry_Module__loggerFxn8__C)
                  0033a808    00000004     ipu_pem4.oem4 (.const:xdc_runtime_Registry_Module__loggerObj__C)
                  0033a80c    00000004     ipu_pem4.oem4 (.const:xdc_runtime_Startup_execImpl__C)
                  0033a810    00000004     ipu_pem4.oem4 (.const:xdc_runtime_Startup_maxPasses__C)
                  0033a814    00000004     ipu_pem4.oem4 (.const:xdc_runtime_Startup_sfxnRts__C)
                  0033a818    00000004     ipu_pem4.oem4 (.const:xdc_runtime_Startup_sfxnTab__C)
                  0033a81c    00000004     ipu_pem4.oem4 (.const:xdc_runtime_System_Module__gateObj__C)
                  0033a820    00000004     ipu_pem4.oem4 (.const:xdc_runtime_System_abortFxn__C)
                  0033a824    00000004     ipu_pem4.oem4 (.const:xdc_runtime_System_exitFxn__C)
                  0033a828    00000004     ipu_pem4.oem4 (.const:xdc_runtime_System_extendFxn__C)
                  0033a82c    00000004     ipu_pem4.oem4 (.const:xdc_runtime_System_maxAtexitHandlers__C)
                  0033a830    00000004     ipu_pem4.oem4 (.const:xdc_runtime_Text_charTab__C)
                  0033a834    00000004     ipu_pem4.oem4 (.const:xdc_runtime_Text_nameEmpty__C)
                  0033a838    00000004     ipu_pem4.oem4 (.const:xdc_runtime_Text_nameStatic__C)
                  0033a83c    00000004     ipu_pem4.oem4 (.const:xdc_runtime_Text_nameUnknown__C)
                  0033a840    00000004     ipu_pem4.oem4 (.const:xdc_runtime_Text_nodeTab__C)
                  0033a844    00000004     ipu_pem4.oem4 (.const:xdc_runtime_Text_visitRopeFxn__C)
                  0033a848    00000004     ipu_pem4.oem4 (.const:xdc_runtime_knl_GateProcess_A_invalidKey__C)
                  0033a84c    00000004     ipu_pem4.oem4 (.const:xdc_runtime_knl_GateProcess_Module__diagsEnabled__C)
                  0033a850    00000004     ipu_pem4.oem4 (.const:xdc_runtime_knl_GateProcess_Module__diagsIncluded__C)
                  0033a854    00000004     ipu_pem4.oem4 (.const:xdc_runtime_knl_GateProcess_Module__diagsMask__C)
                  0033a858    00000004     ipu_pem4.oem4 (.const:xdc_runtime_knl_ISemaphore_Interface__BASE__C)
                  0033a85c    00000004     ipu_pem4.oem4 (.const:xdc_runtime_knl_Thread_defaultStackSize__C)
                  0033a860    00000002     ipu_pem4.oem4 (.const:ti_sysbios_family_arm_ducati_Core_syncExits__C)
                  0033a862    00000002     ipu_pem4.oem4 (.const:ti_sysbios_family_arm_ducati_smp_Power_enable__C)
                  0033a864    00000002     ipu_pem4.oem4 (.const:ti_sysbios_family_arm_m3_Hwi_Module__id__C)
                  0033a866    00000002     ipu_pem4.oem4 (.const:ti_sysbios_hal_Hwi_Module__id__C)
                  0033a868    00000002     ipu_pem4.oem4 (.const:ti_sysbios_hal_ammu_AMMU_configureAmmu__C)
                  0033a86a    00000002     ipu_pem4.oem4 (.const:ti_sysbios_hal_unicache_Cache_configureCache__C)
                  0033a86c    00000002     ipu_pem4.oem4 (.const:ti_sysbios_hal_unicache_Cache_enableCache__C)
                  0033a86e    00000002     ipu_pem4.oem4 (.const:ti_sysbios_hal_unicache_Cache_l2CacheSupported__C)
                  0033a870    00000002     ipu_pem4.oem4 (.const:ti_sysbios_heaps_HeapBuf_Module__id__C)
                  0033a872    00000002     ipu_pem4.oem4 (.const:ti_sysbios_heaps_HeapBuf_trackMaxAllocs__C)
                  0033a874    00000002     ipu_pem4.oem4 (.const:ti_sysbios_heaps_HeapMem_Module__id__C)
                  0033a876    00000002     ipu_pem4.oem4 (.const:ti_sysbios_knl_Task_Module__id__C)
                  0033a878    00000002     ipu_pem4.oem4 (.const:ti_sysbios_timers_dmtimer_Timer_Module__id__C)
                  0033a87a    00000002     ipu_pem4.oem4 (.const:ti_sysbios_timers_dmtimer_Timer_checkFrequency__C)
                  0033a87c    00000002     ipu_pem4.oem4 (.const:ti_sysbios_timers_dmtimer_Timer_startupNeeded__C)
                  0033a87e    00000002     ipu_pem4.oem4 (.const:ti_sysbios_utils_Load_autoAddTasks__C)
                  0033a880    00000002     ipu_pem4.oem4 (.const:ti_sysbios_utils_Load_hwiEnabled__C)
                  0033a882    00000002     ipu_pem4.oem4 (.const:ti_sysbios_utils_Load_swiEnabled__C)
                  0033a884    00000002     ipu_pem4.oem4 (.const:ti_sysbios_utils_Load_taskEnabled__C)
                  0033a886    00000002     ipu_pem4.oem4 (.const:ti_sysbios_utils_Load_updateInIdle__C)
                  0033a888    00000002     ipu_pem4.oem4 (.const:ti_sysbios_xdcruntime_ThreadSupport_Module__id__C)
                  0033a88a    00000002     ipu_pem4.oem4 (.const:xdc_runtime_Core_Module__id__C)
                  0033a88c    00000002     ipu_pem4.oem4 (.const:xdc_runtime_Diags_setMaskEnabled__C)
                  0033a88e    00000002     ipu_pem4.oem4 (.const:xdc_runtime_Error_Module__loggerDefined__C)
                  0033a890    00000002     ipu_pem4.oem4 (.const:xdc_runtime_Error_maxDepth__C)
                  0033a892    00000002     ipu_pem4.oem4 (.const:xdc_runtime_Main_Module__id__C)
                  0033a894    00000002     ipu_pem4.oem4 (.const:xdc_runtime_Main_Module__loggerDefined__C)
                  0033a896    00000002     ipu_pem4.oem4 (.const:xdc_runtime_Memory_Module__id__C)
                  0033a898    00000002     ipu_pem4.oem4 (.const:xdc_runtime_Registry_Module__loggerDefined__C)
                  0033a89a    00000002     ipu_pem4.oem4 (.const:xdc_runtime_Text_charCnt__C)
                  0033a89c    00000002     ipu_pem4.oem4 (.const:xdc_runtime_Text_isLoaded__C)
                  0033a89e    00000002     ipu_pem4.oem4 (.const:xdc_runtime_Text_registryModsLastId__C)
                  0033a8a0    00000002     ipu_pem4.oem4 (.const:xdc_runtime_Text_unnamedModsLastId__C)
                  0033a8a2    00000002     ipu_pem4.oem4 (.const:xdc_runtime_knl_GateProcess_Module__id__C)

.const:ti_sysbios_hal_ammu_AMMU_numLargePages__C 
*          0    0033a8a4    00000004     
                  0033a8a4    00000004     ipu_pem4.oem4 (.const:ti_sysbios_hal_ammu_AMMU_numLargePages__C)

.const:ti_sysbios_hal_ammu_AMMU_numLinePages__C 
*          0    0038774c    00000004     
                  0038774c    00000004     ipu_pem4.oem4 (.const:ti_sysbios_hal_ammu_AMMU_numLinePages__C)

.const:ti_sysbios_hal_ammu_AMMU_numMediumPages__C 
*          0    00387a3c    00000004     
                  00387a3c    00000004     ipu_pem4.oem4 (.const:ti_sysbios_hal_ammu_AMMU_numMediumPages__C)

.const:ti_sysbios_hal_ammu_AMMU_numSmallPages__C 
*          0    00387fcc    00000004     
                  00387fcc    00000004     ipu_pem4.oem4 (.const:ti_sysbios_hal_ammu_AMMU_numSmallPages__C)

.const:ti_sysbios_hal_ammu_AMMU_mmuInitConfig__C 
*          0    0038a35c    000004b8     
                  0038a35c    000004b8     ipu_pem4.oem4 (.const:ti_sysbios_hal_ammu_AMMU_mmuInitConfig__C)

.tracebuf 
*          0    9f000000    00008000     UNINITIALIZED
                  9f000000    00008000     ipu_pem4.oem4 (.tracebuf)

.errorbuf 
*          0    9f060000    00000200     UNINITIALIZED
                  9f060000    00000200     ipu_pem4.oem4 (.errorbuf)

.ipummversion 
*          0    00000000    00000080     COPY SECTION
                  00000000    00000080     main.oem4 (.ipummversion)

.systemHeap 
*          0    80200000    02800000     UNINITIALIZED
                  80200000    02800000     ipu_pem4.oem4 (.systemHeap)

.ti_sysbios_family_arm_ducati_smp_Power 
*          0    9f070000    0001027c     UNINITIALIZED
                  9f070000    0001027c     sysbios.aem4 : BIOS.obj (.ti_sysbios_family_arm_ducati_smp_Power)

xdc.meta   0    00004000    00000161     COPY SECTION
                  00004000    00000161     ipu_pem4.oem4 (xdc.meta)

.text.1    0    0033a8a8    0004cea4     
                  0033a8a8    000030e4     mpeg2vdec_ti_host.lib : mpeg2vdec_ti_host.o (.text)
                  0033d98c    00003080     jpegvdec_ti_host.lib : jpegvdec_ti_host.o (.text)
                  00340a0c    00002a90     jpegenc_ti_host.lib : jpegenc_ti_host.o (.text)
                  0034349c    000011ca     h264enc_ti_host.lib : h264enc_ti_process.obj (.text:H264ENC_TI_encodemulti)
                  00344666    00000002     fcsettings.aem4 : FCSettings.oem4 (.text:FCSettings_exit)
                  00344668    00001198     vc1vdec_ti_host_M3.lib : vc1vdec_ti_data_transfer.obj (.text:VC1VDEC_TI_Boot)
                  00345800    00001130     hdvicp2.aem4 : iresman_hdvicp2.oem4 (.text:IRESMAN_HDVICP2_getHandles)
                  00346930    000010fc     rtsv7M4_T_le_eabi.lib : _printfi.obj (.text)
                  00347a2c    000010a0     dskt2.aem4 : dskt2_scratch.oem4 (.text:_DSKT2_assignInstanceMemory)
                  00348acc    00001078     ce.aem4 : Engine.oem4 (.text:Engine_initFromServer)
                  00349b44    00000eec     dskt2.aem4 : dskt2crea.oem4 (.text:DSKT2_createAlg3)
                  0034aa30    00000d1c     mpeg4venc_ti_host.lib : mpeg4enc_ti_process.obj (.text:MPEG4ENC_TI_encode)
                  0034b74c    00000cb0     vc1vdec_ti_host_M3.lib : vc1vdec_ti_ialg.obj (.text:VC1VDEC_TI_decode)
                  0034c3fc    00000c2e     mpeg4vdec_ti_host.lib : mpeg4vdec_ti_decode.obj (.text:MPEG4VDEC_TI_Decode)
                  0034d02a    00000002     fcutils.aem4 : fcutils.oem4 (.text:FC_resume)
                  0034d02c    00000bc0     ti.grcm.aem4 : RcmServer.oem4 (.text:RcmServer_Instance_init_P)
                  0034dbec    00000b4c     rman.aem4 : rman.oem4 (.text:RMAN_assignResources)
                  0034e738    00000a48     h264vdec_ti.lib : h264vdec_ti_decode.obj (.text:H264VDEC_TI_decodeStart)
                  0034f180    000009f4     h264enc_ti_host.lib : h264enc_ti_ialg_support.obj (.text:H264ENC_TI_ValidateCreateParams)
                  0034fb74    000009c0     ce.aem4 : visa.oem4 (.text:VISA_create2)
                  00350534    00000960     hdvicp2.aem4 : iresman_hdvicp2.oem4 (.text:_acquireAny)
                  00350e94    00000946     h264vdec_ti.lib : h264vdec_ti_decode.obj (.text:H264VDEC_TI_multiChannelDecode)
                  003517da    000008e4     mpeg4vdec_ti_host.lib : mpeg4vdec_ti_decsupport.obj (.text:MPEG4VDEC_TI_DisplayPic)
                  003520be    00000002     h264vdec_ti.lib : h264vdec_ti_ialg.obj (.text:H264VDEC_TI_Activate)
                  003520c0    00000830     hdvicp2.aem4 : iresman_hdvicp2.oem4 (.text:IRESMAN_HDVICP2_JITacquire)
                  003528f0    000007f0     ce.aem4 : Engine.oem4 (.text:Engine_createNode2)
                  003530e0    0000079c     ti.grcm.aem4 : RcmServer.oem4 (.text:RcmServer_Instance_finalize_P)
                  0035387c    0000079c     hdvicp2.aem4 : iresman_hdvicp2.oem4 (.text:_acquireAnyPlugin)
                  00354018    0000077c     rman.aem4 : rman.oem4 (.text:RMAN_register)
                  00354794    00000744               : rman.oem4 (.text:RMAN_freeResources)
                  00354ed8    00000732     h264enc_ti_host.lib : h264enc_ti_ialgIvahd.obj (.text:H264ENC_TI_control)
                  0035560a    00000006                         : h264enc_ti_dataSynch.obj (.text:H264ENC_TI_getDataSyncSizeRequirement)
                  00355610    00000724     sysbios.aem4 : BIOS.obj (.text:ti_sysbios_family_arm_ducati_smp_Power_doSuspend__I)
                  00355d34    000006f8     dskt2.aem4 : dskt2_scratch.oem4 (.text:_DSKT2_initializeAndUseSharedScratch)
                  0035642c    000006b0     hdvicp2.aem4 : iresman_hdvicp2.oem4 (.text:_acquireSpecificPlugin)
                  00356adc    00000696     h264vdec_ti.lib : h264vdec_ti_control.obj (.text:H264VDEC_TI_control)
                  00357172    00000002                     : h264vdec_ti_ialg.obj (.text:H264VDEC_TI_Deactivate)
                  00357174    0000067c     rman.aem4 : rman.oem4 (.text:RMAN_init)
                  003577f0    00000640     ipc.aem4 : Ipc.obj (.text:RPMessage_send)
                  00357e30    00000640     ti.grcm.aem4 : RcmServer.oem4 (.text:RcmServer_process_P)
                  00358470    0000063c     ti.deh_vayu_smp.aem4 : Deh.oem4 (.text:ti_deh_Deh_excHandler__F)
                  00358aac    0000062e     h264vdec_ti.lib : h264vdec_ti_datatransfer.obj (.text:H264VDEC_TI_BootLoadIVAHD)
                  003590da    00000002     mpeg4venc_ti_host.lib : mpeg4enc_ti_ialg.obj (.text:MPEG4ENC_TI_Activate)
                  003590dc    000005ec     hdvicp2.aem4 : iresman_hdvicp2.oem4 (.text:IRESMAN_HDVICP2_init)
                  003596c8    000005e0                  : iresman_hdvicp2.oem4 (.text:_acquireSpecific)
                  00359ca8    000005d8     h264enc_ti_host.lib : h264enc_ti_ialg_support.obj (.text:H264ENC_TI_CpyDynamicParamstoHandle)
                  0035a280    000005d8     ce.aem4 : Engine.oem4 (.text:rmsInit)
                  0035a858    000005b8     mpeg4venc_ti_host.lib : mpeg4enc_ti_ialg.obj (.text:MPEG4ENC_TI_control)
                  0035ae10    000005a8     rman.aem4 : rman.oem4 (.text:RMAN_unregister)
                  0035b3b8    0000059a     vc1vdec_ti_host_M3.lib : vc1vdec_ti_ialg.obj (.text:VC1VDEC_TI_control)
                  0035b952    00000002     mpeg4venc_ti_host.lib : mpeg4enc_ti_ialg.obj (.text:MPEG4ENC_TI_Deactivate)
                  0035b954    00000580     ti.grcm.aem4 : RcmServer.oem4 (.text:RcmServer_serverThrFxn_P)
                  0035bed4    0000057c                  : RcmServer.oem4 (.text:RcmServer_workerThrFxn_P)
                  0035c450    00000574     h264enc_ti_host.lib : h264enc_ti_ialgIvahd.obj (.text:H264ENC_TI_init)
                  0035c9c4    0000054c                         : h264enc_ti_ialg_support.obj (.text:H264ENC_TI_ValidateEncodeParams)
                  0035cf10    00000548     hdvicp2.aem4 : iresman_hdvicp2.oem4 (.text:IRESMAN_HDVICP2_freeHandles)
                  0035d458    00000546     h264vdec_ti.lib : h264vdec_ti_ialg.obj (.text:H264VDEC_TI_initObj)
                  0035d99e    00000544     mpeg4vdec_ti_host.lib : mpeg4vdec_ti_control.obj (.text:MPEG4VDEC_TI_Control)
                  0035dee2    00000002                           : mpeg4vdec_ti_ialg.obj (.text:MPEG4VDEC_TI_Activate)
                  0035dee4    00000528     ce.aem4 : Engine.oem4 (.text:Engine_init)
                  0035e40c    0000051d     rman.aem4 : rman.oem4 (.text:RMAN_getResman)
                  0035e929    00000001     --HOLE-- [fill = 0]
                  0035e92a    0000050c     vc1vdec_ti_host_M3.lib : vc1vdec_ti_ialg.obj (.text:VC1VDEC_TI_Update_OutAgs)
                  0035ee36    000004fe     h264vdec_ti.lib : h264vdec_ti_decsupport.obj (.text:H264VDEC_TI_displayPic)
                  0035f334    000004f8     ce.aem4 : Engine.oem4 (.text:Engine_removeAlg)
                  0035f82c    000004f2     ti.srvmgr.omaprpc_smp.aem4 : OmapRpc.oem4 (.text:omapRpcTask)
                  0035fd1e    00000002     mpeg4vdec_ti_host.lib : mpeg4vdec_ti_ialg.obj (.text:MPEG4VDEC_TI_Deactivate)
                  0035fd20    000004ec     h264enc_ti_host.lib : h264enc_ti_process.obj (.text:H264ENC_TI_UpdateCodecParams)
                  0036020c    000004cc     ce.aem4 : Engine.oem4 (.text:Engine_fwriteTrace)
                  003606d8    000004bc     mpeg4vdec_ti_host.lib : mpeg4vdec_ti_decode.obj (.text:MPEG4VDEC_TI_DecodePreProcess)
                  00360b94    00000488     mpeg4venc_ti_host.lib : mpeg4enc_ti_ialg_support.obj (.text:MPEG4ENC_TI_ValidateCreateParams)
                  0036101c    00000480     mpeg4vdec_ti_host.lib : mpeg4vdec_ti_ialg.obj (.text:MPEG4VDEC_TI_Init)
                  0036149c    0000047c     hdvicp2.aem4 : ires_hdvicp2.oem4 (.text:IRES_HDVICP2_constructHandle)
                  00361918    00000470     vc1vdec_ti_host_M3.lib : vc1vdec_ti_ialg.obj (.text:VC1VDEC_TI_init)
                  00361d88    0000046c     mpeg4vdec_ti_host.lib : mpeg4vdec_ti_decode.obj (.text:MPEG4VDEC_TI_AcquireAndConfigureHDVICP2)
                  003621f4    00000468     Algorithm_BIOS.aem4 : Algorithm_BIOS.oem4 (.text:Algorithm_create)
                  0036265c    00000434     ce.aem4 : Engine.oem4 (.text:addEngineToList)
                  00362a90    00000428     dskt2.aem4 : dskt2free.oem4 (.text:DSKT2_freeAlg)
                  00362eb8    000003d8                : dskt2actv.oem4 (.text:DSKT2_activateAlg)
                  00363290    000003d6     mpeg4venc_ti_host.lib : mpeg4enc_ti_ialg_support.obj (.text:MPEG4ENC_TI_ValidateEncodeParams)
                  00363666    00000002     vc1vdec_ti_host_M3.lib : vc1vdec_ti_ialg.obj (.text:VC1VDEC_TI_activate)
                  00363668    000003b4     dskt2.aem4 : dskt2_yield.oem4 (.text:DSKT2_contextAcquire)
                  00363a1c    000003a8     viddec3.aem4 : viddec3.oem4 (.text:VIDDEC3_control)
                  00363dc4    000003a0     videnc2.aem4 : videnc2.oem4 (.text:VIDENC2_control)
                  00364164    000003a0     dskt2.aem4 : dskt2_scratch.oem4 (.text:_DSKT2_init)
                  00364504    00000004     ipc_bios_nomsg.aem4 : Comm_BIOS.oem4 (.text:Comm_init)
                  00364508    0000039c     ipc.aem4 : Ipc.obj (.text:VirtQueue_create)
                  003648a4    00000398     viddec3.aem4 : viddec3.oem4 (.text:VIDDEC3_process)
                  00364c3c    00000384     ipu_pem4.oem4 (.text:CERuntime_init)
                  00364fc0    00000380     rman.aem4 : rman.oem4 (.text:RMAN_exit)
                  00365340    00000372     mpeg4vdec_ti_host.lib : mpeg4vdec_ti_decsupport.obj (.text:MPEG4VDEC_TI_FillDecodedBuf)
                  003656b2    00000368     h264vdec_ti.lib : h264vdec_ti_decsupport.obj (.text:H264VDEC_TI_FillDecodedBuf)
                  00365a1a    00000002     vc1vdec_ti_host_M3.lib : vc1vdec_ti_ialg.obj (.text:VC1VDEC_TI_deactivate)
                  00365a1c    00000364     mpeg4venc_ti_host.lib : mpeg4enc_ti_ialg.obj (.text:MPEG4ENC_TI_init)
                  00365d80    00000360     ce.aem4 : Engine.oem4 (.text:Engine_open)
                  003660e0    00000354     dskt2.aem4 : dskt2_yield.oem4 (.text:DSKT2_contextRelease)
                  00366434    00000004     h264enc_ti_host.lib : h264enc_ti_inbuf_control.obj (.text:H264ENC_TI_GetCaptureBufferCount)
                  00366438    00000354     sysbios.aem4 : BIOS.obj (.text:ti_sysbios_knl_Task_schedule__I)
                  0036678c    00000004     h264enc_ti_host.lib : H264BPEnc_ti_ires.obj (.text:H264ENC_TI_deactivateAllResources)
                  00366790    00000350     ipc.aem4 : Ipc.obj (.text:RPMessage_swiFxn$9)
                  00366ae0    0000034f     mpeg4vdec_ti_host.lib : mpeg4vdec_ti_ires.obj (.text:MPEG4VDEC_TI_getResourceDescriptors)
                  00366e2f    00000001     --HOLE-- [fill = 0]
                  00366e30    0000034c     ti.grcm.aem4 : RcmServer.oem4 (.text:RcmServer_create)
                  0036717c    0000034c     ti.targets.arm.rtsarm.aem4 : System.oem4 (.text:xdc_runtime_System_doPrint__I)
[...]
800564fc  Global_useLinkArbiter                                                   
80056504  VISA_checked                                                            
80056506  ti_sdo_ce_alg_Algorithm_useHeap                                         
80056508  ti_sdo_ce_alg_Algorithm_useCache                                        
8005650c  ti_sdo_ce_alg_Algorithm_MAXGROUPID                                      
80056510  ti_sdo_ce_alg_Algorithm_ipcKey                                          
80056514  ti_sdo_fc_multiProcess                                                  
80056516  ti_sdo_fc_useDNUM                                                       
80056518  ti_sdo_fc_useL3MemoryMap                                                
8005651a  RMAN_numRegistryEntries                                                 
8005651c  RMAN_registryEntries                                                    
80056520  RMAN_registryResmanArgs                                                 
80056524  ti_sdo_fc_rman_RMAN_MAXALGS                                             
80056528  ti_sdo_fc_rman_RMAN_ipcKey                                              
8005652c  ti_sdo_fc_rman_RMAN_setYieldArgs                                        
80056530  ti_sdo_fc_ires_hdvicp_HDVICP2_maxResetDelay                             
80056534  HDVICP2_MAXRESOURCES                                                    
80056538  ti_sdo_fc_ires_hdvicp_HDVICP2_timeoutVal                                
8005653c  _HDVICP2_NUMRESOURCES                                                   
80056540  _HDVICP2_ipcKeyBase                                                     
80056544  ti_sdo_fc_ires_hdvicp_HDVICP2_clearPRCMRegister                         
80056548  ti_sdo_fc_ires_hdvicp_HDVICP2_getYieldArgs                              
8005654c  ti_sdo_fc_ires_hdvicp_HDVICP2_yieldRelease                              
80056550  ti_sdo_fc_ires_hdvicp_HDVICP2_yieldAcquire                              
80056554  ti_sdo_fc_ires_hdvicp_HDVICP2_getHdvicp2Fxn                             
80056558  ti_sdo_fc_ires_hdvicp_HDVICP2_freeHdvicp2Fxn                            
8005655c  ti_sdo_ce_ipc_bios_manageIpc                                            
80056560  Comm_MSGSIZE                                                            
80056564  Comm_NUMMSGS                                                            
80056568  ti_sdo_ce_ipc_bios__Processor_defaultSharedRegionId                     
8005656a  ti_sdo_ce_ipc_bios__Processor_defaultHeapId                             
8005656c  ti_sdo_ce_ipc_bios__Processor_defaultNumMsgs                            
80056570  ti_sdo_ce_ipc_bios__Processor_defaultMsgSize                            
80056574  ti_sdo_ce_ipc_bios__Processor_numCommDescs                              
80056578  DSKT2_cacheWBInvFxn                                                     
8005657c  _DSKT2_ALLOW_EXTERNAL_SCRATCH                                           
80056580  DSKT2_daram0Heap                                                        
80056584  DSKT2_daram1Heap                                                        
80056588  DSKT2_daram2Heap                                                        
8005658c  DSKT2_saram0Heap                                                        
80056590  DSKT2_saram1Heap                                                        
80056594  DSKT2_saram2Heap                                                        
80056598  DSKT2_iprogHeap                                                         
8005659c  DSKT2_eprogHeap                                                         
800565a0  DSKT2_esdataHeap                                                        
800565a4  _DSKT2_heap                                                             
800565a8  ti_sdo_fc_dskt2_DSKT2_disableLazyDeactivate                             
800565ac  Global_traceBufferSize                                                  
800565b0  ti_sdo_ce_osal_Memory_numHeaps                                          
800565b4  __xdc__init__addr                                                       
800565b8  ti_sysbios_timers_dmtimer_Timer_Module_State_0_device__A                
80056720  ti_sysbios_utils_Load_Module__state__V                                  
800567b8  JPEGVENC_TI_IJPEGVENC                                                   
800567e4  JPEGVENC_TI_IRES                                                        
8005680c  JPEGVENC_TI_IALG                                                        
80056848  HDVICP2_PARAMS                                                          
800568d0  ti_sysbios_knl_Swi_Module_State_0_readyQ__A                             
80056950  ti_sysbios_timers_dmtimer_Timer_Module_State_0_intFreqs__A              
800569d0  ti_sysbios_family_shared_vayu_IntXbar_Module_State_0_intXbar__A         
80056a44  ti_sysbios_utils_Load_Module_State_0_taskEnv__A                         
80056ab4  IMPEG4VDEC_PARAMS                                                       
80056b20  ti_sysbios_family_arm_m3_Hwi_Object__table__V                           
80056b80  ti_sysbios_knl_Swi_Object__table__V                                     
80056be0  ti_sysbios_timers_dmtimer_Timer_Object__table__V                        
80056c3c  ti_sdo_ipc_family_vayu_InterruptIpu_Module__state__V                    
80056ce8  _DSKT2_DARAM_SCRATCH_SIZES                                              
80056d38  _DSKT2_SARAM_SCRATCH_SIZES                                              
80056d88  ti_sdo_ipc_family_vayu_NotifySetup_Module__state__V                     
80056dd8  ti_sysbios_family_arm_m3_Hwi_Module_State_0_intAffinity__A              
80056e28  ti_sysbios_family_arm_m3_Hwi_vnvicInitialized                           
80056e6c  ti_sysbios_knl_Task_Module__state__V                                    
80056eb0  ti_sdo_codecs_h264vdec_ce_H264VDEC_codecClassConfig                     
80056ef0  ti_sdo_codecs_jpegvdec_ce_JPEGVDEC_codecClassConfig                     
80056f30  ti_sdo_codecs_mpeg2vdec_ce_MPEG2VDEC_codecClassConfig                   
80056f70  ti_sdo_codecs_mpeg4vdec_ce_MPEG4VDEC_codecClassConfig                   
80056fb0  ti_sdo_codecs_vc1vdec_ce_VC1VDEC_codecClassConfig                       
80056ff0  ti_sysbios_timers_dmtimer_Timer_Module_State_0_handles__A               
80057030  IMPEG4VDEC_TI_DYNAMICPARAMS                                             
80057088  IRESMAN_HDVICP                                                          
800570a8  ti_sysbios_hal_SecondsClock_Module__state__V                            
800570e8  ti_sdo_ce__versionString                                                
800570ec  Engine_ALGCREATEATTRS                                                   
800570f4  Engine_ATTRS                                                            
80057100  Engine_alwaysCollectDspTrace                                            
80057104  Engine_ceDebugDspTraceMask                                              
8005711c  ti_sysbios_family_arm_ducati_GateSmp_Object__table__V                   
80057168  IRESMAN_NULLRES                                                         
80057188  ti_sysbios_family_arm_m3_Hwi_Module__state__V                           
800571ec  H264VDEC_TI_IH264VDEC                                                   
80057218  JPEGVDEC_TI_IJPEGVDEC                                                   
80057244  MPEG2VDEC_TI_IMPEG2VDEC                                                 
80057270  MPEG4ENC_TI_IMPEG4ENC                                                   
8005729c  MPEG4VDEC_TI_IMPEG4VDEC                                                 
800572c8  VC1VDEC_TI_IVC1VDEC                                                     
800572f4  _DSKT2_memTabList                                                       
800572f8  _DSKT2_activeAlg                                                        
800572fc  _DSKT2_lastActiveAlg                                                    
80057300  _DSKT2_scratchShareRefCount                                             
80057304  _DSKT2_createCallbackFxn                                                
80057308  _DSKT2_NumYielded                                                       
8005730c  _DSKT2_yielded                                                          
80057310  _DSKT2_initialized                                                      
80057318  _DSKT2_gate                                                             
80057320  ti_sdo_codecs_h264enc_ce_H264ENC_codecClassConfig                       
8005734c  ti_sdo_codecs_jpegvenc_ce_JPEGVENC_codecClassConfig                     
80057378  ti_sdo_codecs_mpeg4enc_ce_MPEG4ENC_codecClassConfig                     
800573a4  ti_sysbios_knl_Clock_Module__state__V                                   
800573d0  JPEGVDEC_TI_IRES                                                        
800573f8  MPEG2VDEC_TI_IRES                                                       
80057420  MPEG4VDEC_TI_IRES                                                       
80057448  VC1VDEC_TI_IRES                                                         
80057470  ti_sysbios_heaps_HeapBuf_Object__table__V                               
80057498  ti_sysbios_knl_Semaphore_Object__table__V                               
800574c0  H264VDEC_TI_IALG                                                        
800574e4  JPEGVDEC_TI_IALG                                                        
80057508  MPEG2VDEC_TI_IALG                                                       
8005752c  MPEG4ENC_TI_IALG                                                        
80057550  MPEG4VDEC_TI_IALG                                                       
80057574  VC1VDEC_TI_IALG                                                         
800575a4  IRESMAN_HDVICP2_CONSTRUCTFXNS                                           
800575bc  ti_sysbios_BIOS_Module__state__V                                        
800575e0  xdc_runtime_System_Module_State_0_atexitHandlers__A                     
80057604  IRESMAN_TILEDMEMORY                                                     
80057624  ti_deh_Watchdog_Module_State_0_device__A                                
80057644  ti_sdo_ipc_family_vayu_NotifySetup_Module_State_0_numPlugged__A         
80057664  ti_sysbios_knl_Task_Module_StateSmp_smpRunQ__A                          
8005768c  Processor_ATTRS                                                         
800576a0  ti_sysbios_gates_GateMutex_Object__table__V                             
800576bc  ti_sysbios_knl_Swi_Module__state__V                                     
800576d8  ti_sdo_ce_osal_Memory_DEFAULTPARAMS                                     
800576f4  IpcPower_suspendCount                                                   
800576f8  IpcPower_resumeCount                                                    
800576fc  IpcPower_clockFxn                                                       
8005770e  ti_deh_Watchdog_Module_State_0_status__A                                
800577a0  ti_sysbios_family_arm_ducati_smp_Power_Module__state__V                 
800577b8  ti_sysbios_heaps_HeapMem_Object__table__V                               
800577d0  ti_sysbios_xdcruntime_SemThreadSupport_Object__table__V                 
800577e8  ti_trace_SysMin_Module__state__V                                        
8005782d  ti_sdo_ce_osal_bios_Global_CE_CHECK                                     
80057830  RMAN_PARAMS                                                             
80057858  ti_sysbios_family_arm_ducati_Core_Module__state__V                      
8005786c  ti_sysbios_timers_dmtimer_Timer_Module__state__V                        
800578a0  __TI_ft_end                                                             
800578a4  __aeabi_stdin                                                           
800578a8  __aeabi_stdout                                                          
800578ac  __aeabi_stderr                                                          
800578b0  ti_sdo_ce_utils_syscbuf_SysCBuf_Module__state__V                        
800578c0  ti_sysbios_hal_Hwi_Object__table__V                                     
800578d0  xdc_runtime_Diags_dictElems                                             
800578e0  __TI_cleanup_ptr                                                        
800578e4  __TI_dtors_ptr                                                          
800578e8  __TI_enable_exit_profile_output                                         
800578ec  Server_holdingTraceToken                                                
800578f8  _DSKT2_algReferenceCount                                                
800578fc  DSKT2_ALGATTRS                                                          
80057904  Comm_ATTRS                                                              
8005791c  ti_deh_Deh_Module__state__V                                             
80057928  ti_deh_Watchdog_Module__state__V                                        
80057934  ti_sysbios_gates_GateHwi_Object__table__V                               
80057940  ti_sysbios_knl_Task_Module_State_0_smpCurSet__A                         
8005794c  ti_sysbios_knl_Task_Module_State_0_smpReadyQ__A                         
80057962  ti_sdo_utils_MultiProc_Module_State_0_clusterProcList__A                
8005796c  _lock                                                                   
80057970  _unlock                                                                 
8005797c  Engine_config                                                           
80057984  IpcPower_idleCount                                                      
800579a4  ti_deh_StackDbg_Module__state__V                                        
800579ac  ti_sdo_utils_List_Module__root__V                                       
800579b4  ti_sdo_utils_MultiProc_Module__state__V                                 
800579bc  ti_sysbios_family_arm_ducati_GateSmp_Module__root__V                    
800579c4  ti_sysbios_family_arm_m3_Hwi_Module_State_0_excContext__A               
800579cc  ti_sysbios_family_arm_m3_Hwi_Module_State_0_excStack__A                 
800579d4  ti_sysbios_family_arm_m3_Hwi_Module_State_0_intAffinityMasks_0__A       
800579dc  ti_sysbios_family_arm_m3_Hwi_Module_State_0_intAffinityMasks_1__A       
800579e4  ti_sysbios_family_arm_m3_Hwi_Module_State_0_intAffinityMasks__A         
800579ec  ti_sysbios_family_arm_m3_Hwi_Module__root__V                            
800579f4  ti_sysbios_gates_GateHwi_Module__root__V                                
800579fc  ti_sysbios_gates_GateMutexPri_Module__root__V                           
80057a04  ti_sysbios_gates_GateMutex_Module__root__V                              
80057a0c  ti_sysbios_heaps_HeapBuf_Module__root__V                                
80057a14  ti_sysbios_heaps_HeapMem_Module__root__V                                
80057a1c  ti_sysbios_knl_Queue_Module__root__V                                    
80057a24  ti_sysbios_knl_Semaphore_Module__root__V                                
80057a2c  ti_sysbios_knl_Swi_Module__root__V                                      
80057a34  ti_sysbios_knl_Task_Module_StateSmp_sortedRunQ                          
80057a3c  ti_sysbios_knl_Task_Module_State_0_idleTask__A                          
80057a44  ti_sysbios_knl_Task_Module_State_0_smpCurMask__A                        
80057a4c  ti_sysbios_knl_Task_Module_State_0_smpCurTask__A                        
80057a54  ti_sysbios_knl_Task_Module__root__V                                     
80057a5c  ti_sysbios_knl_Task_Module__stateSmp__V                                 
80057a64  ti_sysbios_utils_Load_Module_State_0_runningTask__A                     
80057a6c  ti_sysbios_utils_Load_Module_State_0_taskStartTime__A                   
80057a74  ti_sysbios_xdcruntime_GateProcessSupport_Module__root__V                
80057a7c  ti_sysbios_xdcruntime_GateThreadSupport_Module__root__V                 
80057a84  ti_sysbios_xdcruntime_SemThreadSupport_Module__root__V                  
80057a8c  ti_sysbios_xdcruntime_ThreadSupport_Module__root__V                     
80057ad4  xdc_runtime_LoggerSys_Module__root__V                                   
80057adc  xdc_runtime_LoggerSys_Object__table__V                                  
80057ae4  xdc_runtime_Registry_Module__state__V                                   
80057aec  xdc_runtime_Startup_Module__state__V                                    
80057af4  xdc_runtime_System_Module__state__V                                     
80057afc  xdc_runtime_knl_GateProcess_Module__root__V                             
80057b04  xdc_runtime_knl_GateThread_Module__root__V                              
80057b0c  xdc_runtime_knl_SemThread_Module__root__V                               
80057b14  xdc_runtime_knl_SemThread_Object__table__V                              
80057b1c  xdc_runtime_knl_Thread_Module__root__V                                  
80057b30  errno                                                                   
80057b38  main_func_sp                                                            
80057b44  ti_ipc_remoteproc_Resource_Module__state__V                             
80057b48  ti_sdo_ce_osal_Memory_heapNames                                         
80057b4c  ti_sdo_fc_ires_hdvicp_HDVICP2_CallBackAlg                               
80057b50  ti_sdo_fc_ires_hdvicp_HDVICP2_CallBackArgs                              
80057b54  ti_sdo_fc_ires_hdvicp_HDVICP2_CallBackFxn                               
80057b58  ti_sdo_fc_ires_hdvicp_HDVICP2_interrupts                                
80057b5c  ti_sysbios_family_arm_m3_Hwi_Module_State_0_excActive__A                
80057b60  ti_sysbios_family_shared_vayu_IntXbar_Module__state__V                  
80057b64  ti_sysbios_heaps_HeapBuf_Module__state__V                               
80057b70  xdc_runtime_Memory_Module__state__V                                     
80057b74  ti_sdo_ce_osal_bios_Global_CE_DEBUG                                     
80057b76  ti_sysbios_BIOS_Module_State_0_smpThreadType__A                         
80057b78  xdc_runtime_Error_Module__state__V                                      
80057b7a  xdc_runtime_Registry_Module__root__V                                    
80057b7c  __stack                                                                 
80058b7c  __STACK_END                                                             
80200000  ti_sysbios_heaps_HeapMem_Instance_State_0_buf__A                        
9f000000  ti_trace_SysMin_Module_State_0_outbuf__A                                
9f007ff8  ti_trace_SysMin_Module_State_0_writeidx__A                              
9f007ffc  ti_trace_SysMin_Module_State_0_readidx__A                               
9f060000  ti_deh_Deh_Module_State_0_outbuf__A                                     
9f070000  ti_sysbios_family_arm_ducati_smp_Power_savedContext                     
9f07027c  ti_sysbios_family_arm_ducati_smp_Power_savedRAM                         
e000e000  ti_sysbios_family_arm_m3_Hwi_nvic                                       
ffffffff  __TI_pprof_out_hndl                                                     
ffffffff  __TI_prof_data_size                                                     
ffffffff  __TI_prof_data_start                                                    
ffffffff  __binit__                                                               
ffffffff  __c_args__                                                              
ffffffff  binit                                                                   
UNDEFED   SHT$$INIT_ARRAY$$Base                                                   
UNDEFED   SHT$$INIT_ARRAY$$Limit                                                  

[1876 symbols]
